Archive member included to satisfy reference by file (symbol)

c:/program files (x86)/atollic/truestudio for arm 8.0.0/armtools/bin/../lib/gcc/arm-atollic-eabi/6.3.1/../../../../arm-atollic-eabi/lib/armv6-m\libc_nano.a(lib_a-init.o)
                              startup\startup_stm32f030x6.o (__libc_init_array)
c:/program files (x86)/atollic/truestudio for arm 8.0.0/armtools/bin/../lib/gcc/arm-atollic-eabi/6.3.1/../../../../arm-atollic-eabi/lib/armv6-m\libc_nano.a(lib_a-malloc.o)
                              Src\initialize.o (malloc)
c:/program files (x86)/atollic/truestudio for arm 8.0.0/armtools/bin/../lib/gcc/arm-atollic-eabi/6.3.1/../../../../arm-atollic-eabi/lib/armv6-m\libc_nano.a(lib_a-memcpy-stub.o)
                              Drivers\STM32F0xx_HAL_Driver\Src\stm32f0xx_hal_rcc.o (memcpy)
c:/program files (x86)/atollic/truestudio for arm 8.0.0/armtools/bin/../lib/gcc/arm-atollic-eabi/6.3.1/../../../../arm-atollic-eabi/lib/armv6-m\libc_nano.a(lib_a-memset.o)
                              Src\functions.o (memset)
c:/program files (x86)/atollic/truestudio for arm 8.0.0/armtools/bin/../lib/gcc/arm-atollic-eabi/6.3.1/../../../../arm-atollic-eabi/lib/armv6-m\libc_nano.a(lib_a-nano-freer.o)
                              c:/program files (x86)/atollic/truestudio for arm 8.0.0/armtools/bin/../lib/gcc/arm-atollic-eabi/6.3.1/../../../../arm-atollic-eabi/lib/armv6-m\libc_nano.a(lib_a-malloc.o) (_free_r)
c:/program files (x86)/atollic/truestudio for arm 8.0.0/armtools/bin/../lib/gcc/arm-atollic-eabi/6.3.1/../../../../arm-atollic-eabi/lib/armv6-m\libc_nano.a(lib_a-nano-mallocr.o)
                              c:/program files (x86)/atollic/truestudio for arm 8.0.0/armtools/bin/../lib/gcc/arm-atollic-eabi/6.3.1/../../../../arm-atollic-eabi/lib/armv6-m\libc_nano.a(lib_a-malloc.o) (_malloc_r)
c:/program files (x86)/atollic/truestudio for arm 8.0.0/armtools/bin/../lib/gcc/arm-atollic-eabi/6.3.1/../../../../arm-atollic-eabi/lib/armv6-m\libc_nano.a(lib_a-sbrkr.o)
                              c:/program files (x86)/atollic/truestudio for arm 8.0.0/armtools/bin/../lib/gcc/arm-atollic-eabi/6.3.1/../../../../arm-atollic-eabi/lib/armv6-m\libc_nano.a(lib_a-nano-mallocr.o) (_sbrk_r)
c:/program files (x86)/atollic/truestudio for arm 8.0.0/armtools/bin/../lib/gcc/arm-atollic-eabi/6.3.1/../../../../arm-atollic-eabi/lib/armv6-m\libc_nano.a(lib_a-sprintf.o)
                              Src\dma_comms.o (sprintf)
c:/program files (x86)/atollic/truestudio for arm 8.0.0/armtools/bin/../lib/gcc/arm-atollic-eabi/6.3.1/../../../../arm-atollic-eabi/lib/armv6-m\libc_nano.a(lib_a-strlen.o)
                              Src\initialize.o (strlen)
c:/program files (x86)/atollic/truestudio for arm 8.0.0/armtools/bin/../lib/gcc/arm-atollic-eabi/6.3.1/../../../../arm-atollic-eabi/lib/armv6-m\libc_nano.a(lib_a-impure.o)
                              c:/program files (x86)/atollic/truestudio for arm 8.0.0/armtools/bin/../lib/gcc/arm-atollic-eabi/6.3.1/../../../../arm-atollic-eabi/lib/armv6-m\libc_nano.a(lib_a-malloc.o) (_impure_ptr)
c:/program files (x86)/atollic/truestudio for arm 8.0.0/armtools/bin/../lib/gcc/arm-atollic-eabi/6.3.1/../../../../arm-atollic-eabi/lib/armv6-m\libc_nano.a(lib_a-mlock.o)
                              c:/program files (x86)/atollic/truestudio for arm 8.0.0/armtools/bin/../lib/gcc/arm-atollic-eabi/6.3.1/../../../../arm-atollic-eabi/lib/armv6-m\libc_nano.a(lib_a-nano-freer.o) (__malloc_lock)
c:/program files (x86)/atollic/truestudio for arm 8.0.0/armtools/bin/../lib/gcc/arm-atollic-eabi/6.3.1/../../../../arm-atollic-eabi/lib/armv6-m\libc_nano.a(lib_a-nano-svfprintf.o)
                              c:/program files (x86)/atollic/truestudio for arm 8.0.0/armtools/bin/../lib/gcc/arm-atollic-eabi/6.3.1/../../../../arm-atollic-eabi/lib/armv6-m\libc_nano.a(lib_a-sprintf.o) (_svfprintf_r)
c:/program files (x86)/atollic/truestudio for arm 8.0.0/armtools/bin/../lib/gcc/arm-atollic-eabi/6.3.1/../../../../arm-atollic-eabi/lib/armv6-m\libc_nano.a(lib_a-nano-vfprintf_i.o)
                              c:/program files (x86)/atollic/truestudio for arm 8.0.0/armtools/bin/../lib/gcc/arm-atollic-eabi/6.3.1/../../../../arm-atollic-eabi/lib/armv6-m\libc_nano.a(lib_a-nano-svfprintf.o) (_printf_i)
c:/program files (x86)/atollic/truestudio for arm 8.0.0/armtools/bin/../lib/gcc/arm-atollic-eabi/6.3.1/../../../../arm-atollic-eabi/lib/armv6-m\libc_nano.a(lib_a-reent.o)
                              c:/program files (x86)/atollic/truestudio for arm 8.0.0/armtools/bin/../lib/gcc/arm-atollic-eabi/6.3.1/../../../../arm-atollic-eabi/lib/armv6-m\libc_nano.a(lib_a-sbrkr.o) (errno)
c:/program files (x86)/atollic/truestudio for arm 8.0.0/armtools/bin/../lib/gcc/arm-atollic-eabi/6.3.1/../../../../arm-atollic-eabi/lib/armv6-m\libc_nano.a(lib_a-memchr-stub.o)
[...]
Memory Configuration

Name             Origin             Length             Attributes
RAM              0x20000000         0x00001000         xrw
FLASH            0x08000000         0x00008000         xr
*default*        0x00000000         0xffffffff

Linker script and memory map

LOAD c:/program files (x86)/atollic/truestudio for arm 8.0.0/armtools/bin/../lib/gcc/arm-atollic-eabi/6.3.1/armv6-m/crti.o
LOAD c:/program files (x86)/atollic/truestudio for arm 8.0.0/armtools/bin/../lib/gcc/arm-atollic-eabi/6.3.1/armv6-m/crtbegin.o
LOAD Drivers\STM32F0xx_HAL_Driver\Src\stm32f0xx_hal.o
LOAD Drivers\STM32F0xx_HAL_Driver\Src\stm32f0xx_hal_adc.o
LOAD Drivers\STM32F0xx_HAL_Driver\Src\stm32f0xx_hal_adc_ex.o
LOAD Drivers\STM32F0xx_HAL_Driver\Src\stm32f0xx_hal_cortex.o
LOAD Drivers\STM32F0xx_HAL_Driver\Src\stm32f0xx_hal_dma.o
LOAD Drivers\STM32F0xx_HAL_Driver\Src\stm32f0xx_hal_flash.o
LOAD Drivers\STM32F0xx_HAL_Driver\Src\stm32f0xx_hal_flash_ex.o
LOAD Drivers\STM32F0xx_HAL_Driver\Src\stm32f0xx_hal_gpio.o
LOAD Drivers\STM32F0xx_HAL_Driver\Src\stm32f0xx_hal_i2c.o
LOAD Drivers\STM32F0xx_HAL_Driver\Src\stm32f0xx_hal_i2c_ex.o
LOAD Drivers\STM32F0xx_HAL_Driver\Src\stm32f0xx_hal_pwr.o
LOAD Drivers\STM32F0xx_HAL_Driver\Src\stm32f0xx_hal_pwr_ex.o
LOAD Drivers\STM32F0xx_HAL_Driver\Src\stm32f0xx_hal_rcc.o
LOAD Drivers\STM32F0xx_HAL_Driver\Src\stm32f0xx_hal_rcc_ex.o
LOAD Drivers\STM32F0xx_HAL_Driver\Src\stm32f0xx_hal_tim.o
LOAD Drivers\STM32F0xx_HAL_Driver\Src\stm32f0xx_hal_tim_ex.o
LOAD Drivers\STM32F0xx_HAL_Driver\Src\stm32f0xx_hal_uart.o
LOAD Drivers\STM32F0xx_HAL_Driver\Src\stm32f0xx_hal_uart_ex.o
LOAD Src\dma_comms.o
LOAD Src\functions.o
LOAD Src\initialize.o
LOAD Src\main.o
LOAD Src\stm32f0xx_hal_msp.o
LOAD Src\stm32f0xx_it.o
LOAD Src\system_stm32f0xx.o
LOAD Src\uart_comms.o
LOAD Src\user_main.o
LOAD Src\variables.o
LOAD startup\startup_stm32f030x6.o
                0x00000080                malloc_getpagesize_P = 0x80
START GROUP
LOAD c:/program files (x86)/atollic/truestudio for arm 8.0.0/armtools/bin/../lib/gcc/arm-atollic-eabi/6.3.1/../../../../arm-atollic-eabi/lib/armv6-m\libc_nano.a
LOAD c:/program files (x86)/atollic/truestudio for arm 8.0.0/armtools/bin/../lib/gcc/arm-atollic-eabi/6.3.1/../../../../arm-atollic-eabi/lib/armv6-m\libm.a
END GROUP
START GROUP
LOAD c:/program files (x86)/atollic/truestudio for arm 8.0.0/armtools/bin/../lib/gcc/arm-atollic-eabi/6.3.1/armv6-m\libgcc.a
LOAD c:/program files (x86)/atollic/truestudio for arm 8.0.0/armtools/bin/../lib/gcc/arm-atollic-eabi/6.3.1/../../../../arm-atollic-eabi/lib/armv6-m\libc_nano.a
END GROUP
START GROUP
LOAD c:/program files (x86)/atollic/truestudio for arm 8.0.0/armtools/bin/../lib/gcc/arm-atollic-eabi/6.3.1/armv6-m\libgcc.a
LOAD c:/program files (x86)/atollic/truestudio for arm 8.0.0/armtools/bin/../lib/gcc/arm-atollic-eabi/6.3.1/../../../../arm-atollic-eabi/lib/armv6-m\libc_nano.a
LOAD c:/program files (x86)/atollic/truestudio for arm 8.0.0/armtools/bin/../lib/gcc/arm-atollic-eabi/6.3.1/../../../../arm-atollic-eabi/lib/armv6-m\libnosys.a
END GROUP
START GROUP
LOAD c:/program files (x86)/atollic/truestudio for arm 8.0.0/armtools/bin/../lib/gcc/arm-atollic-eabi/6.3.1/armv6-m\libgcc.a
LOAD c:/program files (x86)/atollic/truestudio for arm 8.0.0/armtools/bin/../lib/gcc/arm-atollic-eabi/6.3.1/../../../../arm-atollic-eabi/lib/armv6-m\libc_nano.a
LOAD c:/program files (x86)/atollic/truestudio for arm 8.0.0/armtools/bin/../lib/gcc/arm-atollic-eabi/6.3.1/../../../../arm-atollic-eabi/lib/armv6-m\libnosys.a
END GROUP
LOAD c:/program files (x86)/atollic/truestudio for arm 8.0.0/armtools/bin/../lib/gcc/arm-atollic-eabi/6.3.1/armv6-m/crtend.o
LOAD c:/program files (x86)/atollic/truestudio for arm 8.0.0/armtools/bin/../lib/gcc/arm-atollic-eabi/6.3.1/armv6-m/crtn.o
                0x20001000                _estack = 0x20001000
                0x00000200                _Min_Heap_Size = 0x200
                0x00000400                _Min_Stack_Size = 0x400

.isr_vector     0x08000000       0xc0
                0x08000000                . = ALIGN (0x4)
 *(.isr_vector)
 .isr_vector    0x08000000       0xc0 startup\startup_stm32f030x6.o
                0x08000000                g_pfnVectors
                0x080000c0                . = ALIGN (0x4)

.text           0x080000c0     0x2d20
                0x080000c0                . = ALIGN (0x4)
 *(.text)
 .text          0x080000c0       0x48 c:/program files (x86)/atollic/truestudio for arm 8.0.0/armtools/bin/../lib/gcc/arm-atollic-eabi/6.3.1/armv6-m/crtbegin.o
 .text          0x08000108        0xe c:/program files (x86)/atollic/truestudio for arm 8.0.0/armtools/bin/../lib/gcc/arm-atollic-eabi/6.3.1/../../../../arm-atollic-eabi/lib/armv6-m\libc_nano.a(lib_a-strlen.o)
                0x08000108                strlen
 *fill*         0x08000116        0x2 
 .text          0x08000118       0x14 c:/program files (x86)/atollic/truestudio for arm 8.0.0/armtools/bin/../lib/gcc/arm-atollic-eabi/6.3.1/armv6-m\libgcc.a(_thumb1_case_uqi.o)
                0x08000118                __gnu_thumb1_case_uqi
 .text          0x0800012c      0x114 c:/program files (x86)/atollic/truestudio for arm 8.0.0/armtools/bin/../lib/gcc/arm-atollic-eabi/6.3.1/armv6-m\libgcc.a(_udivsi3.o)
                0x0800012c                __aeabi_uidiv
                0x0800012c                __udivsi3
                0x08000238                __aeabi_uidivmod
 .text          0x08000240        0x4 c:/program files (x86)/atollic/truestudio for arm 8.0.0/armtools/bin/../lib/gcc/arm-atollic-eabi/6.3.1/armv6-m\libgcc.a(_dvmd_tls.o)
                0x08000240                __aeabi_idiv0
                0x08000240                __aeabi_ldiv0
 *(.text*)
 .text.HAL_InitTick
                0x08000244       0x24 Drivers\STM32F0xx_HAL_Driver\Src\stm32f0xx_hal.o
                0x08000244                HAL_InitTick
 .text.HAL_Init
                0x08000268       0x20 Drivers\STM32F0xx_HAL_Driver\Src\stm32f0xx_hal.o
                0x08000268                HAL_Init
 .text.HAL_IncTick
                0x08000288       0x10 Drivers\STM32F0xx_HAL_Driver\Src\stm32f0xx_hal.o
                0x08000288                HAL_IncTick
 .text.HAL_GetTick
                0x08000298        0xc Drivers\STM32F0xx_HAL_Driver\Src\stm32f0xx_hal.o
                0x08000298                HAL_GetTick
 .text.ADC_Enable
                0x080002a4       0x98 Drivers\STM32F0xx_HAL_Driver\Src\stm32f0xx_hal_adc.o
 .text.HAL_ADC_Init
                0x0800033c      0x14c Drivers\STM32F0xx_HAL_Driver\Src\stm32f0xx_hal_adc.o
                0x0800033c                HAL_ADC_Init
 .text.HAL_ADC_Start_DMA
                0x08000488       0x94 Drivers\STM32F0xx_HAL_Driver\Src\stm32f0xx_hal_adc.o
                0x08000488                HAL_ADC_Start_DMA
 .text.HAL_ADC_ConvCpltCallback
                0x0800051c        0x2 Drivers\STM32F0xx_HAL_Driver\Src\stm32f0xx_hal_adc.o
                0x0800051c                HAL_ADC_ConvCpltCallback
 *fill*         0x0800051e        0x2 
 .text.ADC_DMAConvCplt
                0x08000520       0x70 Drivers\STM32F0xx_HAL_Driver\Src\stm32f0xx_hal_adc.o
 .text.HAL_ADC_ConvHalfCpltCallback
                0x08000590        0x2 Drivers\STM32F0xx_HAL_Driver\Src\stm32f0xx_hal_adc.o
                0x08000590                HAL_ADC_ConvHalfCpltCallback
 .text.ADC_DMAHalfConvCplt
                0x08000592        0xa Drivers\STM32F0xx_HAL_Driver\Src\stm32f0xx_hal_adc.o
 .text.HAL_ADC_ErrorCallback
                0x0800059c        0x2 Drivers\STM32F0xx_HAL_Driver\Src\stm32f0xx_hal_adc.o
                0x0800059c                HAL_ADC_ErrorCallback
 .text.ADC_DMAError
                0x0800059e       0x1a Drivers\STM32F0xx_HAL_Driver\Src\stm32f0xx_hal_adc.o
 .text.HAL_ADC_ConfigChannel
                0x080005b8       0xec Drivers\STM32F0xx_HAL_Driver\Src\stm32f0xx_hal_adc.o
                0x080005b8                HAL_ADC_ConfigChannel
 .text.HAL_ADCEx_Calibration_Start
                0x080006a4       0xa8 Drivers\STM32F0xx_HAL_Driver\Src\stm32f0xx_hal_adc_ex.o
                0x080006a4                HAL_ADCEx_Calibration_Start
 .text.HAL_NVIC_SetPriority
                0x0800074c       0x60 Drivers\STM32F0xx_HAL_Driver\Src\stm32f0xx_hal_cortex.o
                0x0800074c                HAL_NVIC_SetPriority
 .text.HAL_NVIC_EnableIRQ
                0x080007ac       0x14 Drivers\STM32F0xx_HAL_Driver\Src\stm32f0xx_hal_cortex.o
                0x080007ac                HAL_NVIC_EnableIRQ
 .text.HAL_SYSTICK_Config
                0x080007c0       0x34 Drivers\STM32F0xx_HAL_Driver\Src\stm32f0xx_hal_cortex.o
                0x080007c0                HAL_SYSTICK_Config
 .text.HAL_SYSTICK_CLKSourceConfig
                0x080007f4       0x1c Drivers\STM32F0xx_HAL_Driver\Src\stm32f0xx_hal_cortex.o
                0x080007f4                HAL_SYSTICK_CLKSourceConfig
 .text.HAL_SYSTICK_Callback
                0x08000810        0x2 Drivers\STM32F0xx_HAL_Driver\Src\stm32f0xx_hal_cortex.o
                0x08000810                HAL_SYSTICK_Callback
 .text.HAL_SYSTICK_IRQHandler
                0x08000812        0x8 Drivers\STM32F0xx_HAL_Driver\Src\stm32f0xx_hal_cortex.o
                0x08000812                HAL_SYSTICK_IRQHandler
 *fill*         0x0800081a        0x2 
 .text.HAL_DMA_Init
                0x0800081c       0x6c Drivers\STM32F0xx_HAL_Driver\Src\stm32f0xx_hal_dma.o
                0x0800081c                HAL_DMA_Init
 .text.HAL_DMA_Start_IT
                0x08000888       0x76 Drivers\STM32F0xx_HAL_Driver\Src\stm32f0xx_hal_dma.o
                0x08000888                HAL_DMA_Start_IT
 .text.HAL_DMA_Abort_IT
                0x080008fe       0x46 Drivers\STM32F0xx_HAL_Driver\Src\stm32f0xx_hal_dma.o
                0x080008fe                HAL_DMA_Abort_IT
 .text.HAL_DMA_IRQHandler
                0x08000944       0x92 Drivers\STM32F0xx_HAL_Driver\Src\stm32f0xx_hal_dma.o
                0x08000944                HAL_DMA_IRQHandler
 *fill*         0x080009d6        0x2 
 .text.HAL_GPIO_Init
                0x080009d8      0x160 Drivers\STM32F0xx_HAL_Driver\Src\stm32f0xx_hal_gpio.o
                0x080009d8                HAL_GPIO_Init
 .text.HAL_GPIO_WritePin
                0x08000b38        0xc Drivers\STM32F0xx_HAL_Driver\Src\stm32f0xx_hal_gpio.o
                0x08000b38                HAL_GPIO_WritePin
 .text.HAL_GPIO_EXTI_IRQHandler
                0x08000b44       0x18 Drivers\STM32F0xx_HAL_Driver\Src\stm32f0xx_hal_gpio.o
                0x08000b44                HAL_GPIO_EXTI_IRQHandler
 .text.HAL_RCC_OscConfig
                0x08000b5c      0x3c4 Drivers\STM32F0xx_HAL_Driver\Src\stm32f0xx_hal_rcc.o
                0x08000b5c                HAL_RCC_OscConfig
 .text.HAL_RCC_GetSysClockFreq
                0x08000f20       0x64 Drivers\STM32F0xx_HAL_Driver\Src\stm32f0xx_hal_rcc.o
                0x08000f20                HAL_RCC_GetSysClockFreq
 .text.HAL_RCC_ClockConfig
                0x08000f84      0x12c Drivers\STM32F0xx_HAL_Driver\Src\stm32f0xx_hal_rcc.o
                0x08000f84                HAL_RCC_ClockConfig
 .text.HAL_RCC_GetHCLKFreq
                0x080010b0        0xc Drivers\STM32F0xx_HAL_Driver\Src\stm32f0xx_hal_rcc.o
                0x080010b0                HAL_RCC_GetHCLKFreq
 .text.HAL_RCC_GetPCLK1Freq
                0x080010bc       0x20 Drivers\STM32F0xx_HAL_Driver\Src\stm32f0xx_hal_rcc.o
                0x080010bc                HAL_RCC_GetPCLK1Freq
 .text.HAL_RCCEx_PeriphCLKConfig
                0x080010dc      0x108 Drivers\STM32F0xx_HAL_Driver\Src\stm32f0xx_hal_rcc_ex.o
                0x080010dc                HAL_RCCEx_PeriphCLKConfig
 .text.TIM_OC1_SetConfig
                0x080011e4       0x78 Drivers\STM32F0xx_HAL_Driver\Src\stm32f0xx_hal_tim.o
 .text.TIM_OC3_SetConfig
                0x0800125c       0x80 Drivers\STM32F0xx_HAL_Driver\Src\stm32f0xx_hal_tim.o
 .text.TIM_OC4_SetConfig
                0x080012dc       0x68 Drivers\STM32F0xx_HAL_Driver\Src\stm32f0xx_hal_tim.o
 .text.HAL_TIM_Base_Start_IT
                0x08001344       0x14 Drivers\STM32F0xx_HAL_Driver\Src\stm32f0xx_hal_tim.o
                0x08001344                HAL_TIM_Base_Start_IT
 .text.HAL_TIM_TriggerCallback
                0x08001358        0x2 Drivers\STM32F0xx_HAL_Driver\Src\stm32f0xx_hal_tim.o
                0x08001358                HAL_TIM_TriggerCallback
 .text.HAL_TIM_IRQHandler
                0x0800135a      0x148 Drivers\STM32F0xx_HAL_Driver\Src\stm32f0xx_hal_tim.o
                0x0800135a                HAL_TIM_IRQHandler
 *fill*         0x080014a2        0x2 
 .text.TIM_Base_SetConfig
                0x080014a4       0x80 Drivers\STM32F0xx_HAL_Driver\Src\stm32f0xx_hal_tim.o
                0x080014a4                TIM_Base_SetConfig
 .text.HAL_TIM_Base_Init
                0x08001524       0x36 Drivers\STM32F0xx_HAL_Driver\Src\stm32f0xx_hal_tim.o
                0x08001524                HAL_TIM_Base_Init
 .text.HAL_TIM_PWM_Init
                0x0800155a       0x36 Drivers\STM32F0xx_HAL_Driver\Src\stm32f0xx_hal_tim.o
                0x0800155a                HAL_TIM_PWM_Init
 .text.TIM_OC2_SetConfig
                0x08001590       0x78 Drivers\STM32F0xx_HAL_Driver\Src\stm32f0xx_hal_tim.o
                0x08001590                TIM_OC2_SetConfig
 .text.HAL_TIM_PWM_ConfigChannel
                0x08001608       0xd4 Drivers\STM32F0xx_HAL_Driver\Src\stm32f0xx_hal_tim.o
                0x08001608                HAL_TIM_PWM_ConfigChannel
 .text.TIM_CCxChannelCmd
                0x080016dc       0x16 Drivers\STM32F0xx_HAL_Driver\Src\stm32f0xx_hal_tim.o
                0x080016dc                TIM_CCxChannelCmd
 *fill*         0x080016f2        0x2 
 .text.HAL_TIM_PWM_Start_IT
                0x080016f4       0x7c Drivers\STM32F0xx_HAL_Driver\Src\stm32f0xx_hal_tim.o
                0x080016f4                HAL_TIM_PWM_Start_IT
 .text.HAL_TIMEx_MasterConfigSynchronization
                0x08001770       0x42 Drivers\STM32F0xx_HAL_Driver\Src\stm32f0xx_hal_tim_ex.o
                0x08001770                HAL_TIMEx_MasterConfigSynchronization
 .text.HAL_TIMEx_CommutationCallback
                0x080017b2        0x2 Drivers\STM32F0xx_HAL_Driver\Src\stm32f0xx_hal_tim_ex.o
                0x080017b2                HAL_TIMEx_CommutationCallback
 .text.HAL_TIMEx_BreakCallback
                0x080017b4        0x2 Drivers\STM32F0xx_HAL_Driver\Src\stm32f0xx_hal_tim_ex.o
                0x080017b4                HAL_TIMEx_BreakCallback
 *fill*         0x080017b6        0x2 
 .text.UART_EndRxTransfer
                0x080017b8       0x20 Drivers\STM32F0xx_HAL_Driver\Src\stm32f0xx_hal_uart.o
 .text.HAL_UART_Receive_IT
                0x080017d8       0x94 Drivers\STM32F0xx_HAL_Driver\Src\stm32f0xx_hal_uart.o
                0x080017d8                HAL_UART_Receive_IT
 .text.HAL_UART_ErrorCallback
                0x0800186c        0x2 Drivers\STM32F0xx_HAL_Driver\Src\stm32f0xx_hal_uart.o
                0x0800186c                HAL_UART_ErrorCallback
 .text.UART_DMAAbortOnError
                0x0800186e       0x16 Drivers\STM32F0xx_HAL_Driver\Src\stm32f0xx_hal_uart.o
 .text.UART_SetConfig
                0x08001884      0x108 Drivers\STM32F0xx_HAL_Driver\Src\stm32f0xx_hal_uart.o
                0x08001884                UART_SetConfig
 .text.UART_AdvFeatureConfig
                0x0800198c       0xd0 Drivers\STM32F0xx_HAL_Driver\Src\stm32f0xx_hal_uart.o
                0x0800198c                UART_AdvFeatureConfig
 .text.HAL_UART_Init
                0x08001a5c       0x78 Drivers\STM32F0xx_HAL_Driver\Src\stm32f0xx_hal_uart.o
                0x08001a5c                HAL_UART_Init
 .text.UART_Transmit_IT
                0x08001ad4       0x64 Drivers\STM32F0xx_HAL_Driver\Src\stm32f0xx_hal_uart.o
                0x08001ad4                UART_Transmit_IT
 .text.UART_EndTransmit_IT
                0x08001b38       0x1c Drivers\STM32F0xx_HAL_Driver\Src\stm32f0xx_hal_uart.o
                0x08001b38                UART_EndTransmit_IT
 .text.UART_Receive_IT
                0x08001b54       0x7c Drivers\STM32F0xx_HAL_Driver\Src\stm32f0xx_hal_uart.o
                0x08001b54                UART_Receive_IT
 .text.HAL_UART_IRQHandler
                0x08001bd0      0x118 Drivers\STM32F0xx_HAL_Driver\Src\stm32f0xx_hal_uart.o
                0x08001bd0                HAL_UART_IRQHandler
 .text.HAL_UART_RxCpltCallback
                0x08001ce8        0xc Src\functions.o
                0x08001ce8                HAL_UART_RxCpltCallback
 .text.HAL_GPIO_EXTI_Callback
                0x08001cf4        0xc Src\functions.o
                0x08001cf4                HAL_GPIO_EXTI_Callback
 .text.HAL_TIM_PeriodElapsedCallback
                0x08001d00       0x3c Src\functions.o
                0x08001d00                HAL_TIM_PeriodElapsedCallback
 .text.HAL_TIM_OC_DelayElapsedCallback
                0x08001d3c        0xc Src\functions.o
                0x08001d3c                HAL_TIM_OC_DelayElapsedCallback
 .text.HAL_TIM_IC_CaptureCallback
                0x08001d48        0xc Src\functions.o
                0x08001d48                HAL_TIM_IC_CaptureCallback
 .text.HAL_TIM_PWM_PulseFinishedCallback
                0x08001d54        0xc Src\functions.o
                0x08001d54                HAL_TIM_PWM_PulseFinishedCallback
 .text.HAL_UART_TxCpltCallback
                0x08001d60       0x2c Src\functions.o
                0x08001d60                HAL_UART_TxCpltCallback
 .text.startPeripherals
                0x08001d8c       0x68 Src\initialize.o
                0x08001d8c                startPeripherals
 .text.init_variables
                0x08001df4      0x108 Src\initialize.o
                0x08001df4                init_variables
 .text.SystemClock_Config
                0x08001efc       0x7e Src\main.o
                0x08001efc                SystemClock_Config
 *fill*         0x08001f7a        0x2 
 .text.startup.main
                0x08001f7c      0x214 Src\main.o
                0x08001f7c                main
 .text._Error_Handler
                0x08002190        0x2 Src\main.o
                0x08002190                _Error_Handler
 *fill*         0x08002192        0x2 
 .text.HAL_MspInit
                0x08002194       0x3c Src\stm32f0xx_hal_msp.o
                0x08002194                HAL_MspInit
 .text.HAL_ADC_MspInit
                0x080021d0       0x88 Src\stm32f0xx_hal_msp.o
                0x080021d0                HAL_ADC_MspInit
 .text.HAL_TIM_PWM_MspInit
                0x08002258       0x38 Src\stm32f0xx_hal_msp.o
                0x08002258                HAL_TIM_PWM_MspInit
 .text.HAL_TIM_Base_MspInit
                0x08002290       0x64 Src\stm32f0xx_hal_msp.o
                0x08002290                HAL_TIM_Base_MspInit
 .text.HAL_TIM_MspPostInit
                0x080022f4       0x30 Src\stm32f0xx_hal_msp.o
                0x080022f4                HAL_TIM_MspPostInit
 .text.HAL_UART_MspInit
                0x08002324       0xa0 Src\stm32f0xx_hal_msp.o
                0x08002324                HAL_UART_MspInit
 .text.NMI_Handler
                0x080023c4        0x2 Src\stm32f0xx_it.o
                0x080023c4                NMI_Handler
 .text.HardFault_Handler
                0x080023c6        0x2 Src\stm32f0xx_it.o
                0x080023c6                HardFault_Handler
 .text.SVC_Handler
                0x080023c8        0x2 Src\stm32f0xx_it.o
                0x080023c8                SVC_Handler
 .text.PendSV_Handler
                0x080023ca        0x2 Src\stm32f0xx_it.o
                0x080023ca                PendSV_Handler
 .text.SysTick_Handler
                0x080023cc        0xc Src\stm32f0xx_it.o
                0x080023cc                SysTick_Handler
 .text.EXTI4_15_IRQHandler
                0x080023d8        0xa Src\stm32f0xx_it.o
                0x080023d8                EXTI4_15_IRQHandler
 *fill*         0x080023e2        0x2 
 .text.DMA1_Channel1_IRQHandler
                0x080023e4       0x10 Src\stm32f0xx_it.o
                0x080023e4                DMA1_Channel1_IRQHandler
 .text.DMA1_Channel2_3_IRQHandler
                0x080023f4       0x10 Src\stm32f0xx_it.o
                0x080023f4                DMA1_Channel2_3_IRQHandler
 .text.TIM3_IRQHandler
                0x08002404       0x10 Src\stm32f0xx_it.o
                0x08002404                TIM3_IRQHandler
 .text.TIM14_IRQHandler
                0x08002414       0x10 Src\stm32f0xx_it.o
                0x08002414                TIM14_IRQHandler
 .text.TIM16_IRQHandler
                0x08002424       0x10 Src\stm32f0xx_it.o
                0x08002424                TIM16_IRQHandler
 .text.USART1_IRQHandler
                0x08002434       0x10 Src\stm32f0xx_it.o
                0x08002434                USART1_IRQHandler
 .text.SystemInit
                0x08002444       0x60 Src\system_stm32f0xx.o
                0x08002444                SystemInit
 .text.Reset_Handler
                0x080024a4       0x50 startup\startup_stm32f030x6.o
                0x080024a4                Reset_Handler
 .text.Default_Handler
                0x080024f4        0x2 startup\startup_stm32f030x6.o
                0x080024f4                TIM1_CC_IRQHandler
                0x080024f4                I2C1_IRQHandler
                0x080024f4                SPI1_IRQHandler
                0x080024f4                EXTI2_3_IRQHandler
                0x080024f4                ADC1_IRQHandler
                0x080024f4                TIM17_IRQHandler
                0x080024f4                RTC_IRQHandler
                0x080024f4                RCC_IRQHandler
                0x080024f4                Default_Handler
                0x080024f4                DMA1_Channel4_5_IRQHandler
                0x080024f4                EXTI0_1_IRQHandler
                0x080024f4                WWDG_IRQHandler
                0x080024f4                FLASH_IRQHandler
                0x080024f4                TIM1_BRK_UP_TRG_COM_IRQHandler
 *fill*         0x080024f6        0x2 
 .text.__libc_init_array
                0x080024f8       0x48 c:/program files (x86)/atollic/truestudio for arm 8.0.0/armtools/bin/../lib/gcc/arm-atollic-eabi/6.3.1/../../../../arm-atollic-eabi/lib/armv6-m\libc_nano.a(lib_a-init.o)
                0x080024f8                __libc_init_array
 .text.malloc   0x08002540       0x14 c:/program files (x86)/atollic/truestudio for arm 8.0.0/armtools/bin/../lib/gcc/arm-atollic-eabi/6.3.1/../../../../arm-atollic-eabi/lib/armv6-m\libc_nano.a(lib_a-malloc.o)
                0x08002540                malloc
 .text.memcpy   0x08002554       0x12 c:/program files (x86)/atollic/truestudio for arm 8.0.0/armtools/bin/../lib/gcc/arm-atollic-eabi/6.3.1/../../../../arm-atollic-eabi/lib/armv6-m\libc_nano.a(lib_a-memcpy-stub.o)
                0x08002554                memcpy
 .text.memset   0x08002566       0x10 c:/program files (x86)/atollic/truestudio for arm 8.0.0/armtools/bin/../lib/gcc/arm-atollic-eabi/6.3.1/../../../../arm-atollic-eabi/lib/armv6-m\libc_nano.a(lib_a-memset.o)
                0x08002566                memset
 *fill*         0x08002576        0x2 
 .text._free_r  0x08002578       0x94 c:/program files (x86)/atollic/truestudio for arm 8.0.0/armtools/bin/../lib/gcc/arm-atollic-eabi/6.3.1/../../../../arm-atollic-eabi/lib/armv6-m\libc_nano.a(lib_a-nano-freer.o)
                0x08002578                _free_r
 .text._malloc_r
                0x0800260c       0xbc c:/program files (x86)/atollic/truestudio for arm 8.0.0/armtools/bin/../lib/gcc/arm-atollic-eabi/6.3.1/../../../../arm-atollic-eabi/lib/armv6-m\libc_nano.a(lib_a-nano-mallocr.o)
                0x0800260c                _malloc_r
 .text._sbrk_r  0x080026c8       0x24 c:/program files (x86)/atollic/truestudio for arm 8.0.0/armtools/bin/../lib/gcc/arm-atollic-eabi/6.3.1/../../../../arm-atollic-eabi/lib/armv6-m\libc_nano.a(lib_a-sbrkr.o)
                0x080026c8                _sbrk_r
 .text.sprintf  0x080026ec       0x44 c:/program files (x86)/atollic/truestudio for arm 8.0.0/armtools/bin/../lib/gcc/arm-atollic-eabi/6.3.1/../../../../arm-atollic-eabi/lib/armv6-m\libc_nano.a(lib_a-sprintf.o)
                0x080026ec                siprintf
                0x080026ec                sprintf
 .text.__malloc_lock
                0x08002730        0x2 c:/program files (x86)/atollic/truestudio for arm 8.0.0/armtools/bin/../lib/gcc/arm-atollic-eabi/6.3.1/../../../../arm-atollic-eabi/lib/armv6-m\libc_nano.a(lib_a-mlock.o)
                0x08002730                __malloc_lock
 .text.__malloc_unlock
                0x08002732        0x2 c:/program files (x86)/atollic/truestudio for arm 8.0.0/armtools/bin/../lib/gcc/arm-atollic-eabi/6.3.1/../../../../arm-atollic-eabi/lib/armv6-m\libc_nano.a(lib_a-mlock.o)
                0x08002732                __malloc_unlock
 .text.__ssputs_r
                0x08002734       0xc4 c:/program files (x86)/atollic/truestudio for arm 8.0.0/armtools/bin/../lib/gcc/arm-atollic-eabi/6.3.1/../../../../arm-atollic-eabi/lib/armv6-m\libc_nano.a(lib_a-nano-svfprintf.o)
                0x08002734                __ssputs_r
 .text._svfprintf_r
                0x080027f8      0x208 c:/program files (x86)/atollic/truestudio for arm 8.0.0/armtools/bin/../lib/gcc/arm-atollic-eabi/6.3.1/../../../../arm-atollic-eabi/lib/armv6-m\libc_nano.a(lib_a-nano-svfprintf.o)
                0x080027f8                _svfiprintf_r
                0x080027f8                _svfprintf_r
 .text._printf_common
                0x08002a00       0xda c:/program files (x86)/atollic/truestudio for arm 8.0.0/armtools/bin/../lib/gcc/arm-atollic-eabi/6.3.1/../../../../arm-atollic-eabi/lib/armv6-m\libc_nano.a(lib_a-nano-vfprintf_i.o)
                0x08002a00                _printf_common
 *fill*         0x08002ada        0x2 
 .text._printf_i
                0x08002adc      0x234 c:/program files (x86)/atollic/truestudio for arm 8.0.0/armtools/bin/../lib/gcc/arm-atollic-eabi/6.3.1/../../../../arm-atollic-eabi/lib/armv6-m\libc_nano.a(lib_a-nano-vfprintf_i.o)
                0x08002adc                _printf_i
 .text.memchr   0x08002d10       0x16 c:/program files (x86)/atollic/truestudio for arm 8.0.0/armtools/bin/../lib/gcc/arm-atollic-eabi/6.3.1/../../../../arm-atollic-eabi/lib/armv6-m\libc_nano.a(lib_a-memchr-stub.o)
                0x08002d10                memchr
 .text.memmove  0x08002d26       0x24 c:/program files (x86)/atollic/truestudio for arm 8.0.0/armtools/bin/../lib/gcc/arm-atollic-eabi/6.3.1/../../../../arm-atollic-eabi/lib/armv6-m\libc_nano.a(lib_a-memmove.o)
                0x08002d26                memmove
 .text._realloc_r
                0x08002d4a       0x4c c:/program files (x86)/atollic/truestudio for arm 8.0.0/armtools/bin/../lib/gcc/arm-atollic-eabi/6.3.1/../../../../arm-atollic-eabi/lib/armv6-m\libc_nano.a(lib_a-nano-reallocr.o)
                0x08002d4a                _realloc_r
 .text._malloc_usable_size_r
                0x08002d96       0x10 c:/program files (x86)/atollic/truestudio for arm 8.0.0/armtools/bin/../lib/gcc/arm-atollic-eabi/6.3.1/../../../../arm-atollic-eabi/lib/armv6-m\libc_nano.a(lib_a-nano-msizer.o)
                0x08002d96                _malloc_usable_size_r
 *fill*         0x08002da6        0x2 
 .text._sbrk    0x08002da8       0x20 c:/program files (x86)/atollic/truestudio for arm 8.0.0/armtools/bin/../lib/gcc/arm-atollic-eabi/6.3.1/../../../../arm-atollic-eabi/lib/armv6-m\libnosys.a(sbrk.o)
                0x08002da8                _sbrk
 *(.glue_7)
 .glue_7        0x08002dc8        0x0 linker stubs
 *(.glue_7t)
 .glue_7t       0x08002dc8        0x0 linker stubs
 *(.eh_frame)
 .eh_frame      0x08002dc8        0x0 c:/program files (x86)/atollic/truestudio for arm 8.0.0/armtools/bin/../lib/gcc/arm-atollic-eabi/6.3.1/armv6-m/crtbegin.o
 *(.init)
 .init          0x08002dc8        0x4 c:/program files (x86)/atollic/truestudio for arm 8.0.0/armtools/bin/../lib/gcc/arm-atollic-eabi/6.3.1/armv6-m/crti.o
                0x08002dc8                _init
 .init          0x08002dcc        0x8 c:/program files (x86)/atollic/truestudio for arm 8.0.0/armtools/bin/../lib/gcc/arm-atollic-eabi/6.3.1/armv6-m/crtn.o
 *(.fini)
 .fini          0x08002dd4        0x4 c:/program files (x86)/atollic/truestudio for arm 8.0.0/armtools/bin/../lib/gcc/arm-atollic-eabi/6.3.1/armv6-m/crti.o
                0x08002dd4                _fini
 .fini          0x08002dd8        0x8 c:/program files (x86)/atollic/truestudio for arm 8.0.0/armtools/bin/../lib/gcc/arm-atollic-eabi/6.3.1/armv6-m/crtn.o
                0x08002de0                . = ALIGN (0x4)
                0x08002de0                _etext = .

.vfp11_veneer   0x08002de0        0x0
 .vfp11_veneer  0x08002de0        0x0 linker stubs

.v4_bx          0x08002de0        0x0
 .v4_bx         0x08002de0        0x0 linker stubs

.iplt           0x08002de0        0x0
 .iplt          0x08002de0        0x0 c:/program files (x86)/atollic/truestudio for arm 8.0.0/armtools/bin/../lib/gcc/arm-atollic-eabi/6.3.1/armv6-m/crtbegin.o

.rodata         0x08002de0       0xbc
                0x08002de0                . = ALIGN (0x4)
 *(.rodata)
 .rodata        0x08002de0       0x20 Drivers\STM32F0xx_HAL_Driver\Src\stm32f0xx_hal_rcc.o
 *(.rodata*)
 .rodata.CSWTCH.50
                0x08002e00        0x4 Drivers\STM32F0xx_HAL_Driver\Src\stm32f0xx_hal_uart.o
 .rodata.init_variables.str1.1
                0x08002e04        0x3 Src\initialize.o
 .rodata.HAL_ADC_MspInit.str1.1
                0x08002e07       0x1b Src\stm32f0xx_hal_msp.o
 .rodata.AHBPrescTable
                0x08002e22       0x10 Src\system_stm32f0xx.o
                0x08002e22                AHBPrescTable
 .rodata.APBPrescTable
                0x08002e32        0x8 Src\system_stm32f0xx.o
                0x08002e32                APBPrescTable
 .rodata.str1.1
                0x08002e3a       0x2c Src\variables.o
                                 0x2e (size before relaxing)
 .rodata._svfprintf_r.str1.1
                0x08002e66       0x11 c:/program files (x86)/atollic/truestudio for arm 8.0.0/armtools/bin/../lib/gcc/arm-atollic-eabi/6.3.1/../../../../arm-atollic-eabi/lib/armv6-m\libc_nano.a(lib_a-nano-svfprintf.o)
 .rodata._printf_i.str1.1
                0x08002e77       0x22 c:/program files (x86)/atollic/truestudio for arm 8.0.0/armtools/bin/../lib/gcc/arm-atollic-eabi/6.3.1/../../../../arm-atollic-eabi/lib/armv6-m\libc_nano.a(lib_a-nano-vfprintf_i.o)
                0x08002e9c                . = ALIGN (0x4)
 *fill*         0x08002e99        0x3 

.rel.dyn        0x08002e9c        0x0
 .rel.iplt      0x08002e9c        0x0 c:/program files (x86)/atollic/truestudio for arm 8.0.0/armtools/bin/../lib/gcc/arm-atollic-eabi/6.3.1/armv6-m/crtbegin.o

.ARM.extab
 *(.ARM.extab* .gnu.linkonce.armextab.*)

.ARM            0x08002e9c        0x0
                0x08002e9c                __exidx_start = .
 *(.ARM.exidx*)
                0x08002e9c                __exidx_end = .

.preinit_array  0x08002e9c        0x0
                0x08002e9c                PROVIDE (__preinit_array_start, .)
 *(.preinit_array*)
                0x08002e9c                PROVIDE (__preinit_array_end, .)

.init_array     0x08002e9c        0x4
                0x08002e9c                PROVIDE (__init_array_start, .)
 *(SORT(.init_array.*))
 *(.init_array*)
 .init_array    0x08002e9c        0x4 c:/program files (x86)/atollic/truestudio for arm 8.0.0/armtools/bin/../lib/gcc/arm-atollic-eabi/6.3.1/armv6-m/crtbegin.o
                0x08002ea0                PROVIDE (__init_array_end, .)

.fini_array     0x08002ea0        0x4
                [!provide]                PROVIDE (__fini_array_start, .)
 *(SORT(.fini_array.*))
 *(.fini_array*)
 .fini_array    0x08002ea0        0x4 c:/program files (x86)/atollic/truestudio for arm 8.0.0/armtools/bin/../lib/gcc/arm-atollic-eabi/6.3.1/armv6-m/crtbegin.o
                [!provide]                PROVIDE (__fini_array_end, .)
                0x08002ea4                _sidata = LOADADDR (.data)

.data           0x20000000       0x70 load address 0x08002ea4
                0x20000000                . = ALIGN (0x4)
                0x20000000                _sdata = .
 *(.data)
 *(.data*)
 .data.SystemCoreClock
                0x20000000        0x4 Src\system_stm32f0xx.o
                0x20000000                SystemCoreClock
 .data.dollar   0x20000004        0x4 Src\variables.o
                0x20000004                dollar
 .data.send_data_flag
                0x20000008        0x1 Src\variables.o
                0x20000008                send_data_flag
 *fill*         0x20000009        0x3 
 .data._impure_ptr
                0x2000000c        0x4 c:/program files (x86)/atollic/truestudio for arm 8.0.0/armtools/bin/../lib/gcc/arm-atollic-eabi/6.3.1/../../../../arm-atollic-eabi/lib/armv6-m\libc_nano.a(lib_a-impure.o)
                0x2000000c                _impure_ptr
 .data.impure_data
                0x20000010       0x60 c:/program files (x86)/atollic/truestudio for arm 8.0.0/armtools/bin/../lib/gcc/arm-atollic-eabi/6.3.1/../../../../arm-atollic-eabi/lib/armv6-m\libc_nano.a(lib_a-impure.o)
                0x20000070                . = ALIGN (0x4)
                0x20000070                _edata = .

.igot.plt       0x20000070        0x0 load address 0x08002f14
 .igot.plt      0x20000070        0x0 c:/program files (x86)/atollic/truestudio for arm 8.0.0/armtools/bin/../lib/gcc/arm-atollic-eabi/6.3.1/armv6-m/crtbegin.o
                0x20000070                . = ALIGN (0x4)

.bss            0x20000070      0x270 load address 0x08002f14
                0x20000070                _sbss = .
                0x20000070                __bss_start__ = _sbss
 *(.bss)
 .bss           0x20000070       0x1c c:/program files (x86)/atollic/truestudio for arm 8.0.0/armtools/bin/../lib/gcc/arm-atollic-eabi/6.3.1/armv6-m/crtbegin.o
 *(.bss*)
 .bss.ADC_buffer
                0x2000008c        0x4 Src\variables.o
                0x2000008c                ADC_buffer
 .bss.adc_flag  0x20000090        0x1 Src\variables.o
                0x20000090                adc_flag
 *fill*         0x20000091        0x3 
 .bss.atan_vals
                0x20000094        0x4 Src\variables.o
                0x20000094                atan_vals
 .bss.data_buffer
                0x20000098        0x4 Src\variables.o
                0x20000098                data_buffer
 .bss.data_flag
                0x2000009c        0x1 Src\variables.o
                0x2000009c                data_flag
 .bss.encoder_flag
                0x2000009d        0x1 Src\variables.o
                0x2000009d                encoder_flag
 .bss.pwm_flag  0x2000009e        0x1 Src\variables.o
                0x2000009e                pwm_flag
 *fill*         0x2000009f        0x1 
 .bss.q2_steps  0x200000a0        0x4 Src\variables.o
                0x200000a0                q2_steps
 .bss.rx_buffer
                0x200000a4        0x4 Src\variables.o
                0x200000a4                rx_buffer
 .bss.rx_buffer_cntr
                0x200000a8        0x1 Src\variables.o
                0x200000a8                rx_buffer_cntr
 .bss.rx_byte   0x200000a9        0x1 Src\variables.o
                0x200000a9                rx_byte
 *fill*         0x200000aa        0x2 
 .bss.scratchpad
                0x200000ac        0x4 Src\variables.o
                0x200000ac                scratchpad
 .bss.send_q1   0x200000b0        0x4 Src\variables.o
                0x200000b0                send_q1
 .bss.send_q2   0x200000b4        0x4 Src\variables.o
                0x200000b4                send_q2
 .bss.send_time
                0x200000b8        0x4 Src\variables.o
                0x200000b8                send_time
 .bss.send_torque
                0x200000bc        0x4 Src\variables.o
                0x200000bc                send_torque
 .bss.uart_flag
                0x200000c0        0x1 Src\variables.o
                0x200000c0                uart_flag
 *fill*         0x200000c1        0x3 
 .bss.verification
                0x200000c4        0x4 Src\variables.o
                0x200000c4                verification
 .bss.__malloc_free_list
                0x200000c8        0x4 c:/program files (x86)/atollic/truestudio for arm 8.0.0/armtools/bin/../lib/gcc/arm-atollic-eabi/6.3.1/../../../../arm-atollic-eabi/lib/armv6-m\libc_nano.a(lib_a-nano-mallocr.o)
                0x200000c8                __malloc_free_list
 .bss.__malloc_sbrk_start
                0x200000cc        0x4 c:/program files (x86)/atollic/truestudio for arm 8.0.0/armtools/bin/../lib/gcc/arm-atollic-eabi/6.3.1/../../../../arm-atollic-eabi/lib/armv6-m\libc_nano.a(lib_a-nano-mallocr.o)
                0x200000cc                __malloc_sbrk_start
 .bss.heap_end.4116
                0x200000d0        0x4 c:/program files (x86)/atollic/truestudio for arm 8.0.0/armtools/bin/../lib/gcc/arm-atollic-eabi/6.3.1/../../../../arm-atollic-eabi/lib/armv6-m\libnosys.a(sbrk.o)
 *(COMMON)
 COMMON         0x200000d4        0x4 Drivers\STM32F0xx_HAL_Driver\Src\stm32f0xx_hal.o
                0x200000d4                uwTick
 COMMON         0x200000d8      0x204 Src\main.o
                0x200000d8                htim3
                0x20000118                hdma_usart1_tx
                0x2000015c                huart1
                0x200001cc                htim14
                0x2000020c                hdma_adc
                0x20000250                hadc
                0x2000029c                htim16
 COMMON         0x200002dc        0x4 c:/program files (x86)/atollic/truestudio for arm 8.0.0/armtools/bin/../lib/gcc/arm-atollic-eabi/6.3.1/../../../../arm-atollic-eabi/lib/armv6-m\libc_nano.a(lib_a-reent.o)
                0x200002dc                errno
                0x200002e0                . = ALIGN (0x4)
                0x200002e0                _ebss = .
                0x200002e0                __bss_end__ = _ebss

._user_heap_stack
                0x200002e0      0x600 load address 0x08002f14
                0x200002e0                . = ALIGN (0x4)
                0x200002e0                PROVIDE (end, .)
                [!provide]                PROVIDE (_end, .)
                0x200004e0                . = (. + _Min_Heap_Size)
 *fill*         0x200002e0      0x200 
                0x200008e0                . = (. + _Min_Stack_Size)
 *fill*         0x200004e0      0x400 
                0x200008e0                . = ALIGN (0x4)

/DISCARD/
 libc.a(*)
 libm.a(*)
 libgcc.a(*)

.ARM.attributes
                0x00000000       0x28
 *(.ARM.attributes)
 .ARM.attributes
                0x00000000       0x1e c:/program files (x86)/atollic/truestudio for arm 8.0.0/armtools/bin/../lib/gcc/arm-atollic-eabi/6.3.1/armv6-m/crti.o
 .ARM.attributes
                0x0000001e       0x2c c:/program files (x86)/atollic/truestudio for arm 8.0.0/armtools/bin/../lib/gcc/arm-atollic-eabi/6.3.1/armv6-m/crtbegin.o
 .ARM.attributes
                0x0000004a       0x31 Drivers\STM32F0xx_HAL_Driver\Src\stm32f0xx_hal.o
 .ARM.attributes
                0x0000007b       0x31 Drivers\STM32F0xx_HAL_Driver\Src\stm32f0xx_hal_adc.o
 .ARM.attributes
                0x000000ac       0x31 Drivers\STM32F0xx_HAL_Driver\Src\stm32f0xx_hal_adc_ex.o
 .ARM.attributes
                0x000000dd       0x31 Drivers\STM32F0xx_HAL_Driver\Src\stm32f0xx_hal_cortex.o
 .ARM.attributes
                0x0000010e       0x31 Drivers\STM32F0xx_HAL_Driver\Src\stm32f0xx_hal_dma.o
 .ARM.attributes
                0x0000013f       0x31 Drivers\STM32F0xx_HAL_Driver\Src\stm32f0xx_hal_gpio.o
 .ARM.attributes
                0x00000170       0x31 Drivers\STM32F0xx_HAL_Driver\Src\stm32f0xx_hal_rcc.o
 .ARM.attributes
                0x000001a1       0x31 Drivers\STM32F0xx_HAL_Driver\Src\stm32f0xx_hal_rcc_ex.o
 .ARM.attributes
                0x000001d2       0x31 Drivers\STM32F0xx_HAL_Driver\Src\stm32f0xx_hal_tim.o
 .ARM.attributes
                0x00000203       0x31 Drivers\STM32F0xx_HAL_Driver\Src\stm32f0xx_hal_tim_ex.o
 .ARM.attributes
                0x00000234       0x31 Drivers\STM32F0xx_HAL_Driver\Src\stm32f0xx_hal_uart.o
 .ARM.attributes
                0x00000265       0x31 Src\functions.o
 .ARM.attributes
                0x00000296       0x31 Src\initialize.o
 .ARM.attributes
                0x000002c7       0x31 Src\main.o
 .ARM.attributes
                0x000002f8       0x31 Src\stm32f0xx_hal_msp.o
 .ARM.attributes
                0x00000329       0x31 Src\stm32f0xx_it.o
 .ARM.attributes
                0x0000035a       0x31 Src\system_stm32f0xx.o
 .ARM.attributes
                0x0000038b       0x31 Src\variables.o
 .ARM.attributes
                0x000003bc       0x21 startup\startup_stm32f030x6.o
 .ARM.attributes
                0x000003dd       0x2c c:/program files (x86)/atollic/truestudio for arm 8.0.0/armtools/bin/../lib/gcc/arm-atollic-eabi/6.3.1/../../../../arm-atollic-eabi/lib/armv6-m\libc_nano.a(lib_a-init.o)
 .ARM.attributes
                0x00000409       0x2c c:/program files (x86)/atollic/truestudio for arm 8.0.0/armtools/bin/../lib/gcc/arm-atollic-eabi/6.3.1/../../../../arm-atollic-eabi/lib/armv6-m\libc_nano.a(lib_a-malloc.o)
 .ARM.attributes
                0x00000435       0x2c c:/program files (x86)/atollic/truestudio for arm 8.0.0/armtools/bin/../lib/gcc/arm-atollic-eabi/6.3.1/../../../../arm-atollic-eabi/lib/armv6-m\libc_nano.a(lib_a-memcpy-stub.o)
 .ARM.attributes
                0x00000461       0x2c c:/program files (x86)/atollic/truestudio for arm 8.0.0/armtools/bin/../lib/gcc/arm-atollic-eabi/6.3.1/../../../../arm-atollic-eabi/lib/armv6-m\libc_nano.a(lib_a-memset.o)
 .ARM.attributes
                0x0000048d       0x2c c:/program files (x86)/atollic/truestudio for arm 8.0.0/armtools/bin/../lib/gcc/arm-atollic-eabi/6.3.1/../../../../arm-atollic-eabi/lib/armv6-m\libc_nano.a(lib_a-nano-freer.o)
 .ARM.attributes
                0x000004b9       0x2c c:/program files (x86)/atollic/truestudio for arm 8.0.0/armtools/bin/../lib/gcc/arm-atollic-eabi/6.3.1/../../../../arm-atollic-eabi/lib/armv6-m\libc_nano.a(lib_a-nano-mallocr.o)
 .ARM.attributes
                0x000004e5       0x2c c:/program files (x86)/atollic/truestudio for arm 8.0.0/armtools/bin/../lib/gcc/arm-atollic-eabi/6.3.1/../../../../arm-atollic-eabi/lib/armv6-m\libc_nano.a(lib_a-sbrkr.o)
 .ARM.attributes
                0x00000511       0x2c c:/program files (x86)/atollic/truestudio for arm 8.0.0/armtools/bin/../lib/gcc/arm-atollic-eabi/6.3.1/../../../../arm-atollic-eabi/lib/armv6-m\libc_nano.a(lib_a-sprintf.o)
 .ARM.attributes
                0x0000053d       0x1c c:/program files (x86)/atollic/truestudio for arm 8.0.0/armtools/bin/../lib/gcc/arm-atollic-eabi/6.3.1/../../../../arm-atollic-eabi/lib/armv6-m\libc_nano.a(lib_a-strlen.o)
 .ARM.attributes
                0x00000559       0x2c c:/program files (x86)/atollic/truestudio for arm 8.0.0/armtools/bin/../lib/gcc/arm-atollic-eabi/6.3.1/../../../../arm-atollic-eabi/lib/armv6-m\libc_nano.a(lib_a-impure.o)
 .ARM.attributes
                0x00000585       0x2c c:/program files (x86)/atollic/truestudio for arm 8.0.0/armtools/bin/../lib/gcc/arm-atollic-eabi/6.3.1/../../../../arm-atollic-eabi/lib/armv6-m\libc_nano.a(lib_a-mlock.o)
 .ARM.attributes
                0x000005b1       0x2c c:/program files (x86)/atollic/truestudio for arm 8.0.0/armtools/bin/../lib/gcc/arm-atollic-eabi/6.3.1/../../../../arm-atollic-eabi/lib/armv6-m\libc_nano.a(lib_a-nano-svfprintf.o)
 .ARM.attributes
                0x000005dd       0x2c c:/program files (x86)/atollic/truestudio for arm 8.0.0/armtools/bin/../lib/gcc/arm-atollic-eabi/6.3.1/../../../../arm-atollic-eabi/lib/armv6-m\libc_nano.a(lib_a-nano-vfprintf_i.o)
 .ARM.attributes
                0x00000609       0x2c c:/program files (x86)/atollic/truestudio for arm 8.0.0/armtools/bin/../lib/gcc/arm-atollic-eabi/6.3.1/../../../../arm-atollic-eabi/lib/armv6-m\libc_nano.a(lib_a-reent.o)
 .ARM.attributes
                0x00000635       0x2c c:/program files (x86)/atollic/truestudio for arm 8.0.0/armtools/bin/../lib/gcc/arm-atollic-eabi/6.3.1/../../../../arm-atollic-eabi/lib/armv6-m\libc_nano.a(lib_a-memchr-stub.o)
 .ARM.attributes
                0x00000661       0x2c c:/program files (x86)/atollic/truestudio for arm 8.0.0/armtools/bin/../lib/gcc/arm-atollic-eabi/6.3.1/../../../../arm-atollic-eabi/lib/armv6-m\libc_nano.a(lib_a-memmove.o)
 .ARM.attributes
                0x0000068d       0x2c c:/program files (x86)/atollic/truestudio for arm 8.0.0/armtools/bin/../lib/gcc/arm-atollic-eabi/6.3.1/../../../../arm-atollic-eabi/lib/armv6-m\libc_nano.a(lib_a-nano-reallocr.o)
 .ARM.attributes
                0x000006b9       0x2c c:/program files (x86)/atollic/truestudio for arm 8.0.0/armtools/bin/../lib/gcc/arm-atollic-eabi/6.3.1/../../../../arm-atollic-eabi/lib/armv6-m\libc_nano.a(lib_a-nano-msizer.o)
 .ARM.attributes
                0x000006e5       0x1e c:/program files (x86)/atollic/truestudio for arm 8.0.0/armtools/bin/../lib/gcc/arm-atollic-eabi/6.3.1/armv6-m\libgcc.a(_thumb1_case_uqi.o)
 .ARM.attributes
                0x00000703       0x1e c:/program files (x86)/atollic/truestudio for arm 8.0.0/armtools/bin/../lib/gcc/arm-atollic-eabi/6.3.1/armv6-m\libgcc.a(_udivsi3.o)
 .ARM.attributes
                0x00000721       0x1e c:/program files (x86)/atollic/truestudio for arm 8.0.0/armtools/bin/../lib/gcc/arm-atollic-eabi/6.3.1/armv6-m\libgcc.a(_dvmd_tls.o)
 .ARM.attributes
                0x0000073f       0x2c c:/program files (x86)/atollic/truestudio for arm 8.0.0/armtools/bin/../lib/gcc/arm-atollic-eabi/6.3.1/../../../../arm-atollic-eabi/lib/armv6-m\libnosys.a(sbrk.o)
 .ARM.attributes
                0x0000076b       0x1e c:/program files (x86)/atollic/truestudio for arm 8.0.0/armtools/bin/../lib/gcc/arm-atollic-eabi/6.3.1/armv6-m/crtn.o
OUTPUT(acrobat_v4.elf elf32-littlearm)

.comment        0x00000000       0x7c
 .comment       0x00000000       0x7c Drivers\STM32F0xx_HAL_Driver\Src\stm32f0xx_hal.o
                                 0x7d (size before relaxing)
 .comment       0x0000007c       0x7d Drivers\STM32F0xx_HAL_Driver\Src\stm32f0xx_hal_adc.o
 .comment       0x0000007c       0x7d Drivers\STM32F0xx_HAL_Driver\Src\stm32f0xx_hal_adc_ex.o
 .comment       0x0000007c       0x7d Drivers\STM32F0xx_HAL_Driver\Src\stm32f0xx_hal_cortex.o
 .comment       0x0000007c       0x7d Drivers\STM32F0xx_HAL_Driver\Src\stm32f0xx_hal_dma.o
 .comment       0x0000007c       0x7d Drivers\STM32F0xx_HAL_Driver\Src\stm32f0xx_hal_gpio.o
 .comment       0x0000007c       0x7d Drivers\STM32F0xx_HAL_Driver\Src\stm32f0xx_hal_rcc.o
 .comment       0x0000007c       0x7d Drivers\STM32F0xx_HAL_Driver\Src\stm32f0xx_hal_rcc_ex.o
 .comment       0x0000007c       0x7d Drivers\STM32F0xx_HAL_Driver\Src\stm32f0xx_hal_tim.o
 .comment       0x0000007c       0x7d Drivers\STM32F0xx_HAL_Driver\Src\stm32f0xx_hal_tim_ex.o
 .comment       0x0000007c       0x7d Drivers\STM32F0xx_HAL_Driver\Src\stm32f0xx_hal_uart.o
 .comment       0x0000007c       0x7d Src\functions.o
 .comment       0x0000007c       0x7d Src\initialize.o
 .comment       0x0000007c       0x7d Src\main.o
 .comment       0x0000007c       0x7d Src\stm32f0xx_hal_msp.o
 .comment       0x0000007c       0x7d Src\stm32f0xx_it.o
 .comment       0x0000007c       0x7d Src\system_stm32f0xx.o
 .comment       0x0000007c       0x7d Src\variables.o

.debug_frame    0x00000000      0x3a0
 .debug_frame   0x00000000       0x2c c:/program files (x86)/atollic/truestudio for arm 8.0.0/armtools/bin/../lib/gcc/arm-atollic-eabi/6.3.1/../../../../arm-atollic-eabi/lib/armv6-m\libc_nano.a(lib_a-init.o)
 .debug_frame   0x0000002c       0x40 c:/program files (x86)/atollic/truestudio for arm 8.0.0/armtools/bin/../lib/gcc/arm-atollic-eabi/6.3.1/../../../../arm-atollic-eabi/lib/armv6-m\libc_nano.a(lib_a-malloc.o)
 .debug_frame   0x0000006c       0x28 c:/program files (x86)/atollic/truestudio for arm 8.0.0/armtools/bin/../lib/gcc/arm-atollic-eabi/6.3.1/../../../../arm-atollic-eabi/lib/armv6-m\libc_nano.a(lib_a-memcpy-stub.o)
 .debug_frame   0x00000094       0x20 c:/program files (x86)/atollic/truestudio for arm 8.0.0/armtools/bin/../lib/gcc/arm-atollic-eabi/6.3.1/../../../../arm-atollic-eabi/lib/armv6-m\libc_nano.a(lib_a-memset.o)
 .debug_frame   0x000000b4       0x2c c:/program files (x86)/atollic/truestudio for arm 8.0.0/armtools/bin/../lib/gcc/arm-atollic-eabi/6.3.1/../../../../arm-atollic-eabi/lib/armv6-m\libc_nano.a(lib_a-nano-freer.o)
 .debug_frame   0x000000e0       0x2c c:/program files (x86)/atollic/truestudio for arm 8.0.0/armtools/bin/../lib/gcc/arm-atollic-eabi/6.3.1/../../../../arm-atollic-eabi/lib/armv6-m\libc_nano.a(lib_a-nano-mallocr.o)
 .debug_frame   0x0000010c       0x2c c:/program files (x86)/atollic/truestudio for arm 8.0.0/armtools/bin/../lib/gcc/arm-atollic-eabi/6.3.1/../../../../arm-atollic-eabi/lib/armv6-m\libc_nano.a(lib_a-sbrkr.o)
 .debug_frame   0x00000138       0x50 c:/program files (x86)/atollic/truestudio for arm 8.0.0/armtools/bin/../lib/gcc/arm-atollic-eabi/6.3.1/../../../../arm-atollic-eabi/lib/armv6-m\libc_nano.a(lib_a-sprintf.o)
 .debug_frame   0x00000188       0x30 c:/program files (x86)/atollic/truestudio for arm 8.0.0/armtools/bin/../lib/gcc/arm-atollic-eabi/6.3.1/../../../../arm-atollic-eabi/lib/armv6-m\libc_nano.a(lib_a-mlock.o)
 .debug_frame   0x000001b8       0x74 c:/program files (x86)/atollic/truestudio for arm 8.0.0/armtools/bin/../lib/gcc/arm-atollic-eabi/6.3.1/../../../../arm-atollic-eabi/lib/armv6-m\libc_nano.a(lib_a-nano-svfprintf.o)
 .debug_frame   0x0000022c       0x54 c:/program files (x86)/atollic/truestudio for arm 8.0.0/armtools/bin/../lib/gcc/arm-atollic-eabi/6.3.1/../../../../arm-atollic-eabi/lib/armv6-m\libc_nano.a(lib_a-nano-vfprintf_i.o)
 .debug_frame   0x00000280       0x48 c:/program files (x86)/atollic/truestudio for arm 8.0.0/armtools/bin/../lib/gcc/arm-atollic-eabi/6.3.1/../../../../arm-atollic-eabi/lib/armv6-m\libc_nano.a(lib_a-reent.o)
 .debug_frame   0x000002c8       0x20 c:/program files (x86)/atollic/truestudio for arm 8.0.0/armtools/bin/../lib/gcc/arm-atollic-eabi/6.3.1/../../../../arm-atollic-eabi/lib/armv6-m\libc_nano.a(lib_a-memchr-stub.o)
 .debug_frame   0x000002e8       0x28 c:/program files (x86)/atollic/truestudio for arm 8.0.0/armtools/bin/../lib/gcc/arm-atollic-eabi/6.3.1/../../../../arm-atollic-eabi/lib/armv6-m\libc_nano.a(lib_a-memmove.o)
 .debug_frame   0x00000310       0x30 c:/program files (x86)/atollic/truestudio for arm 8.0.0/armtools/bin/../lib/gcc/arm-atollic-eabi/6.3.1/../../../../arm-atollic-eabi/lib/armv6-m\libc_nano.a(lib_a-nano-reallocr.o)
 .debug_frame   0x00000340       0x20 c:/program files (x86)/atollic/truestudio for arm 8.0.0/armtools/bin/../lib/gcc/arm-atollic-eabi/6.3.1/../../../../arm-atollic-eabi/lib/armv6-m\libc_nano.a(lib_a-nano-msizer.o)
 .debug_frame   0x00000360       0x20 c:/program files (x86)/atollic/truestudio for arm 8.0.0/armtools/bin/../lib/gcc/arm-atollic-eabi/6.3.1/armv6-m\libgcc.a(_udivsi3.o)
 .debug_frame   0x00000380       0x20 c:/program files (x86)/atollic/truestudio for arm 8.0.0/armtools/bin/../lib/gcc/arm-atollic-eabi/6.3.1/../../../../arm-atollic-eabi/lib/armv6-m\libnosys.a(sbrk.o)
