Archive member included to satisfy reference by file (symbol)

c:/program files (x86)/atollic/truestudio for arm 8.0.0/armtools/bin/../lib/gcc/arm-atollic-eabi/6.3.1/../../../../arm-atollic-eabi/lib/armv6-m\libc_nano.a(lib_a-init.o)
                              startup\startup_stm32f030x6.o (__libc_init_array)
c:/program files (x86)/atollic/truestudio for arm 8.0.0/armtools/bin/../lib/gcc/arm-atollic-eabi/6.3.1/../../../../arm-atollic-eabi/lib/armv6-m\libc_nano.a(lib_a-malloc.o)
                              Src\initialize.o (malloc)
c:/program files (x86)/atollic/truestudio for arm 8.0.0/armtools/bin/../lib/gcc/arm-atollic-eabi/6.3.1/../../../../arm-atollic-eabi/lib/armv6-m\libc_nano.a(lib_a-memcpy-stub.o)
                              Src\initialize.o (memcpy)
c:/program files (x86)/atollic/truestudio for arm 8.0.0/armtools/bin/../lib/gcc/arm-atollic-eabi/6.3.1/../../../../arm-atollic-eabi/lib/armv6-m\libc_nano.a(lib_a-memset.o)
                              Src\functions.o (memset)
c:/program files (x86)/atollic/truestudio for arm 8.0.0/armtools/bin/../lib/gcc/arm-atollic-eabi/6.3.1/../../../../arm-atollic-eabi/lib/armv6-m\libc_nano.a(lib_a-nano-freer.o)
                              c:/program files (x86)/atollic/truestudio for arm 8.0.0/armtools/bin/../lib/gcc/arm-atollic-eabi/6.3.1/../../../../arm-atollic-eabi/lib/armv6-m\libc_nano.a(lib_a-malloc.o) (_free_r)
c:/program files (x86)/atollic/truestudio for arm 8.0.0/armtools/bin/../lib/gcc/arm-atollic-eabi/6.3.1/../../../../arm-atollic-eabi/lib/armv6-m\libc_nano.a(lib_a-nano-mallocr.o)
                              c:/program files (x86)/atollic/truestudio for arm 8.0.0/armtools/bin/../lib/gcc/arm-atollic-eabi/6.3.1/../../../../arm-atollic-eabi/lib/armv6-m\libc_nano.a(lib_a-malloc.o) (_malloc_r)
c:/program files (x86)/atollic/truestudio for arm 8.0.0/armtools/bin/../lib/gcc/arm-atollic-eabi/6.3.1/../../../../arm-atollic-eabi/lib/armv6-m\libc_nano.a(lib_a-sbrkr.o)
                              c:/program files (x86)/atollic/truestudio for arm 8.0.0/armtools/bin/../lib/gcc/arm-atollic-eabi/6.3.1/../../../../arm-atollic-eabi/lib/armv6-m\libc_nano.a(lib_a-nano-mallocr.o) (_sbrk_r)
c:/program files (x86)/atollic/truestudio for arm 8.0.0/armtools/bin/../lib/gcc/arm-atollic-eabi/6.3.1/../../../../arm-atollic-eabi/lib/armv6-m\libc_nano.a(lib_a-sprintf.o)
                              Src\dma_comms.o (sprintf)
c:/program files (x86)/atollic/truestudio for arm 8.0.0/armtools/bin/../lib/gcc/arm-atollic-eabi/6.3.1/../../../../arm-atollic-eabi/lib/armv6-m\libc_nano.a(lib_a-strlen.o)
                              Src\initialize.o (strlen)
c:/program files (x86)/atollic/truestudio for arm 8.0.0/armtools/bin/../lib/gcc/arm-atollic-eabi/6.3.1/../../../../arm-atollic-eabi/lib/armv6-m\libc_nano.a(lib_a-strtok.o)
                              Src\uart_comms.o (strtok)
c:/program files (x86)/atollic/truestudio for arm 8.0.0/armtools/bin/../lib/gcc/arm-atollic-eabi/6.3.1/../../../../arm-atollic-eabi/lib/armv6-m\libc_nano.a(lib_a-strtok_r.o)
                              c:/program files (x86)/atollic/truestudio for arm 8.0.0/armtools/bin/../lib/gcc/arm-atollic-eabi/6.3.1/../../../../arm-atollic-eabi/lib/armv6-m\libc_nano.a(lib_a-strtok.o) (__strtok_r)
c:/program files (x86)/atollic/truestudio for arm 8.0.0/armtools/bin/../lib/gcc/arm-atollic-eabi/6.3.1/../../../../arm-atollic-eabi/lib/armv6-m\libc_nano.a(lib_a-strtol.o)
                              Src\uart_comms.o (strtol)
c:/program files (x86)/atollic/truestudio for arm 8.0.0/armtools/bin/../lib/gcc/arm-atollic-eabi/6.3.1/../../../../arm-atollic-eabi/lib/armv6-m\libc_nano.a(lib_a-impure.o)
                              c:/program files (x86)/atollic/truestudio for arm 8.0.0/armtools/bin/../lib/gcc/arm-atollic-eabi/6.3.1/../../../../arm-atollic-eabi/lib/armv6-m\libc_nano.a(lib_a-malloc.o) (_impure_ptr)
c:/program files (x86)/atollic/truestudio for arm 8.0.0/armtools/bin/../lib/gcc/arm-atollic-eabi/6.3.1/../../../../arm-atollic-eabi/lib/armv6-m\libc_nano.a(lib_a-locale.o)
                              c:/program files (x86)/atollic/truestudio for arm 8.0.0/armtools/bin/../lib/gcc/arm-atollic-eabi/6.3.1/../../../../arm-atollic-eabi/lib/armv6-m\libc_nano.a(lib_a-strtol.o) (__locale_ctype_ptr_l)
c:/program files (x86)/atollic/truestudio for arm 8.0.0/armtools/bin/../lib/gcc/arm-atollic-eabi/6.3.1/../../../../arm-atollic-eabi/lib/armv6-m\libc_nano.a(lib_a-mbtowc_r.o)
                              c:/program files (x86)/atollic/truestudio for arm 8.0.0/armtools/bin/../lib/gcc/arm-atollic-eabi/6.3.1/../../../../arm-atollic-eabi/lib/armv6-m\libc_nano.a(lib_a-locale.o) (__ascii_mbtowc)
c:/program files (x86)/atollic/truestudio for arm 8.0.0/armtools/bin/../lib/gcc/arm-atollic-eabi/6.3.1/../../../../arm-atollic-eabi/lib/armv6-m\libc_nano.a(lib_a-mlock.o)
[...]
Memory Configuration

Name             Origin             Length             Attributes
RAM              0x20000000         0x00001000         xrw
FLASH            0x08000000         0x00008000         xr
*default*        0x00000000         0xffffffff

Linker script and memory map

LOAD c:/program files (x86)/atollic/truestudio for arm 8.0.0/armtools/bin/../lib/gcc/arm-atollic-eabi/6.3.1/armv6-m/crti.o
LOAD c:/program files (x86)/atollic/truestudio for arm 8.0.0/armtools/bin/../lib/gcc/arm-atollic-eabi/6.3.1/armv6-m/crtbegin.o
LOAD Drivers\STM32F0xx_HAL_Driver\Src\stm32f0xx_hal.o
LOAD Drivers\STM32F0xx_HAL_Driver\Src\stm32f0xx_hal_adc.o
LOAD Drivers\STM32F0xx_HAL_Driver\Src\stm32f0xx_hal_adc_ex.o
LOAD Drivers\STM32F0xx_HAL_Driver\Src\stm32f0xx_hal_cortex.o
LOAD Drivers\STM32F0xx_HAL_Driver\Src\stm32f0xx_hal_dma.o
LOAD Drivers\STM32F0xx_HAL_Driver\Src\stm32f0xx_hal_flash.o
LOAD Drivers\STM32F0xx_HAL_Driver\Src\stm32f0xx_hal_flash_ex.o
LOAD Drivers\STM32F0xx_HAL_Driver\Src\stm32f0xx_hal_gpio.o
LOAD Drivers\STM32F0xx_HAL_Driver\Src\stm32f0xx_hal_i2c.o
LOAD Drivers\STM32F0xx_HAL_Driver\Src\stm32f0xx_hal_i2c_ex.o
LOAD Drivers\STM32F0xx_HAL_Driver\Src\stm32f0xx_hal_pwr.o
LOAD Drivers\STM32F0xx_HAL_Driver\Src\stm32f0xx_hal_pwr_ex.o
LOAD Drivers\STM32F0xx_HAL_Driver\Src\stm32f0xx_hal_rcc.o
LOAD Drivers\STM32F0xx_HAL_Driver\Src\stm32f0xx_hal_rcc_ex.o
LOAD Drivers\STM32F0xx_HAL_Driver\Src\stm32f0xx_hal_tim.o
LOAD Drivers\STM32F0xx_HAL_Driver\Src\stm32f0xx_hal_tim_ex.o
LOAD Drivers\STM32F0xx_HAL_Driver\Src\stm32f0xx_hal_uart.o
LOAD Drivers\STM32F0xx_HAL_Driver\Src\stm32f0xx_hal_uart_ex.o
LOAD Src\dma_comms.o
LOAD Src\functions.o
LOAD Src\initialize.o
LOAD Src\main.o
LOAD Src\stm32f0xx_hal_msp.o
LOAD Src\stm32f0xx_it.o
LOAD Src\system_stm32f0xx.o
LOAD Src\uart_comms.o
LOAD Src\user_main.o
LOAD Src\variables.o
LOAD startup\startup_stm32f030x6.o
                0x00000080                malloc_getpagesize_P = 0x80
START GROUP
LOAD c:/program files (x86)/atollic/truestudio for arm 8.0.0/armtools/bin/../lib/gcc/arm-atollic-eabi/6.3.1/../../../../arm-atollic-eabi/lib/armv6-m\libc_nano.a
LOAD c:/program files (x86)/atollic/truestudio for arm 8.0.0/armtools/bin/../lib/gcc/arm-atollic-eabi/6.3.1/../../../../arm-atollic-eabi/lib/armv6-m\libm.a
END GROUP
START GROUP
LOAD c:/program files (x86)/atollic/truestudio for arm 8.0.0/armtools/bin/../lib/gcc/arm-atollic-eabi/6.3.1/armv6-m\libgcc.a
LOAD c:/program files (x86)/atollic/truestudio for arm 8.0.0/armtools/bin/../lib/gcc/arm-atollic-eabi/6.3.1/../../../../arm-atollic-eabi/lib/armv6-m\libc_nano.a
END GROUP
START GROUP
LOAD c:/program files (x86)/atollic/truestudio for arm 8.0.0/armtools/bin/../lib/gcc/arm-atollic-eabi/6.3.1/armv6-m\libgcc.a
LOAD c:/program files (x86)/atollic/truestudio for arm 8.0.0/armtools/bin/../lib/gcc/arm-atollic-eabi/6.3.1/../../../../arm-atollic-eabi/lib/armv6-m\libc_nano.a
LOAD c:/program files (x86)/atollic/truestudio for arm 8.0.0/armtools/bin/../lib/gcc/arm-atollic-eabi/6.3.1/../../../../arm-atollic-eabi/lib/armv6-m\libnosys.a
END GROUP
START GROUP
LOAD c:/program files (x86)/atollic/truestudio for arm 8.0.0/armtools/bin/../lib/gcc/arm-atollic-eabi/6.3.1/armv6-m\libgcc.a
LOAD c:/program files (x86)/atollic/truestudio for arm 8.0.0/armtools/bin/../lib/gcc/arm-atollic-eabi/6.3.1/../../../../arm-atollic-eabi/lib/armv6-m\libc_nano.a
LOAD c:/program files (x86)/atollic/truestudio for arm 8.0.0/armtools/bin/../lib/gcc/arm-atollic-eabi/6.3.1/../../../../arm-atollic-eabi/lib/armv6-m\libnosys.a
END GROUP
LOAD c:/program files (x86)/atollic/truestudio for arm 8.0.0/armtools/bin/../lib/gcc/arm-atollic-eabi/6.3.1/armv6-m/crtend.o
LOAD c:/program files (x86)/atollic/truestudio for arm 8.0.0/armtools/bin/../lib/gcc/arm-atollic-eabi/6.3.1/armv6-m/crtn.o
                0x20001000                _estack = 0x20001000
                0x00000200                _Min_Heap_Size = 0x200
                0x00000400                _Min_Stack_Size = 0x400

.isr_vector     0x08000000       0xc0
                0x08000000                . = ALIGN (0x4)
 *(.isr_vector)
 .isr_vector    0x08000000       0xc0 startup\startup_stm32f030x6.o
                0x08000000                g_pfnVectors
                0x080000c0                . = ALIGN (0x4)

.text           0x080000c0     0x4618
                0x080000c0                . = ALIGN (0x4)
 *(.text)
 .text          0x080000c0       0x48 c:/program files (x86)/atollic/truestudio for arm 8.0.0/armtools/bin/../lib/gcc/arm-atollic-eabi/6.3.1/armv6-m/crtbegin.o
 .text          0x08000108        0xe c:/program files (x86)/atollic/truestudio for arm 8.0.0/armtools/bin/../lib/gcc/arm-atollic-eabi/6.3.1/../../../../arm-atollic-eabi/lib/armv6-m\libc_nano.a(lib_a-strlen.o)
                0x08000108                strlen
 *fill*         0x08000116        0x2 
 .text          0x08000118      0x114 c:/program files (x86)/atollic/truestudio for arm 8.0.0/armtools/bin/../lib/gcc/arm-atollic-eabi/6.3.1/armv6-m\libgcc.a(_udivsi3.o)
                0x08000118                __aeabi_uidiv
                0x08000118                __udivsi3
                0x08000224                __aeabi_uidivmod
 .text          0x0800022c        0x4 c:/program files (x86)/atollic/truestudio for arm 8.0.0/armtools/bin/../lib/gcc/arm-atollic-eabi/6.3.1/armv6-m\libgcc.a(_dvmd_tls.o)
                0x0800022c                __aeabi_idiv0
                0x0800022c                __aeabi_ldiv0
 .text          0x08000230       0x30 c:/program files (x86)/atollic/truestudio for arm 8.0.0/armtools/bin/../lib/gcc/arm-atollic-eabi/6.3.1/armv6-m\libgcc.a(_fixunssfsi.o)
                0x08000230                __fixunssfsi
                0x08000230                __aeabi_f2uiz
 .text          0x08000260      0x324 c:/program files (x86)/atollic/truestudio for arm 8.0.0/armtools/bin/../lib/gcc/arm-atollic-eabi/6.3.1/armv6-m\libgcc.a(addsf3.o)
                0x08000260                __aeabi_fadd
 .text          0x08000584      0x290 c:/program files (x86)/atollic/truestudio for arm 8.0.0/armtools/bin/../lib/gcc/arm-atollic-eabi/6.3.1/armv6-m\libgcc.a(divsf3.o)
                0x08000584                __aeabi_fdiv
 .text          0x08000814      0x338 c:/program files (x86)/atollic/truestudio for arm 8.0.0/armtools/bin/../lib/gcc/arm-atollic-eabi/6.3.1/armv6-m\libgcc.a(subsf3.o)
                0x08000814                __aeabi_fsub
 .text          0x08000b4c       0x40 c:/program files (x86)/atollic/truestudio for arm 8.0.0/armtools/bin/../lib/gcc/arm-atollic-eabi/6.3.1/armv6-m\libgcc.a(fixsfsi.o)
                0x08000b4c                __aeabi_f2iz
 .text          0x08000b8c       0xa0 c:/program files (x86)/atollic/truestudio for arm 8.0.0/armtools/bin/../lib/gcc/arm-atollic-eabi/6.3.1/armv6-m\libgcc.a(floatsisf.o)
                0x08000b8c                __aeabi_i2f
 .text          0x08000c2c       0x74 c:/program files (x86)/atollic/truestudio for arm 8.0.0/armtools/bin/../lib/gcc/arm-atollic-eabi/6.3.1/armv6-m\libgcc.a(_arm_cmpsf2.o)
                0x08000c2c                __aeabi_cfrcmple
                0x08000c34                __aeabi_cfcmpeq
                0x08000c34                __aeabi_cfcmple
                0x08000c44                __aeabi_fcmpeq
                0x08000c50                __aeabi_fcmplt
                0x08000c64                __aeabi_fcmple
                0x08000c78                __aeabi_fcmpgt
                0x08000c8c                __aeabi_fcmpge
 .text          0x08000ca0       0x3c c:/program files (x86)/atollic/truestudio for arm 8.0.0/armtools/bin/../lib/gcc/arm-atollic-eabi/6.3.1/armv6-m\libgcc.a(_clzsi2.o)
                0x08000ca0                __clzsi2
 .text          0x08000cdc       0x4c c:/program files (x86)/atollic/truestudio for arm 8.0.0/armtools/bin/../lib/gcc/arm-atollic-eabi/6.3.1/armv6-m\libgcc.a(eqsf2.o)
                0x08000cdc                __eqsf2
                0x08000cdc                __nesf2
 .text          0x08000d28       0x80 c:/program files (x86)/atollic/truestudio for arm 8.0.0/armtools/bin/../lib/gcc/arm-atollic-eabi/6.3.1/armv6-m\libgcc.a(gesf2.o)
                0x08000d28                __gesf2
                0x08000d28                __gtsf2
 .text          0x08000da8       0x84 c:/program files (x86)/atollic/truestudio for arm 8.0.0/armtools/bin/../lib/gcc/arm-atollic-eabi/6.3.1/armv6-m\libgcc.a(lesf2.o)
                0x08000da8                __ltsf2
                0x08000da8                __lesf2
 *(.text*)
 .text.HAL_InitTick
                0x08000e2c       0x24 Drivers\STM32F0xx_HAL_Driver\Src\stm32f0xx_hal.o
                0x08000e2c                HAL_InitTick
 .text.HAL_Init
                0x08000e50       0x20 Drivers\STM32F0xx_HAL_Driver\Src\stm32f0xx_hal.o
                0x08000e50                HAL_Init
 .text.HAL_IncTick
                0x08000e70       0x10 Drivers\STM32F0xx_HAL_Driver\Src\stm32f0xx_hal.o
                0x08000e70                HAL_IncTick
 .text.HAL_GetTick
                0x08000e80        0xc Drivers\STM32F0xx_HAL_Driver\Src\stm32f0xx_hal.o
                0x08000e80                HAL_GetTick
 .text.ADC_Enable
                0x08000e8c       0xb4 Drivers\STM32F0xx_HAL_Driver\Src\stm32f0xx_hal_adc.o
 .text.HAL_ADC_Init
                0x08000f40      0x18c Drivers\STM32F0xx_HAL_Driver\Src\stm32f0xx_hal_adc.o
                0x08000f40                HAL_ADC_Init
 .text.HAL_ADC_Start_DMA
                0x080010cc       0xa8 Drivers\STM32F0xx_HAL_Driver\Src\stm32f0xx_hal_adc.o
                0x080010cc                HAL_ADC_Start_DMA
 .text.HAL_ADC_ConvCpltCallback
                0x08001174        0x2 Drivers\STM32F0xx_HAL_Driver\Src\stm32f0xx_hal_adc.o
                0x08001174                HAL_ADC_ConvCpltCallback
 *fill*         0x08001176        0x2 
 .text.ADC_DMAConvCplt
                0x08001178       0x70 Drivers\STM32F0xx_HAL_Driver\Src\stm32f0xx_hal_adc.o
 .text.HAL_ADC_ConvHalfCpltCallback
                0x080011e8        0x2 Drivers\STM32F0xx_HAL_Driver\Src\stm32f0xx_hal_adc.o
                0x080011e8                HAL_ADC_ConvHalfCpltCallback
 .text.ADC_DMAHalfConvCplt
                0x080011ea        0xa Drivers\STM32F0xx_HAL_Driver\Src\stm32f0xx_hal_adc.o
 .text.HAL_ADC_ErrorCallback
                0x080011f4        0x2 Drivers\STM32F0xx_HAL_Driver\Src\stm32f0xx_hal_adc.o
                0x080011f4                HAL_ADC_ErrorCallback
 .text.ADC_DMAError
                0x080011f6       0x1a Drivers\STM32F0xx_HAL_Driver\Src\stm32f0xx_hal_adc.o
 .text.HAL_ADC_ConfigChannel
                0x08001210      0x134 Drivers\STM32F0xx_HAL_Driver\Src\stm32f0xx_hal_adc.o
                0x08001210                HAL_ADC_ConfigChannel
 .text.HAL_ADCEx_Calibration_Start
                0x08001344       0xc0 Drivers\STM32F0xx_HAL_Driver\Src\stm32f0xx_hal_adc_ex.o
                0x08001344                HAL_ADCEx_Calibration_Start
 .text.HAL_NVIC_SetPriority
                0x08001404       0x64 Drivers\STM32F0xx_HAL_Driver\Src\stm32f0xx_hal_cortex.o
                0x08001404                HAL_NVIC_SetPriority
 .text.HAL_NVIC_EnableIRQ
                0x08001468       0x14 Drivers\STM32F0xx_HAL_Driver\Src\stm32f0xx_hal_cortex.o
                0x08001468                HAL_NVIC_EnableIRQ
 .text.HAL_SYSTICK_Config
                0x0800147c       0x38 Drivers\STM32F0xx_HAL_Driver\Src\stm32f0xx_hal_cortex.o
                0x0800147c                HAL_SYSTICK_Config
 .text.HAL_SYSTICK_CLKSourceConfig
                0x080014b4       0x20 Drivers\STM32F0xx_HAL_Driver\Src\stm32f0xx_hal_cortex.o
                0x080014b4                HAL_SYSTICK_CLKSourceConfig
 .text.HAL_SYSTICK_Callback
                0x080014d4        0x2 Drivers\STM32F0xx_HAL_Driver\Src\stm32f0xx_hal_cortex.o
                0x080014d4                HAL_SYSTICK_Callback
 .text.HAL_SYSTICK_IRQHandler
                0x080014d6        0x8 Drivers\STM32F0xx_HAL_Driver\Src\stm32f0xx_hal_cortex.o
                0x080014d6                HAL_SYSTICK_IRQHandler
 .text.DMA_SetConfig
                0x080014de       0x2a Drivers\STM32F0xx_HAL_Driver\Src\stm32f0xx_hal_dma.o
 .text.DMA_CalcBaseAndBitshift
                0x08001508       0x28 Drivers\STM32F0xx_HAL_Driver\Src\stm32f0xx_hal_dma.o
 .text.HAL_DMA_Init
                0x08001530       0x58 Drivers\STM32F0xx_HAL_Driver\Src\stm32f0xx_hal_dma.o
                0x08001530                HAL_DMA_Init
 .text.HAL_DMA_Start_IT
                0x08001588       0x76 Drivers\STM32F0xx_HAL_Driver\Src\stm32f0xx_hal_dma.o
                0x08001588                HAL_DMA_Start_IT
 .text.HAL_DMA_Abort_IT
                0x080015fe       0x4a Drivers\STM32F0xx_HAL_Driver\Src\stm32f0xx_hal_dma.o
                0x080015fe                HAL_DMA_Abort_IT
 .text.HAL_DMA_IRQHandler
                0x08001648       0xaa Drivers\STM32F0xx_HAL_Driver\Src\stm32f0xx_hal_dma.o
                0x08001648                HAL_DMA_IRQHandler
 *fill*         0x080016f2        0x2 
 .text.HAL_GPIO_Init
                0x080016f4      0x18c Drivers\STM32F0xx_HAL_Driver\Src\stm32f0xx_hal_gpio.o
                0x080016f4                HAL_GPIO_Init
 .text.HAL_GPIO_ReadPin
                0x08001880        0xe Drivers\STM32F0xx_HAL_Driver\Src\stm32f0xx_hal_gpio.o
                0x08001880                HAL_GPIO_ReadPin
 .text.HAL_GPIO_WritePin
                0x0800188e        0xc Drivers\STM32F0xx_HAL_Driver\Src\stm32f0xx_hal_gpio.o
                0x0800188e                HAL_GPIO_WritePin
 *fill*         0x0800189a        0x2 
 .text.HAL_GPIO_EXTI_IRQHandler
                0x0800189c       0x1c Drivers\STM32F0xx_HAL_Driver\Src\stm32f0xx_hal_gpio.o
                0x0800189c                HAL_GPIO_EXTI_IRQHandler
 .text.HAL_RCC_OscConfig
                0x080018b8      0x44c Drivers\STM32F0xx_HAL_Driver\Src\stm32f0xx_hal_rcc.o
                0x080018b8                HAL_RCC_OscConfig
 .text.HAL_RCC_GetSysClockFreq
                0x08001d04       0x6c Drivers\STM32F0xx_HAL_Driver\Src\stm32f0xx_hal_rcc.o
                0x08001d04                HAL_RCC_GetSysClockFreq
 .text.HAL_RCC_ClockConfig
                0x08001d70      0x154 Drivers\STM32F0xx_HAL_Driver\Src\stm32f0xx_hal_rcc.o
                0x08001d70                HAL_RCC_ClockConfig
 .text.HAL_RCC_GetHCLKFreq
                0x08001ec4        0xc Drivers\STM32F0xx_HAL_Driver\Src\stm32f0xx_hal_rcc.o
                0x08001ec4                HAL_RCC_GetHCLKFreq
 .text.HAL_RCC_GetPCLK1Freq
                0x08001ed0       0x20 Drivers\STM32F0xx_HAL_Driver\Src\stm32f0xx_hal_rcc.o
                0x08001ed0                HAL_RCC_GetPCLK1Freq
 .text.HAL_RCCEx_PeriphCLKConfig
                0x08001ef0      0x118 Drivers\STM32F0xx_HAL_Driver\Src\stm32f0xx_hal_rcc_ex.o
                0x08001ef0                HAL_RCCEx_PeriphCLKConfig
 .text.TIM_OC1_SetConfig
                0x08002008       0x7c Drivers\STM32F0xx_HAL_Driver\Src\stm32f0xx_hal_tim.o
 .text.TIM_OC3_SetConfig
                0x08002084       0x8c Drivers\STM32F0xx_HAL_Driver\Src\stm32f0xx_hal_tim.o
 .text.TIM_OC4_SetConfig
                0x08002110       0x6c Drivers\STM32F0xx_HAL_Driver\Src\stm32f0xx_hal_tim.o
 .text.HAL_TIM_Base_Start_IT
                0x0800217c       0x16 Drivers\STM32F0xx_HAL_Driver\Src\stm32f0xx_hal_tim.o
                0x0800217c                HAL_TIM_Base_Start_IT
 .text.HAL_TIM_TriggerCallback
                0x08002192        0x2 Drivers\STM32F0xx_HAL_Driver\Src\stm32f0xx_hal_tim.o
                0x08002192                HAL_TIM_TriggerCallback
 .text.HAL_TIM_IRQHandler
                0x08002194      0x15a Drivers\STM32F0xx_HAL_Driver\Src\stm32f0xx_hal_tim.o
                0x08002194                HAL_TIM_IRQHandler
 *fill*         0x080022ee        0x2 
 .text.TIM_Base_SetConfig
                0x080022f0       0x88 Drivers\STM32F0xx_HAL_Driver\Src\stm32f0xx_hal_tim.o
                0x080022f0                TIM_Base_SetConfig
 .text.HAL_TIM_Base_Init
                0x08002378       0x34 Drivers\STM32F0xx_HAL_Driver\Src\stm32f0xx_hal_tim.o
                0x08002378                HAL_TIM_Base_Init
 .text.HAL_TIM_PWM_Init
                0x080023ac       0x34 Drivers\STM32F0xx_HAL_Driver\Src\stm32f0xx_hal_tim.o
                0x080023ac                HAL_TIM_PWM_Init
 .text.TIM_OC2_SetConfig
                0x080023e0       0x80 Drivers\STM32F0xx_HAL_Driver\Src\stm32f0xx_hal_tim.o
                0x080023e0                TIM_OC2_SetConfig
 .text.HAL_TIM_PWM_ConfigChannel
                0x08002460       0xec Drivers\STM32F0xx_HAL_Driver\Src\stm32f0xx_hal_tim.o
                0x08002460                HAL_TIM_PWM_ConfigChannel
 .text.TIM_CCxChannelCmd
                0x0800254c       0x16 Drivers\STM32F0xx_HAL_Driver\Src\stm32f0xx_hal_tim.o
                0x0800254c                TIM_CCxChannelCmd
 *fill*         0x08002562        0x2 
 .text.HAL_TIM_PWM_Start_IT
                0x08002564       0x98 Drivers\STM32F0xx_HAL_Driver\Src\stm32f0xx_hal_tim.o
                0x08002564                HAL_TIM_PWM_Start_IT
 .text.HAL_TIMEx_MasterConfigSynchronization
                0x080025fc       0x4c Drivers\STM32F0xx_HAL_Driver\Src\stm32f0xx_hal_tim_ex.o
                0x080025fc                HAL_TIMEx_MasterConfigSynchronization
 .text.HAL_TIMEx_CommutationCallback
                0x08002648        0x2 Drivers\STM32F0xx_HAL_Driver\Src\stm32f0xx_hal_tim_ex.o
                0x08002648                HAL_TIMEx_CommutationCallback
 .text.HAL_TIMEx_BreakCallback
                0x0800264a        0x2 Drivers\STM32F0xx_HAL_Driver\Src\stm32f0xx_hal_tim_ex.o
                0x0800264a                HAL_TIMEx_BreakCallback
 .text.UART_EndTxTransfer
                0x0800264c       0x12 Drivers\STM32F0xx_HAL_Driver\Src\stm32f0xx_hal_uart.o
 *fill*         0x0800265e        0x2 
 .text.UART_EndRxTransfer
                0x08002660       0x24 Drivers\STM32F0xx_HAL_Driver\Src\stm32f0xx_hal_uart.o
 .text.HAL_UART_Transmit_IT
                0x08002684       0x68 Drivers\STM32F0xx_HAL_Driver\Src\stm32f0xx_hal_uart.o
                0x08002684                HAL_UART_Transmit_IT
 .text.HAL_UART_Receive_IT
                0x080026ec       0xb4 Drivers\STM32F0xx_HAL_Driver\Src\stm32f0xx_hal_uart.o
                0x080026ec                HAL_UART_Receive_IT
 .text.HAL_UART_Transmit_DMA
                0x080027a0       0xa8 Drivers\STM32F0xx_HAL_Driver\Src\stm32f0xx_hal_uart.o
                0x080027a0                HAL_UART_Transmit_DMA
 .text.UART_DMATransmitCplt
                0x08002848       0x30 Drivers\STM32F0xx_HAL_Driver\Src\stm32f0xx_hal_uart.o
 .text.HAL_UART_TxHalfCpltCallback
                0x08002878        0x2 Drivers\STM32F0xx_HAL_Driver\Src\stm32f0xx_hal_uart.o
                0x08002878                HAL_UART_TxHalfCpltCallback
 .text.UART_DMATxHalfCplt
                0x0800287a        0xa Drivers\STM32F0xx_HAL_Driver\Src\stm32f0xx_hal_uart.o
 .text.HAL_UART_ErrorCallback
                0x08002884        0x2 Drivers\STM32F0xx_HAL_Driver\Src\stm32f0xx_hal_uart.o
                0x08002884                HAL_UART_ErrorCallback
 .text.UART_DMAError
                0x08002886       0x50 Drivers\STM32F0xx_HAL_Driver\Src\stm32f0xx_hal_uart.o
 .text.UART_DMAAbortOnError
                0x080028d6       0x14 Drivers\STM32F0xx_HAL_Driver\Src\stm32f0xx_hal_uart.o
 *fill*         0x080028ea        0x2 
 .text.UART_SetConfig
                0x080028ec      0x19c Drivers\STM32F0xx_HAL_Driver\Src\stm32f0xx_hal_uart.o
                0x080028ec                UART_SetConfig
 .text.UART_AdvFeatureConfig
                0x08002a88       0xe0 Drivers\STM32F0xx_HAL_Driver\Src\stm32f0xx_hal_uart.o
                0x08002a88                UART_AdvFeatureConfig
 .text.UART_CheckIdleState
                0x08002b68       0x16 Drivers\STM32F0xx_HAL_Driver\Src\stm32f0xx_hal_uart.o
                0x08002b68                UART_CheckIdleState
 *fill*         0x08002b7e        0x2 
 .text.HAL_UART_Init
                0x08002b80       0x70 Drivers\STM32F0xx_HAL_Driver\Src\stm32f0xx_hal_uart.o
                0x08002b80                HAL_UART_Init
 .text.UART_Transmit_IT
                0x08002bf0       0x6c Drivers\STM32F0xx_HAL_Driver\Src\stm32f0xx_hal_uart.o
                0x08002bf0                UART_Transmit_IT
 .text.UART_EndTransmit_IT
                0x08002c5c       0x1a Drivers\STM32F0xx_HAL_Driver\Src\stm32f0xx_hal_uart.o
                0x08002c5c                UART_EndTransmit_IT
 *fill*         0x08002c76        0x2 
 .text.UART_Receive_IT
                0x08002c78       0x88 Drivers\STM32F0xx_HAL_Driver\Src\stm32f0xx_hal_uart.o
                0x08002c78                UART_Receive_IT
 .text.HAL_UART_IRQHandler
                0x08002d00      0x124 Drivers\STM32F0xx_HAL_Driver\Src\stm32f0xx_hal_uart.o
                0x08002d00                HAL_UART_IRQHandler
 .text.get_current_potentiometer
                0x08002e24       0x70 Src\dma_comms.o
                0x08002e24                get_current_potentiometer
 .text.HAL_UART_RxCpltCallback
                0x08002e94        0xc Src\functions.o
                0x08002e94                HAL_UART_RxCpltCallback
 .text.HAL_GPIO_EXTI_Callback
                0x08002ea0        0xc Src\functions.o
                0x08002ea0                HAL_GPIO_EXTI_Callback
 .text.HAL_TIM_PeriodElapsedCallback
                0x08002eac       0x14 Src\functions.o
                0x08002eac                HAL_TIM_PeriodElapsedCallback
 .text.HAL_TIM_OC_DelayElapsedCallback
                0x08002ec0        0xc Src\functions.o
                0x08002ec0                HAL_TIM_OC_DelayElapsedCallback
 .text.HAL_TIM_IC_CaptureCallback
                0x08002ecc        0xc Src\functions.o
                0x08002ecc                HAL_TIM_IC_CaptureCallback
 .text.HAL_TIM_PWM_PulseFinishedCallback
                0x08002ed8        0xc Src\functions.o
                0x08002ed8                HAL_TIM_PWM_PulseFinishedCallback
 .text.HAL_UART_TxCpltCallback
                0x08002ee4       0x34 Src\functions.o
                0x08002ee4                HAL_UART_TxCpltCallback
 .text.read_motor_position
                0x08002f18       0x40 Src\functions.o
                0x08002f18                read_motor_position
 .text.output_torque
                0x08002f58       0x1c Src\functions.o
                0x08002f58                output_torque
 .text.startPeripherals
                0x08002f74       0x5c Src\initialize.o
                0x08002f74                startPeripherals
 .text.init_variables
                0x08002fd0      0x138 Src\initialize.o
                0x08002fd0                init_variables
 .text.MX_GPIO_Init
                0x08003108       0x94 Src\main.o
 .text.MX_DMA_Init
                0x0800319c       0x40 Src\main.o
 .text._Error_Handler
                0x080031dc        0x2 Src\main.o
                0x080031dc                _Error_Handler
 *fill*         0x080031de        0x2 
 .text.MX_ADC_Init
                0x080031e0       0x88 Src\main.o
 .text.MX_USART1_UART_Init
                0x08003268       0x44 Src\main.o
 .text.MX_TIM3_Init
                0x080032ac       0x84 Src\main.o
 .text.MX_TIM14_Init
                0x08003330       0x3c Src\main.o
 .text.SystemClock_Config
                0x0800336c       0x9c Src\main.o
                0x0800336c                SystemClock_Config
 .text.main     0x08003408       0x30 Src\main.o
                0x08003408                main
 .text.HAL_MspInit
                0x08003438       0x44 Src\stm32f0xx_hal_msp.o
                0x08003438                HAL_MspInit
 .text.HAL_ADC_MspInit
                0x0800347c       0x8c Src\stm32f0xx_hal_msp.o
                0x0800347c                HAL_ADC_MspInit
 .text.HAL_TIM_PWM_MspInit
                0x08003508       0x3c Src\stm32f0xx_hal_msp.o
                0x08003508                HAL_TIM_PWM_MspInit
 .text.HAL_TIM_Base_MspInit
                0x08003544       0x40 Src\stm32f0xx_hal_msp.o
                0x08003544                HAL_TIM_Base_MspInit
 .text.HAL_TIM_MspPostInit
                0x08003584       0x34 Src\stm32f0xx_hal_msp.o
                0x08003584                HAL_TIM_MspPostInit
 .text.HAL_UART_MspInit
                0x080035b8       0xa4 Src\stm32f0xx_hal_msp.o
                0x080035b8                HAL_UART_MspInit
 .text.NMI_Handler
                0x0800365c        0x2 Src\stm32f0xx_it.o
                0x0800365c                NMI_Handler
 .text.HardFault_Handler
                0x0800365e        0x2 Src\stm32f0xx_it.o
                0x0800365e                HardFault_Handler
 .text.SVC_Handler
                0x08003660        0x2 Src\stm32f0xx_it.o
                0x08003660                SVC_Handler
 .text.PendSV_Handler
                0x08003662        0x2 Src\stm32f0xx_it.o
                0x08003662                PendSV_Handler
 .text.SysTick_Handler
                0x08003664        0xc Src\stm32f0xx_it.o
                0x08003664                SysTick_Handler
 .text.EXTI4_15_IRQHandler
                0x08003670        0xa Src\stm32f0xx_it.o
                0x08003670                EXTI4_15_IRQHandler
 *fill*         0x0800367a        0x2 
 .text.DMA1_Channel1_IRQHandler
                0x0800367c       0x10 Src\stm32f0xx_it.o
                0x0800367c                DMA1_Channel1_IRQHandler
 .text.DMA1_Channel2_3_IRQHandler
                0x0800368c       0x10 Src\stm32f0xx_it.o
                0x0800368c                DMA1_Channel2_3_IRQHandler
 .text.TIM3_IRQHandler
                0x0800369c       0x10 Src\stm32f0xx_it.o
                0x0800369c                TIM3_IRQHandler
 .text.TIM14_IRQHandler
                0x080036ac       0x10 Src\stm32f0xx_it.o
                0x080036ac                TIM14_IRQHandler
 .text.USART1_IRQHandler
                0x080036bc       0x10 Src\stm32f0xx_it.o
                0x080036bc                USART1_IRQHandler
 .text.SystemInit
                0x080036cc       0x60 Src\system_stm32f0xx.o
                0x080036cc                SystemInit
 .text.data_aquisition
                0x0800372c      0x190 Src\uart_comms.o
                0x0800372c                data_aquisition
 .text.uart_request
                0x080038bc      0x200 Src\uart_comms.o
                0x080038bc                uart_request
 .text.user_main
                0x08003abc       0xbc Src\user_main.o
                0x08003abc                user_main
 .text.Reset_Handler
                0x08003b78       0x50 startup\startup_stm32f030x6.o
                0x08003b78                Reset_Handler
 .text.Default_Handler
                0x08003bc8        0x2 startup\startup_stm32f030x6.o
                0x08003bc8                TIM1_CC_IRQHandler
                0x08003bc8                I2C1_IRQHandler
                0x08003bc8                SPI1_IRQHandler
                0x08003bc8                EXTI2_3_IRQHandler
                0x08003bc8                ADC1_IRQHandler
                0x08003bc8                TIM17_IRQHandler
                0x08003bc8                RTC_IRQHandler
                0x08003bc8                TIM16_IRQHandler
                0x08003bc8                RCC_IRQHandler
                0x08003bc8                Default_Handler
                0x08003bc8                DMA1_Channel4_5_IRQHandler
                0x08003bc8                EXTI0_1_IRQHandler
                0x08003bc8                WWDG_IRQHandler
                0x08003bc8                FLASH_IRQHandler
                0x08003bc8                TIM1_BRK_UP_TRG_COM_IRQHandler
 *fill*         0x08003bca        0x2 
 .text.__libc_init_array
                0x08003bcc       0x48 c:/program files (x86)/atollic/truestudio for arm 8.0.0/armtools/bin/../lib/gcc/arm-atollic-eabi/6.3.1/../../../../arm-atollic-eabi/lib/armv6-m\libc_nano.a(lib_a-init.o)
                0x08003bcc                __libc_init_array
 .text.malloc   0x08003c14       0x14 c:/program files (x86)/atollic/truestudio for arm 8.0.0/armtools/bin/../lib/gcc/arm-atollic-eabi/6.3.1/../../../../arm-atollic-eabi/lib/armv6-m\libc_nano.a(lib_a-malloc.o)
                0x08003c14                malloc
 .text.memcpy   0x08003c28       0x12 c:/program files (x86)/atollic/truestudio for arm 8.0.0/armtools/bin/../lib/gcc/arm-atollic-eabi/6.3.1/../../../../arm-atollic-eabi/lib/armv6-m\libc_nano.a(lib_a-memcpy-stub.o)
                0x08003c28                memcpy
 .text.memset   0x08003c3a       0x10 c:/program files (x86)/atollic/truestudio for arm 8.0.0/armtools/bin/../lib/gcc/arm-atollic-eabi/6.3.1/../../../../arm-atollic-eabi/lib/armv6-m\libc_nano.a(lib_a-memset.o)
                0x08003c3a                memset
 *fill*         0x08003c4a        0x2 
 .text._free_r  0x08003c4c       0x94 c:/program files (x86)/atollic/truestudio for arm 8.0.0/armtools/bin/../lib/gcc/arm-atollic-eabi/6.3.1/../../../../arm-atollic-eabi/lib/armv6-m\libc_nano.a(lib_a-nano-freer.o)
                0x08003c4c                _free_r
 .text._malloc_r
                0x08003ce0       0xbc c:/program files (x86)/atollic/truestudio for arm 8.0.0/armtools/bin/../lib/gcc/arm-atollic-eabi/6.3.1/../../../../arm-atollic-eabi/lib/armv6-m\libc_nano.a(lib_a-nano-mallocr.o)
                0x08003ce0                _malloc_r
 .text._sbrk_r  0x08003d9c       0x24 c:/program files (x86)/atollic/truestudio for arm 8.0.0/armtools/bin/../lib/gcc/arm-atollic-eabi/6.3.1/../../../../arm-atollic-eabi/lib/armv6-m\libc_nano.a(lib_a-sbrkr.o)
                0x08003d9c                _sbrk_r
 .text.sprintf  0x08003dc0       0x44 c:/program files (x86)/atollic/truestudio for arm 8.0.0/armtools/bin/../lib/gcc/arm-atollic-eabi/6.3.1/../../../../arm-atollic-eabi/lib/armv6-m\libc_nano.a(lib_a-sprintf.o)
                0x08003dc0                siprintf
                0x08003dc0                sprintf
 .text.strtok   0x08003e04       0x50 c:/program files (x86)/atollic/truestudio for arm 8.0.0/armtools/bin/../lib/gcc/arm-atollic-eabi/6.3.1/../../../../arm-atollic-eabi/lib/armv6-m\libc_nano.a(lib_a-strtok.o)
                0x08003e04                strtok
 .text.__strtok_r
                0x08003e54       0x5c c:/program files (x86)/atollic/truestudio for arm 8.0.0/armtools/bin/../lib/gcc/arm-atollic-eabi/6.3.1/../../../../arm-atollic-eabi/lib/armv6-m\libc_nano.a(lib_a-strtok_r.o)
                0x08003e54                __strtok_r
 .text._strtol_l.isra.0
                0x08003eb0      0x10c c:/program files (x86)/atollic/truestudio for arm 8.0.0/armtools/bin/../lib/gcc/arm-atollic-eabi/6.3.1/../../../../arm-atollic-eabi/lib/armv6-m\libc_nano.a(lib_a-strtol.o)
 .text.strtol   0x08003fbc       0x28 c:/program files (x86)/atollic/truestudio for arm 8.0.0/armtools/bin/../lib/gcc/arm-atollic-eabi/6.3.1/../../../../arm-atollic-eabi/lib/armv6-m\libc_nano.a(lib_a-strtol.o)
                0x08003fbc                strtol
 .text.__locale_ctype_ptr_l
                0x08003fe4        0x6 c:/program files (x86)/atollic/truestudio for arm 8.0.0/armtools/bin/../lib/gcc/arm-atollic-eabi/6.3.1/../../../../arm-atollic-eabi/lib/armv6-m\libc_nano.a(lib_a-locale.o)
                0x08003fe4                __locale_ctype_ptr_l
 .text.__ascii_mbtowc
                0x08003fea       0x24 c:/program files (x86)/atollic/truestudio for arm 8.0.0/armtools/bin/../lib/gcc/arm-atollic-eabi/6.3.1/../../../../arm-atollic-eabi/lib/armv6-m\libc_nano.a(lib_a-mbtowc_r.o)
                0x08003fea                __ascii_mbtowc
 .text.__malloc_lock
                0x0800400e        0x2 c:/program files (x86)/atollic/truestudio for arm 8.0.0/armtools/bin/../lib/gcc/arm-atollic-eabi/6.3.1/../../../../arm-atollic-eabi/lib/armv6-m\libc_nano.a(lib_a-mlock.o)
                0x0800400e                __malloc_lock
 .text.__malloc_unlock
                0x08004010        0x2 c:/program files (x86)/atollic/truestudio for arm 8.0.0/armtools/bin/../lib/gcc/arm-atollic-eabi/6.3.1/../../../../arm-atollic-eabi/lib/armv6-m\libc_nano.a(lib_a-mlock.o)
                0x08004010                __malloc_unlock
 *fill*         0x08004012        0x2 
 .text.__ssputs_r
                0x08004014       0xc4 c:/program files (x86)/atollic/truestudio for arm 8.0.0/armtools/bin/../lib/gcc/arm-atollic-eabi/6.3.1/../../../../arm-atollic-eabi/lib/armv6-m\libc_nano.a(lib_a-nano-svfprintf.o)
                0x08004014                __ssputs_r
 .text._svfprintf_r
                0x080040d8      0x208 c:/program files (x86)/atollic/truestudio for arm 8.0.0/armtools/bin/../lib/gcc/arm-atollic-eabi/6.3.1/../../../../arm-atollic-eabi/lib/armv6-m\libc_nano.a(lib_a-nano-svfprintf.o)
                0x080040d8                _svfiprintf_r
                0x080040d8                _svfprintf_r
 .text._printf_common
                0x080042e0       0xda c:/program files (x86)/atollic/truestudio for arm 8.0.0/armtools/bin/../lib/gcc/arm-atollic-eabi/6.3.1/../../../../arm-atollic-eabi/lib/armv6-m\libc_nano.a(lib_a-nano-vfprintf_i.o)
                0x080042e0                _printf_common
 *fill*         0x080043ba        0x2 
 .text._printf_i
                0x080043bc      0x234 c:/program files (x86)/atollic/truestudio for arm 8.0.0/armtools/bin/../lib/gcc/arm-atollic-eabi/6.3.1/../../../../arm-atollic-eabi/lib/armv6-m\libc_nano.a(lib_a-nano-vfprintf_i.o)
                0x080043bc                _printf_i
 .text.__ascii_wctomb
                0x080045f0       0x18 c:/program files (x86)/atollic/truestudio for arm 8.0.0/armtools/bin/../lib/gcc/arm-atollic-eabi/6.3.1/../../../../arm-atollic-eabi/lib/armv6-m\libc_nano.a(lib_a-wctomb_r.o)
                0x080045f0                __ascii_wctomb
 .text.memchr   0x08004608       0x16 c:/program files (x86)/atollic/truestudio for arm 8.0.0/armtools/bin/../lib/gcc/arm-atollic-eabi/6.3.1/../../../../arm-atollic-eabi/lib/armv6-m\libc_nano.a(lib_a-memchr-stub.o)
                0x08004608                memchr
 .text.memmove  0x0800461e       0x24 c:/program files (x86)/atollic/truestudio for arm 8.0.0/armtools/bin/../lib/gcc/arm-atollic-eabi/6.3.1/../../../../arm-atollic-eabi/lib/armv6-m\libc_nano.a(lib_a-memmove.o)
                0x0800461e                memmove
 .text._realloc_r
                0x08004642       0x4c c:/program files (x86)/atollic/truestudio for arm 8.0.0/armtools/bin/../lib/gcc/arm-atollic-eabi/6.3.1/../../../../arm-atollic-eabi/lib/armv6-m\libc_nano.a(lib_a-nano-reallocr.o)
                0x08004642                _realloc_r
 .text._malloc_usable_size_r
                0x0800468e       0x10 c:/program files (x86)/atollic/truestudio for arm 8.0.0/armtools/bin/../lib/gcc/arm-atollic-eabi/6.3.1/../../../../arm-atollic-eabi/lib/armv6-m\libc_nano.a(lib_a-nano-msizer.o)
                0x0800468e                _malloc_usable_size_r
 *fill*         0x0800469e        0x2 
 .text._sbrk    0x080046a0       0x20 c:/program files (x86)/atollic/truestudio for arm 8.0.0/armtools/bin/../lib/gcc/arm-atollic-eabi/6.3.1/../../../../arm-atollic-eabi/lib/armv6-m\libnosys.a(sbrk.o)
                0x080046a0                _sbrk
 *(.glue_7)
 .glue_7        0x080046c0        0x0 linker stubs
 *(.glue_7t)
 .glue_7t       0x080046c0        0x0 linker stubs
 *(.eh_frame)
 .eh_frame      0x080046c0        0x0 c:/program files (x86)/atollic/truestudio for arm 8.0.0/armtools/bin/../lib/gcc/arm-atollic-eabi/6.3.1/armv6-m/crtbegin.o
 *(.init)
 .init          0x080046c0        0x4 c:/program files (x86)/atollic/truestudio for arm 8.0.0/armtools/bin/../lib/gcc/arm-atollic-eabi/6.3.1/armv6-m/crti.o
                0x080046c0                _init
 .init          0x080046c4        0x8 c:/program files (x86)/atollic/truestudio for arm 8.0.0/armtools/bin/../lib/gcc/arm-atollic-eabi/6.3.1/armv6-m/crtn.o
 *(.fini)
 .fini          0x080046cc        0x4 c:/program files (x86)/atollic/truestudio for arm 8.0.0/armtools/bin/../lib/gcc/arm-atollic-eabi/6.3.1/armv6-m/crti.o
                0x080046cc                _fini
 .fini          0x080046d0        0x8 c:/program files (x86)/atollic/truestudio for arm 8.0.0/armtools/bin/../lib/gcc/arm-atollic-eabi/6.3.1/armv6-m/crtn.o
                0x080046d8                . = ALIGN (0x4)
                0x080046d8                _etext = .

.vfp11_veneer   0x080046d8        0x0
 .vfp11_veneer  0x080046d8        0x0 linker stubs

.v4_bx          0x080046d8        0x0
 .v4_bx         0x080046d8        0x0 linker stubs

.iplt           0x080046d8        0x0
 .iplt          0x080046d8        0x0 c:/program files (x86)/atollic/truestudio for arm 8.0.0/armtools/bin/../lib/gcc/arm-atollic-eabi/6.3.1/armv6-m/crtbegin.o

.rodata         0x080046d8      0x2c8
                0x080046d8                . = ALIGN (0x4)
 *(.rodata)
 .rodata        0x080046d8       0x20 Drivers\STM32F0xx_HAL_Driver\Src\stm32f0xx_hal_rcc.o
 .rodata        0x080046f8       0x80 c:/program files (x86)/atollic/truestudio for arm 8.0.0/armtools/bin/../lib/gcc/arm-atollic-eabi/6.3.1/armv6-m\libgcc.a(divsf3.o)
 *(.rodata*)
 .rodata.get_current_potentiometer.str1.4
                0x08004778        0x4 Src\dma_comms.o
 .rodata.read_motor_position.str1.4
                0x0800477c        0x3 Src\functions.o
 .rodata.init_variables.str1.4
                0x0800477f        0x3 Src\initialize.o
 *fill*         0x0800477f        0x1 
 .rodata.MX_ADC_Init.str1.4
                0x08004780        0xe Src\main.o
 *fill*         0x0800478e        0x2 
 .rodata.HAL_ADC_MspInit.str1.4
                0x08004790       0x1b Src\stm32f0xx_hal_msp.o
 *fill*         0x080047ab        0x1 
 .rodata.AHBPrescTable
                0x080047ac       0x10 Src\system_stm32f0xx.o
                0x080047ac                AHBPrescTable
 .rodata.APBPrescTable
                0x080047bc        0x8 Src\system_stm32f0xx.o
                0x080047bc                APBPrescTable
 .rodata.uart_request
                0x080047c4       0x60 Src\uart_comms.o
 .rodata.uart_request.str1.4
                0x08004824        0x8 Src\uart_comms.o
 .rodata.user_main.str1.4
                0x0800482c        0x4 Src\user_main.o
 .rodata.str1.4
                0x0800482c       0x34 Src\variables.o
 .rodata._setlocale_r.str1.1
                0x08004860        0x8 c:/program files (x86)/atollic/truestudio for arm 8.0.0/armtools/bin/../lib/gcc/arm-atollic-eabi/6.3.1/../../../../arm-atollic-eabi/lib/armv6-m\libc_nano.a(lib_a-locale.o)
                                  0x9 (size before relaxing)
 .rodata.str1.1
                0x08004868        0x2 c:/program files (x86)/atollic/truestudio for arm 8.0.0/armtools/bin/../lib/gcc/arm-atollic-eabi/6.3.1/../../../../arm-atollic-eabi/lib/armv6-m\libc_nano.a(lib_a-locale.o)
 .rodata._svfprintf_r.str1.1
                0x0800486a       0x11 c:/program files (x86)/atollic/truestudio for arm 8.0.0/armtools/bin/../lib/gcc/arm-atollic-eabi/6.3.1/../../../../arm-atollic-eabi/lib/armv6-m\libc_nano.a(lib_a-nano-svfprintf.o)
 .rodata._printf_i.str1.1
                0x0800487b       0x22 c:/program files (x86)/atollic/truestudio for arm 8.0.0/armtools/bin/../lib/gcc/arm-atollic-eabi/6.3.1/../../../../arm-atollic-eabi/lib/armv6-m\libc_nano.a(lib_a-nano-vfprintf_i.o)
 .rodata._ctype_
                0x0800489d      0x101 c:/program files (x86)/atollic/truestudio for arm 8.0.0/armtools/bin/../lib/gcc/arm-atollic-eabi/6.3.1/../../../../arm-atollic-eabi/lib/armv6-m\libc_nano.a(lib_a-ctype_.o)
                0x0800489d                _ctype_
                0x080049a0                . = ALIGN (0x4)
 *fill*         0x0800499e        0x2 

.rel.dyn        0x080049a0        0x0
 .rel.iplt      0x080049a0        0x0 c:/program files (x86)/atollic/truestudio for arm 8.0.0/armtools/bin/../lib/gcc/arm-atollic-eabi/6.3.1/armv6-m/crtbegin.o

.ARM.extab
 *(.ARM.extab* .gnu.linkonce.armextab.*)

.ARM            0x080049a0        0x0
                0x080049a0                __exidx_start = .
 *(.ARM.exidx*)
                0x080049a0                __exidx_end = .

.preinit_array  0x080049a0        0x0
                0x080049a0                PROVIDE (__preinit_array_start, .)
 *(.preinit_array*)
                0x080049a0                PROVIDE (__preinit_array_end, .)

.init_array     0x080049a0        0x4
                0x080049a0                PROVIDE (__init_array_start, .)
 *(SORT(.init_array.*))
 *(.init_array*)
 .init_array    0x080049a0        0x4 c:/program files (x86)/atollic/truestudio for arm 8.0.0/armtools/bin/../lib/gcc/arm-atollic-eabi/6.3.1/armv6-m/crtbegin.o
                0x080049a4                PROVIDE (__init_array_end, .)

.fini_array     0x080049a4        0x4
                [!provide]                PROVIDE (__fini_array_start, .)
 *(SORT(.fini_array.*))
 *(.fini_array*)
 .fini_array    0x080049a4        0x4 c:/program files (x86)/atollic/truestudio for arm 8.0.0/armtools/bin/../lib/gcc/arm-atollic-eabi/6.3.1/armv6-m/crtbegin.o
                [!provide]                PROVIDE (__fini_array_end, .)
                0x080049a8                _sidata = LOADADDR (.data)

.data           0x20000000      0x1e8 load address 0x080049a8
                0x20000000                . = ALIGN (0x4)
                0x20000000                _sdata = .
 *(.data)
 *(.data*)
 .data.SystemCoreClock
                0x20000000        0x4 Src\system_stm32f0xx.o
                0x20000000                SystemCoreClock
 .data.acrobat  0x20000004        0x4 Src\variables.o
                0x20000004                acrobat
 .data.comma    0x20000008        0x4 Src\variables.o
                0x20000008                comma
 .data.dollar   0x2000000c        0x4 Src\variables.o
                0x2000000c                dollar
 .data.enable_ADC_interrupt
                0x20000010        0x1 Src\variables.o
                0x20000010                enable_ADC_interrupt
 .data.enable_encoder_reading
                0x20000011        0x1 Src\variables.o
                0x20000011                enable_encoder_reading
 *fill*         0x20000012        0x2 
 .data.endSymbol
                0x20000014        0x4 Src\variables.o
                0x20000014                endSymbol
 .data._impure_ptr
                0x20000018        0x4 c:/program files (x86)/atollic/truestudio for arm 8.0.0/armtools/bin/../lib/gcc/arm-atollic-eabi/6.3.1/../../../../arm-atollic-eabi/lib/armv6-m\libc_nano.a(lib_a-impure.o)
                0x20000018                _impure_ptr
 .data.impure_data
                0x2000001c       0x60 c:/program files (x86)/atollic/truestudio for arm 8.0.0/armtools/bin/../lib/gcc/arm-atollic-eabi/6.3.1/../../../../arm-atollic-eabi/lib/armv6-m\libc_nano.a(lib_a-impure.o)
 .data.__global_locale
                0x2000007c      0x16c c:/program files (x86)/atollic/truestudio for arm 8.0.0/armtools/bin/../lib/gcc/arm-atollic-eabi/6.3.1/../../../../arm-atollic-eabi/lib/armv6-m\libc_nano.a(lib_a-locale.o)
                0x2000007c                __global_locale
                0x200001e8                . = ALIGN (0x4)
                0x200001e8                _edata = .

.igot.plt       0x200001e8        0x0 load address 0x08004b90
 .igot.plt      0x200001e8        0x0 c:/program files (x86)/atollic/truestudio for arm 8.0.0/armtools/bin/../lib/gcc/arm-atollic-eabi/6.3.1/armv6-m/crtbegin.o
                0x200001e8                . = ALIGN (0x4)

.bss            0x200001e8      0x26c load address 0x08004b90
                0x200001e8                _sbss = .
                0x200001e8                __bss_start__ = _sbss
 *(.bss)
 .bss           0x200001e8       0x1c c:/program files (x86)/atollic/truestudio for arm 8.0.0/armtools/bin/../lib/gcc/arm-atollic-eabi/6.3.1/armv6-m/crtbegin.o
 *(.bss*)
 .bss.ADC_buffer
                0x20000204        0x4 Src\variables.o
                0x20000204                ADC_buffer
 .bss.adc_flag  0x20000208        0x1 Src\variables.o
                0x20000208                adc_flag
 .bss.controller_torque
                0x20000209        0x1 Src\variables.o
                0x20000209                controller_torque
 *fill*         0x2000020a        0x2 
 .bss.data_buffer
                0x2000020c        0x4 Src\variables.o
                0x2000020c                data_buffer
 .bss.data_flag
                0x20000210        0x1 Src\variables.o
                0x20000210                data_flag
 .bss.duty_cycle
                0x20000211        0x1 Src\variables.o
                0x20000211                duty_cycle
 .bss.enable_data_aquisition
                0x20000212        0x1 Src\variables.o
                0x20000212                enable_data_aquisition
 .bss.encoder_flag
                0x20000213        0x1 Src\variables.o
                0x20000213                encoder_flag
 .bss.motor_dir
                0x20000214        0x4 Src\variables.o
                0x20000214                motor_dir
 .bss.pwm_flag  0x20000218        0x1 Src\variables.o
                0x20000218                pwm_flag
 *fill*         0x20000219        0x3 
 .bss.q2_steps  0x2000021c        0x4 Src\variables.o
                0x2000021c                q2_steps
 .bss.receive_send
                0x20000220        0x1 Src\variables.o
                0x20000220                receive_send
 *fill*         0x20000221        0x3 
 .bss.rx_buffer
                0x20000224        0x4 Src\variables.o
                0x20000224                rx_buffer
 .bss.rx_buffer_cntr
                0x20000228        0x1 Src\variables.o
                0x20000228                rx_buffer_cntr
 *fill*         0x20000229        0x3 
 .bss.rx_buffer_copy
                0x2000022c        0x4 Src\variables.o
                0x2000022c                rx_buffer_copy
 .bss.rx_byte   0x20000230        0x1 Src\variables.o
                0x20000230                rx_byte
 *fill*         0x20000231        0x3 
 .bss.sampledCurrent
                0x20000234        0x4 Src\variables.o
                0x20000234                sampledCurrent
 .bss.sampledPotentiometer
                0x20000238        0x4 Src\variables.o
                0x20000238                sampledPotentiometer
 .bss.sampledPotentiometer_prev
                0x2000023c        0x4 Src\variables.o
                0x2000023c                sampledPotentiometer_prev
 .bss.scratchpad
                0x20000240        0x4 Src\variables.o
                0x20000240                scratchpad
 .bss.send_q1   0x20000244        0x4 Src\variables.o
                0x20000244                send_q1
 .bss.send_q2   0x20000248        0x4 Src\variables.o
                0x20000248                send_q2
 .bss.send_time
                0x2000024c        0x4 Src\variables.o
                0x2000024c                send_time
 .bss.send_torque
                0x20000250        0x4 Src\variables.o
                0x20000250                send_torque
 .bss.size_data_buffer
                0x20000254        0x4 Src\variables.o
                0x20000254                size_data_buffer
 .bss.size_q1   0x20000258        0x4 Src\variables.o
                0x20000258                size_q1
 .bss.size_q2   0x2000025c        0x4 Src\variables.o
                0x2000025c                size_q2
 .bss.size_time
                0x20000260        0x4 Src\variables.o
                0x20000260                size_time
 .bss.size_torque
                0x20000264        0x4 Src\variables.o
                0x20000264                size_torque
 .bss.time      0x20000268        0x4 Src\variables.o
                0x20000268                time
 .bss.torque    0x2000026c        0x1 Src\variables.o
                0x2000026c                torque
 *fill*         0x2000026d        0x3 
 .bss.torque_received
                0x20000270        0x4 Src\variables.o
                0x20000270                torque_received
 .bss.uart_flag
                0x20000274        0x1 Src\variables.o
                0x20000274                uart_flag
 *fill*         0x20000275        0x3 
 .bss.verification
                0x20000278        0x4 Src\variables.o
                0x20000278                verification
 .bss.__malloc_free_list
                0x2000027c        0x4 c:/program files (x86)/atollic/truestudio for arm 8.0.0/armtools/bin/../lib/gcc/arm-atollic-eabi/6.3.1/../../../../arm-atollic-eabi/lib/armv6-m\libc_nano.a(lib_a-nano-mallocr.o)
                0x2000027c                __malloc_free_list
 .bss.__malloc_sbrk_start
                0x20000280        0x4 c:/program files (x86)/atollic/truestudio for arm 8.0.0/armtools/bin/../lib/gcc/arm-atollic-eabi/6.3.1/../../../../arm-atollic-eabi/lib/armv6-m\libc_nano.a(lib_a-nano-mallocr.o)
                0x20000280                __malloc_sbrk_start
 .bss.heap_end.4116
                0x20000284        0x4 c:/program files (x86)/atollic/truestudio for arm 8.0.0/armtools/bin/../lib/gcc/arm-atollic-eabi/6.3.1/../../../../arm-atollic-eabi/lib/armv6-m\libnosys.a(sbrk.o)
 *(COMMON)
 COMMON         0x20000288        0x4 Drivers\STM32F0xx_HAL_Driver\Src\stm32f0xx_hal.o
                0x20000288                uwTick
 COMMON         0x2000028c      0x1c4 Src\main.o
                0x2000028c                htim3
                0x200002cc                hdma_usart1_tx
                0x20000310                huart1
                0x20000380                htim14
                0x200003c0                hdma_adc
                0x20000404                hadc
 COMMON         0x20000450        0x4 c:/program files (x86)/atollic/truestudio for arm 8.0.0/armtools/bin/../lib/gcc/arm-atollic-eabi/6.3.1/../../../../arm-atollic-eabi/lib/armv6-m\libc_nano.a(lib_a-reent.o)
                0x20000450                errno
                0x20000454                . = ALIGN (0x4)
                0x20000454                _ebss = .
                0x20000454                __bss_end__ = _ebss

._user_heap_stack
                0x20000454      0x600 load address 0x08004b90
                0x20000454                . = ALIGN (0x4)
                0x20000454                PROVIDE (end, .)
                [!provide]                PROVIDE (_end, .)
                0x20000654                . = (. + _Min_Heap_Size)
 *fill*         0x20000454      0x200 
                0x20000a54                . = (. + _Min_Stack_Size)
 *fill*         0x20000654      0x400 
                0x20000a54                . = ALIGN (0x4)

/DISCARD/
 libc.a(*)
 libm.a(*)
 libgcc.a(*)

.ARM.attributes
                0x00000000       0x28
 *(.ARM.attributes)
 .ARM.attributes
                0x00000000       0x1e c:/program files (x86)/atollic/truestudio for arm 8.0.0/armtools/bin/../lib/gcc/arm-atollic-eabi/6.3.1/armv6-m/crti.o
 .ARM.attributes
                0x0000001e       0x2c c:/program files (x86)/atollic/truestudio for arm 8.0.0/armtools/bin/../lib/gcc/arm-atollic-eabi/6.3.1/armv6-m/crtbegin.o
 .ARM.attributes
                0x0000004a       0x31 Drivers\STM32F0xx_HAL_Driver\Src\stm32f0xx_hal.o
 .ARM.attributes
                0x0000007b       0x31 Drivers\STM32F0xx_HAL_Driver\Src\stm32f0xx_hal_adc.o
 .ARM.attributes
                0x000000ac       0x31 Drivers\STM32F0xx_HAL_Driver\Src\stm32f0xx_hal_adc_ex.o
 .ARM.attributes
                0x000000dd       0x31 Drivers\STM32F0xx_HAL_Driver\Src\stm32f0xx_hal_cortex.o
 .ARM.attributes
                0x0000010e       0x31 Drivers\STM32F0xx_HAL_Driver\Src\stm32f0xx_hal_dma.o
 .ARM.attributes
                0x0000013f       0x31 Drivers\STM32F0xx_HAL_Driver\Src\stm32f0xx_hal_gpio.o
 .ARM.attributes
                0x00000170       0x31 Drivers\STM32F0xx_HAL_Driver\Src\stm32f0xx_hal_rcc.o
 .ARM.attributes
                0x000001a1       0x31 Drivers\STM32F0xx_HAL_Driver\Src\stm32f0xx_hal_rcc_ex.o
 .ARM.attributes
                0x000001d2       0x31 Drivers\STM32F0xx_HAL_Driver\Src\stm32f0xx_hal_tim.o
 .ARM.attributes
                0x00000203       0x31 Drivers\STM32F0xx_HAL_Driver\Src\stm32f0xx_hal_tim_ex.o
 .ARM.attributes
                0x00000234       0x31 Drivers\STM32F0xx_HAL_Driver\Src\stm32f0xx_hal_uart.o
 .ARM.attributes
                0x00000265       0x31 Src\dma_comms.o
 .ARM.attributes
                0x00000296       0x31 Src\functions.o
 .ARM.attributes
                0x000002c7       0x31 Src\initialize.o
 .ARM.attributes
                0x000002f8       0x31 Src\main.o
 .ARM.attributes
                0x00000329       0x31 Src\stm32f0xx_hal_msp.o
 .ARM.attributes
                0x0000035a       0x31 Src\stm32f0xx_it.o
 .ARM.attributes
                0x0000038b       0x31 Src\system_stm32f0xx.o
 .ARM.attributes
                0x000003bc       0x31 Src\uart_comms.o
 .ARM.attributes
                0x000003ed       0x31 Src\user_main.o
 .ARM.attributes
                0x0000041e       0x31 Src\variables.o
 .ARM.attributes
                0x0000044f       0x21 startup\startup_stm32f030x6.o
 .ARM.attributes
                0x00000470       0x2c c:/program files (x86)/atollic/truestudio for arm 8.0.0/armtools/bin/../lib/gcc/arm-atollic-eabi/6.3.1/../../../../arm-atollic-eabi/lib/armv6-m\libc_nano.a(lib_a-init.o)
 .ARM.attributes
                0x0000049c       0x2c c:/program files (x86)/atollic/truestudio for arm 8.0.0/armtools/bin/../lib/gcc/arm-atollic-eabi/6.3.1/../../../../arm-atollic-eabi/lib/armv6-m\libc_nano.a(lib_a-malloc.o)
 .ARM.attributes
                0x000004c8       0x2c c:/program files (x86)/atollic/truestudio for arm 8.0.0/armtools/bin/../lib/gcc/arm-atollic-eabi/6.3.1/../../../../arm-atollic-eabi/lib/armv6-m\libc_nano.a(lib_a-memcpy-stub.o)
 .ARM.attributes
                0x000004f4       0x2c c:/program files (x86)/atollic/truestudio for arm 8.0.0/armtools/bin/../lib/gcc/arm-atollic-eabi/6.3.1/../../../../arm-atollic-eabi/lib/armv6-m\libc_nano.a(lib_a-memset.o)
 .ARM.attributes
                0x00000520       0x2c c:/program files (x86)/atollic/truestudio for arm 8.0.0/armtools/bin/../lib/gcc/arm-atollic-eabi/6.3.1/../../../../arm-atollic-eabi/lib/armv6-m\libc_nano.a(lib_a-nano-freer.o)
 .ARM.attributes
                0x0000054c       0x2c c:/program files (x86)/atollic/truestudio for arm 8.0.0/armtools/bin/../lib/gcc/arm-atollic-eabi/6.3.1/../../../../arm-atollic-eabi/lib/armv6-m\libc_nano.a(lib_a-nano-mallocr.o)
 .ARM.attributes
                0x00000578       0x2c c:/program files (x86)/atollic/truestudio for arm 8.0.0/armtools/bin/../lib/gcc/arm-atollic-eabi/6.3.1/../../../../arm-atollic-eabi/lib/armv6-m\libc_nano.a(lib_a-sbrkr.o)
 .ARM.attributes
                0x000005a4       0x2c c:/program files (x86)/atollic/truestudio for arm 8.0.0/armtools/bin/../lib/gcc/arm-atollic-eabi/6.3.1/../../../../arm-atollic-eabi/lib/armv6-m\libc_nano.a(lib_a-sprintf.o)
 .ARM.attributes
                0x000005d0       0x1c c:/program files (x86)/atollic/truestudio for arm 8.0.0/armtools/bin/../lib/gcc/arm-atollic-eabi/6.3.1/../../../../arm-atollic-eabi/lib/armv6-m\libc_nano.a(lib_a-strlen.o)
 .ARM.attributes
                0x000005ec       0x2c c:/program files (x86)/atollic/truestudio for arm 8.0.0/armtools/bin/../lib/gcc/arm-atollic-eabi/6.3.1/../../../../arm-atollic-eabi/lib/armv6-m\libc_nano.a(lib_a-strtok.o)
 .ARM.attributes
                0x00000618       0x2c c:/program files (x86)/atollic/truestudio for arm 8.0.0/armtools/bin/../lib/gcc/arm-atollic-eabi/6.3.1/../../../../arm-atollic-eabi/lib/armv6-m\libc_nano.a(lib_a-strtok_r.o)
 .ARM.attributes
                0x00000644       0x2c c:/program files (x86)/atollic/truestudio for arm 8.0.0/armtools/bin/../lib/gcc/arm-atollic-eabi/6.3.1/../../../../arm-atollic-eabi/lib/armv6-m\libc_nano.a(lib_a-strtol.o)
 .ARM.attributes
                0x00000670       0x2c c:/program files (x86)/atollic/truestudio for arm 8.0.0/armtools/bin/../lib/gcc/arm-atollic-eabi/6.3.1/../../../../arm-atollic-eabi/lib/armv6-m\libc_nano.a(lib_a-impure.o)
 .ARM.attributes
                0x0000069c       0x2c c:/program files (x86)/atollic/truestudio for arm 8.0.0/armtools/bin/../lib/gcc/arm-atollic-eabi/6.3.1/../../../../arm-atollic-eabi/lib/armv6-m\libc_nano.a(lib_a-locale.o)
 .ARM.attributes
                0x000006c8       0x2c c:/program files (x86)/atollic/truestudio for arm 8.0.0/armtools/bin/../lib/gcc/arm-atollic-eabi/6.3.1/../../../../arm-atollic-eabi/lib/armv6-m\libc_nano.a(lib_a-mbtowc_r.o)
 .ARM.attributes
                0x000006f4       0x2c c:/program files (x86)/atollic/truestudio for arm 8.0.0/armtools/bin/../lib/gcc/arm-atollic-eabi/6.3.1/../../../../arm-atollic-eabi/lib/armv6-m\libc_nano.a(lib_a-mlock.o)
 .ARM.attributes
                0x00000720       0x2c c:/program files (x86)/atollic/truestudio for arm 8.0.0/armtools/bin/../lib/gcc/arm-atollic-eabi/6.3.1/../../../../arm-atollic-eabi/lib/armv6-m\libc_nano.a(lib_a-nano-svfprintf.o)
 .ARM.attributes
                0x0000074c       0x2c c:/program files (x86)/atollic/truestudio for arm 8.0.0/armtools/bin/../lib/gcc/arm-atollic-eabi/6.3.1/../../../../arm-atollic-eabi/lib/armv6-m\libc_nano.a(lib_a-nano-vfprintf_i.o)
 .ARM.attributes
                0x00000778       0x2c c:/program files (x86)/atollic/truestudio for arm 8.0.0/armtools/bin/../lib/gcc/arm-atollic-eabi/6.3.1/../../../../arm-atollic-eabi/lib/armv6-m\libc_nano.a(lib_a-reent.o)
 .ARM.attributes
                0x000007a4       0x2c c:/program files (x86)/atollic/truestudio for arm 8.0.0/armtools/bin/../lib/gcc/arm-atollic-eabi/6.3.1/../../../../arm-atollic-eabi/lib/armv6-m\libc_nano.a(lib_a-wctomb_r.o)
 .ARM.attributes
                0x000007d0       0x2c c:/program files (x86)/atollic/truestudio for arm 8.0.0/armtools/bin/../lib/gcc/arm-atollic-eabi/6.3.1/../../../../arm-atollic-eabi/lib/armv6-m\libc_nano.a(lib_a-ctype_.o)
 .ARM.attributes
                0x000007fc       0x2c c:/program files (x86)/atollic/truestudio for arm 8.0.0/armtools/bin/../lib/gcc/arm-atollic-eabi/6.3.1/../../../../arm-atollic-eabi/lib/armv6-m\libc_nano.a(lib_a-memchr-stub.o)
 .ARM.attributes
                0x00000828       0x2c c:/program files (x86)/atollic/truestudio for arm 8.0.0/armtools/bin/../lib/gcc/arm-atollic-eabi/6.3.1/../../../../arm-atollic-eabi/lib/armv6-m\libc_nano.a(lib_a-memmove.o)
 .ARM.attributes
                0x00000854       0x2c c:/program files (x86)/atollic/truestudio for arm 8.0.0/armtools/bin/../lib/gcc/arm-atollic-eabi/6.3.1/../../../../arm-atollic-eabi/lib/armv6-m\libc_nano.a(lib_a-nano-reallocr.o)
 .ARM.attributes
                0x00000880       0x2c c:/program files (x86)/atollic/truestudio for arm 8.0.0/armtools/bin/../lib/gcc/arm-atollic-eabi/6.3.1/../../../../arm-atollic-eabi/lib/armv6-m\libc_nano.a(lib_a-nano-msizer.o)
 .ARM.attributes
                0x000008ac       0x1e c:/program files (x86)/atollic/truestudio for arm 8.0.0/armtools/bin/../lib/gcc/arm-atollic-eabi/6.3.1/armv6-m\libgcc.a(_udivsi3.o)
 .ARM.attributes
                0x000008ca       0x1e c:/program files (x86)/atollic/truestudio for arm 8.0.0/armtools/bin/../lib/gcc/arm-atollic-eabi/6.3.1/armv6-m\libgcc.a(_dvmd_tls.o)
 .ARM.attributes
                0x000008e8       0x2c c:/program files (x86)/atollic/truestudio for arm 8.0.0/armtools/bin/../lib/gcc/arm-atollic-eabi/6.3.1/armv6-m\libgcc.a(_fixunssfsi.o)
 .ARM.attributes
                0x00000914       0x2c c:/program files (x86)/atollic/truestudio for arm 8.0.0/armtools/bin/../lib/gcc/arm-atollic-eabi/6.3.1/armv6-m\libgcc.a(addsf3.o)
 .ARM.attributes
                0x00000940       0x2c c:/program files (x86)/atollic/truestudio for arm 8.0.0/armtools/bin/../lib/gcc/arm-atollic-eabi/6.3.1/armv6-m\libgcc.a(divsf3.o)
 .ARM.attributes
                0x0000096c       0x2c c:/program files (x86)/atollic/truestudio for arm 8.0.0/armtools/bin/../lib/gcc/arm-atollic-eabi/6.3.1/armv6-m\libgcc.a(subsf3.o)
 .ARM.attributes
                0x00000998       0x2c c:/program files (x86)/atollic/truestudio for arm 8.0.0/armtools/bin/../lib/gcc/arm-atollic-eabi/6.3.1/armv6-m\libgcc.a(fixsfsi.o)
 .ARM.attributes
                0x000009c4       0x2c c:/program files (x86)/atollic/truestudio for arm 8.0.0/armtools/bin/../lib/gcc/arm-atollic-eabi/6.3.1/armv6-m\libgcc.a(floatsisf.o)
 .ARM.attributes
                0x000009f0       0x1e c:/program files (x86)/atollic/truestudio for arm 8.0.0/armtools/bin/../lib/gcc/arm-atollic-eabi/6.3.1/armv6-m\libgcc.a(_arm_cmpsf2.o)
 .ARM.attributes
                0x00000a0e       0x1e c:/program files (x86)/atollic/truestudio for arm 8.0.0/armtools/bin/../lib/gcc/arm-atollic-eabi/6.3.1/armv6-m\libgcc.a(_clzsi2.o)
 .ARM.attributes
                0x00000a2c       0x2c c:/program files (x86)/atollic/truestudio for arm 8.0.0/armtools/bin/../lib/gcc/arm-atollic-eabi/6.3.1/armv6-m\libgcc.a(eqsf2.o)
 .ARM.attributes
                0x00000a58       0x2c c:/program files (x86)/atollic/truestudio for arm 8.0.0/armtools/bin/../lib/gcc/arm-atollic-eabi/6.3.1/armv6-m\libgcc.a(gesf2.o)
 .ARM.attributes
                0x00000a84       0x2c c:/program files (x86)/atollic/truestudio for arm 8.0.0/armtools/bin/../lib/gcc/arm-atollic-eabi/6.3.1/armv6-m\libgcc.a(lesf2.o)
 .ARM.attributes
                0x00000ab0       0x2c c:/program files (x86)/atollic/truestudio for arm 8.0.0/armtools/bin/../lib/gcc/arm-atollic-eabi/6.3.1/../../../../arm-atollic-eabi/lib/armv6-m\libnosys.a(sbrk.o)
 .ARM.attributes
                0x00000adc       0x1e c:/program files (x86)/atollic/truestudio for arm 8.0.0/armtools/bin/../lib/gcc/arm-atollic-eabi/6.3.1/armv6-m/crtn.o
OUTPUT(acrobat_v4.elf elf32-littlearm)

.debug_info     0x00000000    0x1c4c8
 .debug_info    0x00000000      0xe2f Drivers\STM32F0xx_HAL_Driver\Src\stm32f0xx_hal.o
 .debug_info    0x00000e2f     0x1666 Drivers\STM32F0xx_HAL_Driver\Src\stm32f0xx_hal_adc.o
 .debug_info    0x00002495      0xdad Drivers\STM32F0xx_HAL_Driver\Src\stm32f0xx_hal_adc_ex.o
 .debug_info    0x00003242      0xfa5 Drivers\STM32F0xx_HAL_Driver\Src\stm32f0xx_hal_cortex.o
 .debug_info    0x000041e7     0x1015 Drivers\STM32F0xx_HAL_Driver\Src\stm32f0xx_hal_dma.o
 .debug_info    0x000051fc      0xe4a Drivers\STM32F0xx_HAL_Driver\Src\stm32f0xx_hal_gpio.o
 .debug_info    0x00006046     0x1129 Drivers\STM32F0xx_HAL_Driver\Src\stm32f0xx_hal_rcc.o
 .debug_info    0x0000716f      0xbf6 Drivers\STM32F0xx_HAL_Driver\Src\stm32f0xx_hal_rcc_ex.o
 .debug_info    0x00007d65     0x36ce Drivers\STM32F0xx_HAL_Driver\Src\stm32f0xx_hal_tim.o
 .debug_info    0x0000b433     0x1a7c Drivers\STM32F0xx_HAL_Driver\Src\stm32f0xx_hal_tim_ex.o
 .debug_info    0x0000ceaf     0x1fe2 Drivers\STM32F0xx_HAL_Driver\Src\stm32f0xx_hal_uart.o
 .debug_info    0x0000ee91      0xdae Src\dma_comms.o
 .debug_info    0x0000fc3f     0x17b5 Src\functions.o
 .debug_info    0x000113f4     0x1aea Src\initialize.o
 .debug_info    0x00012ede     0x228d Src\main.o
 .debug_info    0x0001516b     0x1973 Src\stm32f0xx_hal_msp.o
 .debug_info    0x00016ade     0x1230 Src\stm32f0xx_it.o
 .debug_info    0x00017d0e      0xa67 Src\system_stm32f0xx.o
 .debug_info    0x00018775     0x176b Src\uart_comms.o
 .debug_info    0x00019ee0     0x15a4 Src\user_main.o
 .debug_info    0x0001b484      0xfa5 Src\variables.o
 .debug_info    0x0001c429       0x9f startup\startup_stm32f030x6.o

.debug_abbrev   0x00000000     0x3256
 .debug_abbrev  0x00000000      0x2b9 Drivers\STM32F0xx_HAL_Driver\Src\stm32f0xx_hal.o
 .debug_abbrev  0x000002b9      0x2b3 Drivers\STM32F0xx_HAL_Driver\Src\stm32f0xx_hal_adc.o
 .debug_abbrev  0x0000056c      0x1d7 Drivers\STM32F0xx_HAL_Driver\Src\stm32f0xx_hal_adc_ex.o
 .debug_abbrev  0x00000743      0x2fa Drivers\STM32F0xx_HAL_Driver\Src\stm32f0xx_hal_cortex.o
 .debug_abbrev  0x00000a3d      0x295 Drivers\STM32F0xx_HAL_Driver\Src\stm32f0xx_hal_dma.o
 .debug_abbrev  0x00000cd2      0x26a Drivers\STM32F0xx_HAL_Driver\Src\stm32f0xx_hal_gpio.o
 .debug_abbrev  0x00000f3c      0x2ad Drivers\STM32F0xx_HAL_Driver\Src\stm32f0xx_hal_rcc.o
 .debug_abbrev  0x000011e9      0x268 Drivers\STM32F0xx_HAL_Driver\Src\stm32f0xx_hal_rcc_ex.o
 .debug_abbrev  0x00001451      0x2a1 Drivers\STM32F0xx_HAL_Driver\Src\stm32f0xx_hal_tim.o
 .debug_abbrev  0x000016f2      0x2a1 Drivers\STM32F0xx_HAL_Driver\Src\stm32f0xx_hal_tim_ex.o
 .debug_abbrev  0x00001993      0x28e Drivers\STM32F0xx_HAL_Driver\Src\stm32f0xx_hal_uart.o
 .debug_abbrev  0x00001c21      0x1eb Src\dma_comms.o
 .debug_abbrev  0x00001e0c      0x29b Src\functions.o
 .debug_abbrev  0x000020a7      0x246 Src\initialize.o
 .debug_abbrev  0x000022ed      0x2d9 Src\main.o
 .debug_abbrev  0x000025c6      0x269 Src\stm32f0xx_hal_msp.o
 .debug_abbrev  0x0000282f      0x20a Src\stm32f0xx_it.o
 .debug_abbrev  0x00002a39      0x1ca Src\system_stm32f0xx.o
 .debug_abbrev  0x00002c03      0x261 Src\uart_comms.o
 .debug_abbrev  0x00002e64      0x239 Src\user_main.o
 .debug_abbrev  0x0000309d      0x1a7 Src\variables.o
 .debug_abbrev  0x00003244       0x12 startup\startup_stm32f030x6.o

.debug_loc      0x00000000     0x8626
 .debug_loc     0x00000000       0x7c Drivers\STM32F0xx_HAL_Driver\Src\stm32f0xx_hal.o
 .debug_loc     0x0000007c      0xc12 Drivers\STM32F0xx_HAL_Driver\Src\stm32f0xx_hal_adc.o
 .debug_loc     0x00000c8e       0xfd Drivers\STM32F0xx_HAL_Driver\Src\stm32f0xx_hal_adc_ex.o
 .debug_loc     0x00000d8b      0x393 Drivers\STM32F0xx_HAL_Driver\Src\stm32f0xx_hal_cortex.o
 .debug_loc     0x0000111e      0x7ee Drivers\STM32F0xx_HAL_Driver\Src\stm32f0xx_hal_dma.o
 .debug_loc     0x0000190c      0x2b2 Drivers\STM32F0xx_HAL_Driver\Src\stm32f0xx_hal_gpio.o
 .debug_loc     0x00001bbe      0x421 Drivers\STM32F0xx_HAL_Driver\Src\stm32f0xx_hal_rcc.o
 .debug_loc     0x00001fdf      0x342 Drivers\STM32F0xx_HAL_Driver\Src\stm32f0xx_hal_rcc_ex.o
 .debug_loc     0x00002321     0x381e Drivers\STM32F0xx_HAL_Driver\Src\stm32f0xx_hal_tim.o
 .debug_loc     0x00005b3f     0x110a Drivers\STM32F0xx_HAL_Driver\Src\stm32f0xx_hal_tim_ex.o
 .debug_loc     0x00006c49     0x1642 Drivers\STM32F0xx_HAL_Driver\Src\stm32f0xx_hal_uart.o
 .debug_loc     0x0000828b       0x63 Src\functions.o
 .debug_loc     0x000082ee      0x22a Src\stm32f0xx_hal_msp.o
 .debug_loc     0x00008518      0x10e Src\system_stm32f0xx.o

.debug_aranges  0x00000000      0xd00
 .debug_aranges
                0x00000000       0xb8 Drivers\STM32F0xx_HAL_Driver\Src\stm32f0xx_hal.o
 .debug_aranges
                0x000000b8       0xf8 Drivers\STM32F0xx_HAL_Driver\Src\stm32f0xx_hal_adc.o
 .debug_aranges
                0x000001b0       0x20 Drivers\STM32F0xx_HAL_Driver\Src\stm32f0xx_hal_adc_ex.o
 .debug_aranges
                0x000001d0       0x78 Drivers\STM32F0xx_HAL_Driver\Src\stm32f0xx_hal_cortex.o
 .debug_aranges
                0x00000248       0x88 Drivers\STM32F0xx_HAL_Driver\Src\stm32f0xx_hal_dma.o
 .debug_aranges
                0x000002d0       0x58 Drivers\STM32F0xx_HAL_Driver\Src\stm32f0xx_hal_gpio.o
 .debug_aranges
                0x00000328       0x80 Drivers\STM32F0xx_HAL_Driver\Src\stm32f0xx_hal_rcc.o
 .debug_aranges
                0x000003a8       0x30 Drivers\STM32F0xx_HAL_Driver\Src\stm32f0xx_hal_rcc_ex.o
 .debug_aranges
                0x000003d8      0x378 Drivers\STM32F0xx_HAL_Driver\Src\stm32f0xx_hal_tim.o
 .debug_aranges
                0x00000750      0x140 Drivers\STM32F0xx_HAL_Driver\Src\stm32f0xx_hal_tim_ex.o
 .debug_aranges
                0x00000890      0x1d8 Drivers\STM32F0xx_HAL_Driver\Src\stm32f0xx_hal_uart.o
 .debug_aranges
                0x00000a68       0x20 Src\dma_comms.o
 .debug_aranges
                0x00000a88       0x68 Src\functions.o
 .debug_aranges
                0x00000af0       0x28 Src\initialize.o
 .debug_aranges
                0x00000b18       0x60 Src\main.o
 .debug_aranges
                0x00000b78       0x68 Src\stm32f0xx_hal_msp.o
 .debug_aranges
                0x00000be0       0x70 Src\stm32f0xx_it.o
 .debug_aranges
                0x00000c50       0x28 Src\system_stm32f0xx.o
 .debug_aranges
                0x00000c78       0x28 Src\uart_comms.o
 .debug_aranges
                0x00000ca0       0x20 Src\user_main.o
 .debug_aranges
                0x00000cc0       0x18 Src\variables.o
 .debug_aranges
                0x00000cd8       0x28 startup\startup_stm32f030x6.o

.debug_ranges   0x00000000      0xc18
 .debug_ranges  0x00000000       0xa8 Drivers\STM32F0xx_HAL_Driver\Src\stm32f0xx_hal.o
 .debug_ranges  0x000000a8       0xe8 Drivers\STM32F0xx_HAL_Driver\Src\stm32f0xx_hal_adc.o
 .debug_ranges  0x00000190       0x10 Drivers\STM32F0xx_HAL_Driver\Src\stm32f0xx_hal_adc_ex.o
 .debug_ranges  0x000001a0       0xb0 Drivers\STM32F0xx_HAL_Driver\Src\stm32f0xx_hal_cortex.o
 .debug_ranges  0x00000250       0x78 Drivers\STM32F0xx_HAL_Driver\Src\stm32f0xx_hal_dma.o
 .debug_ranges  0x000002c8       0x48 Drivers\STM32F0xx_HAL_Driver\Src\stm32f0xx_hal_gpio.o
 .debug_ranges  0x00000310       0x88 Drivers\STM32F0xx_HAL_Driver\Src\stm32f0xx_hal_rcc.o
 .debug_ranges  0x00000398       0x38 Drivers\STM32F0xx_HAL_Driver\Src\stm32f0xx_hal_rcc_ex.o
 .debug_ranges  0x000003d0      0x368 Drivers\STM32F0xx_HAL_Driver\Src\stm32f0xx_hal_tim.o
 .debug_ranges  0x00000738      0x130 Drivers\STM32F0xx_HAL_Driver\Src\stm32f0xx_hal_tim_ex.o
 .debug_ranges  0x00000868      0x1c8 Drivers\STM32F0xx_HAL_Driver\Src\stm32f0xx_hal_uart.o
 .debug_ranges  0x00000a30       0x10 Src\dma_comms.o
 .debug_ranges  0x00000a40       0x58 Src\functions.o
 .debug_ranges  0x00000a98       0x18 Src\initialize.o
 .debug_ranges  0x00000ab0       0x50 Src\main.o
 .debug_ranges  0x00000b00       0x58 Src\stm32f0xx_hal_msp.o
 .debug_ranges  0x00000b58       0x60 Src\stm32f0xx_it.o
 .debug_ranges  0x00000bb8       0x18 Src\system_stm32f0xx.o
 .debug_ranges  0x00000bd0       0x18 Src\uart_comms.o
 .debug_ranges  0x00000be8       0x10 Src\user_main.o
 .debug_ranges  0x00000bf8       0x20 startup\startup_stm32f030x6.o

.debug_line     0x00000000     0x77fb
 .debug_line    0x00000000      0x427 Drivers\STM32F0xx_HAL_Driver\Src\stm32f0xx_hal.o
 .debug_line    0x00000427      0x7f7 Drivers\STM32F0xx_HAL_Driver\Src\stm32f0xx_hal_adc.o
 .debug_line    0x00000c1e      0x2fe Drivers\STM32F0xx_HAL_Driver\Src\stm32f0xx_hal_adc_ex.o
 .debug_line    0x00000f1c      0x3c3 Drivers\STM32F0xx_HAL_Driver\Src\stm32f0xx_hal_cortex.o
 .debug_line    0x000012df      0x4e0 Drivers\STM32F0xx_HAL_Driver\Src\stm32f0xx_hal_dma.o
 .debug_line    0x000017bf      0x3d8 Drivers\STM32F0xx_HAL_Driver\Src\stm32f0xx_hal_gpio.o
 .debug_line    0x00001b97      0x524 Drivers\STM32F0xx_HAL_Driver\Src\stm32f0xx_hal_rcc.o
 .debug_line    0x000020bb      0x389 Drivers\STM32F0xx_HAL_Driver\Src\stm32f0xx_hal_rcc_ex.o
 .debug_line    0x00002444     0x1440 Drivers\STM32F0xx_HAL_Driver\Src\stm32f0xx_hal_tim.o
 .debug_line    0x00003884      0x878 Drivers\STM32F0xx_HAL_Driver\Src\stm32f0xx_hal_tim_ex.o
 .debug_line    0x000040fc      0xc70 Drivers\STM32F0xx_HAL_Driver\Src\stm32f0xx_hal_uart.o
 .debug_line    0x00004d6c      0x29e Src\dma_comms.o
 .debug_line    0x0000500a      0x7c5 Src\functions.o
 .debug_line    0x000057cf      0x3a6 Src\initialize.o
 .debug_line    0x00005b75      0x4e6 Src\main.o
 .debug_line    0x0000605b      0x3f0 Src\stm32f0xx_hal_msp.o
 .debug_line    0x0000644b      0x387 Src\stm32f0xx_it.o
 .debug_line    0x000067d2      0x24d Src\system_stm32f0xx.o
 .debug_line    0x00006a1f      0x795 Src\uart_comms.o
 .debug_line    0x000071b4      0x352 Src\user_main.o
 .debug_line    0x00007506      0x272 Src\variables.o
 .debug_line    0x00007778       0x83 startup\startup_stm32f030x6.o

.debug_str      0x00000000    0x4b56e
 .debug_str     0x00000000      0x8ae Drivers\STM32F0xx_HAL_Driver\Src\stm32f0xx_hal.o
                                0xa2f (size before relaxing)
 .debug_str     0x000008ae      0x67b Drivers\STM32F0xx_HAL_Driver\Src\stm32f0xx_hal_adc.o
                                0xd37 (size before relaxing)
 .debug_str     0x00000f29       0x77 Drivers\STM32F0xx_HAL_Driver\Src\stm32f0xx_hal_adc_ex.o
                                0xa1d (size before relaxing)
 .debug_str     0x00000fa0      0x1d0 Drivers\STM32F0xx_HAL_Driver\Src\stm32f0xx_hal_cortex.o
                                0xa37 (size before relaxing)
 .debug_str     0x00001170      0x233 Drivers\STM32F0xx_HAL_Driver\Src\stm32f0xx_hal_dma.o
                                0xaa0 (size before relaxing)
 .debug_str     0x000013a3      0x1b8 Drivers\STM32F0xx_HAL_Driver\Src\stm32f0xx_hal_gpio.o
                                0x891 (size before relaxing)
 .debug_str     0x0000155b      0x2d9 Drivers\STM32F0xx_HAL_Driver\Src\stm32f0xx_hal_rcc.o
                                0xa6a (size before relaxing)
 .debug_str     0x00001834      0x127 Drivers\STM32F0xx_HAL_Driver\Src\stm32f0xx_hal_rcc_ex.o
                                0x831 (size before relaxing)
 .debug_str     0x0000195b      0xf37 Drivers\STM32F0xx_HAL_Driver\Src\stm32f0xx_hal_tim.o
                               0x180c (size before relaxing)
 .debug_str     0x00002892      0x50d Drivers\STM32F0xx_HAL_Driver\Src\stm32f0xx_hal_tim_ex.o
                               0x107e (size before relaxing)
 .debug_str     0x00002d9f      0x86d Drivers\STM32F0xx_HAL_Driver\Src\stm32f0xx_hal_uart.o
                               0x11df (size before relaxing)
 .debug_str     0x0000360c      0x312 Src\dma_comms.o
                                0x9f3 (size before relaxing)
 .debug_str     0x0000391e    0x4798c Src\functions.o
                              0x48b7f (size before relaxing)
 .debug_str     0x0004b2aa       0x49 Src\initialize.o
                               0x1267 (size before relaxing)
 .debug_str     0x0004b2f3       0xd4 Src\main.o
                               0x1871 (size before relaxing)
 .debug_str     0x0004b3c7       0x2e Src\stm32f0xx_hal_msp.o
                               0x115f (size before relaxing)
 .debug_str     0x0004b3f5       0xa6 Src\stm32f0xx_it.o
                                0xdcd (size before relaxing)
 .debug_str     0x0004b49b       0x5a Src\system_stm32f0xx.o
                                0x6b7 (size before relaxing)
 .debug_str     0x0004b4f5       0x3c Src\uart_comms.o
                              0x48a7b (size before relaxing)
 .debug_str     0x0004b531       0x13 Src\user_main.o
                               0x1090 (size before relaxing)
 .debug_str     0x0004b544       0x2a Src\variables.o
                                0x9d8 (size before relaxing)

.comment        0x00000000       0x7c
 .comment       0x00000000       0x7c Drivers\STM32F0xx_HAL_Driver\Src\stm32f0xx_hal.o
                                 0x7d (size before relaxing)
 .comment       0x0000007c       0x7d Drivers\STM32F0xx_HAL_Driver\Src\stm32f0xx_hal_adc.o
 .comment       0x0000007c       0x7d Drivers\STM32F0xx_HAL_Driver\Src\stm32f0xx_hal_adc_ex.o
 .comment       0x0000007c       0x7d Drivers\STM32F0xx_HAL_Driver\Src\stm32f0xx_hal_cortex.o
 .comment       0x0000007c       0x7d Drivers\STM32F0xx_HAL_Driver\Src\stm32f0xx_hal_dma.o
 .comment       0x0000007c       0x7d Drivers\STM32F0xx_HAL_Driver\Src\stm32f0xx_hal_gpio.o
 .comment       0x0000007c       0x7d Drivers\STM32F0xx_HAL_Driver\Src\stm32f0xx_hal_rcc.o
 .comment       0x0000007c       0x7d Drivers\STM32F0xx_HAL_Driver\Src\stm32f0xx_hal_rcc_ex.o
 .comment       0x0000007c       0x7d Drivers\STM32F0xx_HAL_Driver\Src\stm32f0xx_hal_tim.o
 .comment       0x0000007c       0x7d Drivers\STM32F0xx_HAL_Driver\Src\stm32f0xx_hal_tim_ex.o
 .comment       0x0000007c       0x7d Drivers\STM32F0xx_HAL_Driver\Src\stm32f0xx_hal_uart.o
 .comment       0x0000007c       0x7d Src\dma_comms.o
 .comment       0x0000007c       0x7d Src\functions.o
 .comment       0x0000007c       0x7d Src\initialize.o
 .comment       0x0000007c       0x7d Src\main.o
 .comment       0x0000007c       0x7d Src\stm32f0xx_hal_msp.o
 .comment       0x0000007c       0x7d Src\stm32f0xx_it.o
 .comment       0x0000007c       0x7d Src\system_stm32f0xx.o
 .comment       0x0000007c       0x7d Src\uart_comms.o
 .comment       0x0000007c       0x7d Src\user_main.o
 .comment       0x0000007c       0x7d Src\variables.o

.debug_frame    0x00000000     0x2730
 .debug_frame   0x00000000      0x174 Drivers\STM32F0xx_HAL_Driver\Src\stm32f0xx_hal.o
 .debug_frame   0x00000174      0x2a0 Drivers\STM32F0xx_HAL_Driver\Src\stm32f0xx_hal_adc.o
 .debug_frame   0x00000414       0x2c Drivers\STM32F0xx_HAL_Driver\Src\stm32f0xx_hal_adc_ex.o
 .debug_frame   0x00000440       0xe4 Drivers\STM32F0xx_HAL_Driver\Src\stm32f0xx_hal_cortex.o
 .debug_frame   0x00000524      0x168 Drivers\STM32F0xx_HAL_Driver\Src\stm32f0xx_hal_dma.o
 .debug_frame   0x0000068c       0xcc Drivers\STM32F0xx_HAL_Driver\Src\stm32f0xx_hal_gpio.o
 .debug_frame   0x00000758      0x130 Drivers\STM32F0xx_HAL_Driver\Src\stm32f0xx_hal_rcc.o
 .debug_frame   0x00000888       0x58 Drivers\STM32F0xx_HAL_Driver\Src\stm32f0xx_hal_rcc_ex.o
 .debug_frame   0x000008e0      0x9cc Drivers\STM32F0xx_HAL_Driver\Src\stm32f0xx_hal_tim.o
 .debug_frame   0x000012ac      0x384 Drivers\STM32F0xx_HAL_Driver\Src\stm32f0xx_hal_tim_ex.o
 .debug_frame   0x00001630      0x4f4 Drivers\STM32F0xx_HAL_Driver\Src\stm32f0xx_hal_uart.o
 .debug_frame   0x00001b24       0x28 Src\dma_comms.o
 .debug_frame   0x00001b4c       0xc8 Src\functions.o
 .debug_frame   0x00001c14       0x44 Src\initialize.o
 .debug_frame   0x00001c58       0xe4 Src\main.o
 .debug_frame   0x00001d3c      0x10c Src\stm32f0xx_hal_msp.o
 .debug_frame   0x00001e48       0xf8 Src\stm32f0xx_it.o
 .debug_frame   0x00001f40       0x38 Src\system_stm32f0xx.o
 .debug_frame   0x00001f78       0x58 Src\uart_comms.o
 .debug_frame   0x00001fd0       0x28 Src\user_main.o
 .debug_frame   0x00001ff8       0x2c c:/program files (x86)/atollic/truestudio for arm 8.0.0/armtools/bin/../lib/gcc/arm-atollic-eabi/6.3.1/../../../../arm-atollic-eabi/lib/armv6-m\libc_nano.a(lib_a-init.o)
 .debug_frame   0x00002024       0x40 c:/program files (x86)/atollic/truestudio for arm 8.0.0/armtools/bin/../lib/gcc/arm-atollic-eabi/6.3.1/../../../../arm-atollic-eabi/lib/armv6-m\libc_nano.a(lib_a-malloc.o)
 .debug_frame   0x00002064       0x28 c:/program files (x86)/atollic/truestudio for arm 8.0.0/armtools/bin/../lib/gcc/arm-atollic-eabi/6.3.1/../../../../arm-atollic-eabi/lib/armv6-m\libc_nano.a(lib_a-memcpy-stub.o)
 .debug_frame   0x0000208c       0x20 c:/program files (x86)/atollic/truestudio for arm 8.0.0/armtools/bin/../lib/gcc/arm-atollic-eabi/6.3.1/../../../../arm-atollic-eabi/lib/armv6-m\libc_nano.a(lib_a-memset.o)
 .debug_frame   0x000020ac       0x2c c:/program files (x86)/atollic/truestudio for arm 8.0.0/armtools/bin/../lib/gcc/arm-atollic-eabi/6.3.1/../../../../arm-atollic-eabi/lib/armv6-m\libc_nano.a(lib_a-nano-freer.o)
 .debug_frame   0x000020d8       0x2c c:/program files (x86)/atollic/truestudio for arm 8.0.0/armtools/bin/../lib/gcc/arm-atollic-eabi/6.3.1/../../../../arm-atollic-eabi/lib/armv6-m\libc_nano.a(lib_a-nano-mallocr.o)
 .debug_frame   0x00002104       0x2c c:/program files (x86)/atollic/truestudio for arm 8.0.0/armtools/bin/../lib/gcc/arm-atollic-eabi/6.3.1/../../../../arm-atollic-eabi/lib/armv6-m\libc_nano.a(lib_a-sbrkr.o)
 .debug_frame   0x00002130       0x50 c:/program files (x86)/atollic/truestudio for arm 8.0.0/armtools/bin/../lib/gcc/arm-atollic-eabi/6.3.1/../../../../arm-atollic-eabi/lib/armv6-m\libc_nano.a(lib_a-sprintf.o)
 .debug_frame   0x00002180       0x30 c:/program files (x86)/atollic/truestudio for arm 8.0.0/armtools/bin/../lib/gcc/arm-atollic-eabi/6.3.1/../../../../arm-atollic-eabi/lib/armv6-m\libc_nano.a(lib_a-strtok.o)
 .debug_frame   0x000021b0       0x48 c:/program files (x86)/atollic/truestudio for arm 8.0.0/armtools/bin/../lib/gcc/arm-atollic-eabi/6.3.1/../../../../arm-atollic-eabi/lib/armv6-m\libc_nano.a(lib_a-strtok_r.o)
 .debug_frame   0x000021f8       0x88 c:/program files (x86)/atollic/truestudio for arm 8.0.0/armtools/bin/../lib/gcc/arm-atollic-eabi/6.3.1/../../../../arm-atollic-eabi/lib/armv6-m\libc_nano.a(lib_a-strtol.o)
 .debug_frame   0x00002280       0x74 c:/program files (x86)/atollic/truestudio for arm 8.0.0/armtools/bin/../lib/gcc/arm-atollic-eabi/6.3.1/../../../../arm-atollic-eabi/lib/armv6-m\libc_nano.a(lib_a-locale.o)
 .debug_frame   0x000022f4       0x44 c:/program files (x86)/atollic/truestudio for arm 8.0.0/armtools/bin/../lib/gcc/arm-atollic-eabi/6.3.1/../../../../arm-atollic-eabi/lib/armv6-m\libc_nano.a(lib_a-mbtowc_r.o)
 .debug_frame   0x00002338       0x30 c:/program files (x86)/atollic/truestudio for arm 8.0.0/armtools/bin/../lib/gcc/arm-atollic-eabi/6.3.1/../../../../arm-atollic-eabi/lib/armv6-m\libc_nano.a(lib_a-mlock.o)
 .debug_frame   0x00002368       0x74 c:/program files (x86)/atollic/truestudio for arm 8.0.0/armtools/bin/../lib/gcc/arm-atollic-eabi/6.3.1/../../../../arm-atollic-eabi/lib/armv6-m\libc_nano.a(lib_a-nano-svfprintf.o)
 .debug_frame   0x000023dc       0x54 c:/program files (x86)/atollic/truestudio for arm 8.0.0/armtools/bin/../lib/gcc/arm-atollic-eabi/6.3.1/../../../../arm-atollic-eabi/lib/armv6-m\libc_nano.a(lib_a-nano-vfprintf_i.o)
 .debug_frame   0x00002430       0x48 c:/program files (x86)/atollic/truestudio for arm 8.0.0/armtools/bin/../lib/gcc/arm-atollic-eabi/6.3.1/../../../../arm-atollic-eabi/lib/armv6-m\libc_nano.a(lib_a-reent.o)
 .debug_frame   0x00002478       0x38 c:/program files (x86)/atollic/truestudio for arm 8.0.0/armtools/bin/../lib/gcc/arm-atollic-eabi/6.3.1/../../../../arm-atollic-eabi/lib/armv6-m\libc_nano.a(lib_a-wctomb_r.o)
 .debug_frame   0x000024b0       0x20 c:/program files (x86)/atollic/truestudio for arm 8.0.0/armtools/bin/../lib/gcc/arm-atollic-eabi/6.3.1/../../../../arm-atollic-eabi/lib/armv6-m\libc_nano.a(lib_a-memchr-stub.o)
 .debug_frame   0x000024d0       0x28 c:/program files (x86)/atollic/truestudio for arm 8.0.0/armtools/bin/../lib/gcc/arm-atollic-eabi/6.3.1/../../../../arm-atollic-eabi/lib/armv6-m\libc_nano.a(lib_a-memmove.o)
 .debug_frame   0x000024f8       0x30 c:/program files (x86)/atollic/truestudio for arm 8.0.0/armtools/bin/../lib/gcc/arm-atollic-eabi/6.3.1/../../../../arm-atollic-eabi/lib/armv6-m\libc_nano.a(lib_a-nano-reallocr.o)
 .debug_frame   0x00002528       0x20 c:/program files (x86)/atollic/truestudio for arm 8.0.0/armtools/bin/../lib/gcc/arm-atollic-eabi/6.3.1/../../../../arm-atollic-eabi/lib/armv6-m\libc_nano.a(lib_a-nano-msizer.o)
 .debug_frame   0x00002548       0x20 c:/program files (x86)/atollic/truestudio for arm 8.0.0/armtools/bin/../lib/gcc/arm-atollic-eabi/6.3.1/armv6-m\libgcc.a(_udivsi3.o)
 .debug_frame   0x00002568       0x28 c:/program files (x86)/atollic/truestudio for arm 8.0.0/armtools/bin/../lib/gcc/arm-atollic-eabi/6.3.1/armv6-m\libgcc.a(_fixunssfsi.o)
 .debug_frame   0x00002590       0x34 c:/program files (x86)/atollic/truestudio for arm 8.0.0/armtools/bin/../lib/gcc/arm-atollic-eabi/6.3.1/armv6-m\libgcc.a(addsf3.o)
 .debug_frame   0x000025c4       0x3c c:/program files (x86)/atollic/truestudio for arm 8.0.0/armtools/bin/../lib/gcc/arm-atollic-eabi/6.3.1/armv6-m\libgcc.a(divsf3.o)
 .debug_frame   0x00002600       0x38 c:/program files (x86)/atollic/truestudio for arm 8.0.0/armtools/bin/../lib/gcc/arm-atollic-eabi/6.3.1/armv6-m\libgcc.a(subsf3.o)
 .debug_frame   0x00002638       0x20 c:/program files (x86)/atollic/truestudio for arm 8.0.0/armtools/bin/../lib/gcc/arm-atollic-eabi/6.3.1/armv6-m\libgcc.a(fixsfsi.o)
 .debug_frame   0x00002658       0x2c c:/program files (x86)/atollic/truestudio for arm 8.0.0/armtools/bin/../lib/gcc/arm-atollic-eabi/6.3.1/armv6-m\libgcc.a(floatsisf.o)
 .debug_frame   0x00002684       0x2c c:/program files (x86)/atollic/truestudio for arm 8.0.0/armtools/bin/../lib/gcc/arm-atollic-eabi/6.3.1/armv6-m\libgcc.a(eqsf2.o)
 .debug_frame   0x000026b0       0x30 c:/program files (x86)/atollic/truestudio for arm 8.0.0/armtools/bin/../lib/gcc/arm-atollic-eabi/6.3.1/armv6-m\libgcc.a(gesf2.o)
 .debug_frame   0x000026e0       0x30 c:/program files (x86)/atollic/truestudio for arm 8.0.0/armtools/bin/../lib/gcc/arm-atollic-eabi/6.3.1/armv6-m\libgcc.a(lesf2.o)
 .debug_frame   0x00002710       0x20 c:/program files (x86)/atollic/truestudio for arm 8.0.0/armtools/bin/../lib/gcc/arm-atollic-eabi/6.3.1/../../../../arm-atollic-eabi/lib/armv6-m\libnosys.a(sbrk.o)

.debug_macro    0x00000000     0xbcc3
 .debug_macro   0x00000000      0x398 Src\functions.o
 .debug_macro   0x00000398      0x8a4 Src\functions.o
 .debug_macro   0x00000c3c       0x22 Src\functions.o
 .debug_macro   0x00000c5e       0x40 Src\functions.o
 .debug_macro   0x00000c9e       0x8d Src\functions.o
 .debug_macro   0x00000d2b       0x3c Src\functions.o
 .debug_macro   0x00000d67       0x9c Src\functions.o
 .debug_macro   0x00000e03      0x174 Src\functions.o
 .debug_macro   0x00000f77       0x57 Src\functions.o
 .debug_macro   0x00000fce       0x52 Src\functions.o
 .debug_macro   0x00001020       0x1f Src\functions.o
 .debug_macro   0x0000103f       0x43 Src\functions.o
 .debug_macro   0x00001082       0x20 Src\functions.o
 .debug_macro   0x000010a2      0x1a3 Src\functions.o
 .debug_macro   0x00001245      0x30d Src\functions.o
 .debug_macro   0x00001552       0x10 Src\functions.o
 .debug_macro   0x00001562       0x35 Src\functions.o
 .debug_macro   0x00001597       0x20 Src\functions.o
 .debug_macro   0x000015b7       0x16 Src\functions.o
 .debug_macro   0x000015cd       0x16 Src\functions.o
 .debug_macro   0x000015e3       0x29 Src\functions.o
 .debug_macro   0x0000160c       0x76 Src\functions.o
 .debug_macro   0x00001682       0xb7 Src\functions.o
 .debug_macro   0x00001739       0x2e Src\functions.o
 .debug_macro   0x00001767       0x22 Src\functions.o
 .debug_macro   0x00001789       0xef Src\functions.o
 .debug_macro   0x00001878       0x6a Src\functions.o
 .debug_macro   0x000018e2      0x1df Src\functions.o
 .debug_macro   0x00001ac1       0x34 Src\functions.o
 .debug_macro   0x00001af5       0x26 Src\functions.o
 .debug_macro   0x00001b1b      0x30d Src\functions.o
 .debug_macro   0x00001e28     0x6ed0 Src\functions.o
 .debug_macro   0x00008cf8       0x3c Src\functions.o
 .debug_macro   0x00008d34       0x1c Src\functions.o
 .debug_macro   0x00008d50       0x10 Src\functions.o
 .debug_macro   0x00008d60       0x10 Src\functions.o
 .debug_macro   0x00008d70       0x1c Src\functions.o
 .debug_macro   0x00008d8c       0x52 Src\functions.o
 .debug_macro   0x00008dde       0x40 Src\functions.o
 .debug_macro   0x00008e1e       0x10 Src\functions.o
 .debug_macro   0x00008e2e       0x40 Src\functions.o
 .debug_macro   0x00008e6e       0xd7 Src\functions.o
 .debug_macro   0x00008f45       0x16 Src\functions.o
 .debug_macro   0x00008f5b      0x161 Src\functions.o
 .debug_macro   0x000090bc       0x49 Src\functions.o
 .debug_macro   0x00009105      0x92f Src\functions.o
 .debug_macro   0x00009a34       0xe5 Src\functions.o
 .debug_macro   0x00009b19      0x13a Src\functions.o
 .debug_macro   0x00009c53       0xb3 Src\functions.o
 .debug_macro   0x00009d06      0x1ed Src\functions.o
 .debug_macro   0x00009ef3       0x34 Src\functions.o
 .debug_macro   0x00009f27       0x43 Src\functions.o
 .debug_macro   0x00009f6a       0x28 Src\functions.o
 .debug_macro   0x00009f92      0x33d Src\functions.o
 .debug_macro   0x0000a2cf       0xbc Src\functions.o
 .debug_macro   0x0000a38b       0xb6 Src\functions.o
 .debug_macro   0x0000a441      0x15a Src\functions.o
 .debug_macro   0x0000a59b      0x202 Src\functions.o
 .debug_macro   0x0000a79d       0x61 Src\functions.o
 .debug_macro   0x0000a7fe       0x90 Src\functions.o
 .debug_macro   0x0000a88e       0x4d Src\functions.o
 .debug_macro   0x0000a8db       0x2d Src\functions.o
 .debug_macro   0x0000a908      0x845 Src\functions.o
 .debug_macro   0x0000b14d       0x45 Src\functions.o
 .debug_macro   0x0000b192      0x37c Src\functions.o
 .debug_macro   0x0000b50e      0x156 Src\functions.o
 .debug_macro   0x0000b664       0xea Src\functions.o
 .debug_macro   0x0000b74e      0x1e1 Src\functions.o
 .debug_macro   0x0000b92f      0x394 Src\uart_comms.o
