Archive member included to satisfy reference by file (symbol)

c:/program files (x86)/atollic/truestudio for arm 8.0.0/armtools/bin/../lib/gcc/arm-atollic-eabi/6.3.1/../../../../arm-atollic-eabi/lib/armv6-m\libc_nano.a(lib_a-init.o)
                              startup\startup_stm32f030x6.o (__libc_init_array)
c:/program files (x86)/atollic/truestudio for arm 8.0.0/armtools/bin/../lib/gcc/arm-atollic-eabi/6.3.1/../../../../arm-atollic-eabi/lib/armv6-m\libc_nano.a(lib_a-malloc.o)
                              Src\initialize.o (malloc)
c:/program files (x86)/atollic/truestudio for arm 8.0.0/armtools/bin/../lib/gcc/arm-atollic-eabi/6.3.1/../../../../arm-atollic-eabi/lib/armv6-m\libc_nano.a(lib_a-memcpy-stub.o)
                              Drivers\STM32F0xx_HAL_Driver\Src\stm32f0xx_hal_rcc.o (memcpy)
c:/program files (x86)/atollic/truestudio for arm 8.0.0/armtools/bin/../lib/gcc/arm-atollic-eabi/6.3.1/../../../../arm-atollic-eabi/lib/armv6-m\libc_nano.a(lib_a-memset.o)
                              Src\functions.o (memset)
c:/program files (x86)/atollic/truestudio for arm 8.0.0/armtools/bin/../lib/gcc/arm-atollic-eabi/6.3.1/../../../../arm-atollic-eabi/lib/armv6-m\libc_nano.a(lib_a-nano-freer.o)
                              c:/program files (x86)/atollic/truestudio for arm 8.0.0/armtools/bin/../lib/gcc/arm-atollic-eabi/6.3.1/../../../../arm-atollic-eabi/lib/armv6-m\libc_nano.a(lib_a-malloc.o) (_free_r)
c:/program files (x86)/atollic/truestudio for arm 8.0.0/armtools/bin/../lib/gcc/arm-atollic-eabi/6.3.1/../../../../arm-atollic-eabi/lib/armv6-m\libc_nano.a(lib_a-nano-mallocr.o)
                              c:/program files (x86)/atollic/truestudio for arm 8.0.0/armtools/bin/../lib/gcc/arm-atollic-eabi/6.3.1/../../../../arm-atollic-eabi/lib/armv6-m\libc_nano.a(lib_a-malloc.o) (_malloc_r)
c:/program files (x86)/atollic/truestudio for arm 8.0.0/armtools/bin/../lib/gcc/arm-atollic-eabi/6.3.1/../../../../arm-atollic-eabi/lib/armv6-m\libc_nano.a(lib_a-sbrkr.o)
                              c:/program files (x86)/atollic/truestudio for arm 8.0.0/armtools/bin/../lib/gcc/arm-atollic-eabi/6.3.1/../../../../arm-atollic-eabi/lib/armv6-m\libc_nano.a(lib_a-nano-mallocr.o) (_sbrk_r)
c:/program files (x86)/atollic/truestudio for arm 8.0.0/armtools/bin/../lib/gcc/arm-atollic-eabi/6.3.1/../../../../arm-atollic-eabi/lib/armv6-m\libc_nano.a(lib_a-sprintf.o)
                              Src\dma_comms.o (sprintf)
c:/program files (x86)/atollic/truestudio for arm 8.0.0/armtools/bin/../lib/gcc/arm-atollic-eabi/6.3.1/../../../../arm-atollic-eabi/lib/armv6-m\libc_nano.a(lib_a-strlen.o)
                              Src\initialize.o (strlen)
c:/program files (x86)/atollic/truestudio for arm 8.0.0/armtools/bin/../lib/gcc/arm-atollic-eabi/6.3.1/../../../../arm-atollic-eabi/lib/armv6-m\libc_nano.a(lib_a-strtol.o)
                              Src\uart_comms.o (strtol)
c:/program files (x86)/atollic/truestudio for arm 8.0.0/armtools/bin/../lib/gcc/arm-atollic-eabi/6.3.1/../../../../arm-atollic-eabi/lib/armv6-m\libc_nano.a(lib_a-impure.o)
                              c:/program files (x86)/atollic/truestudio for arm 8.0.0/armtools/bin/../lib/gcc/arm-atollic-eabi/6.3.1/../../../../arm-atollic-eabi/lib/armv6-m\libc_nano.a(lib_a-malloc.o) (_impure_ptr)
c:/program files (x86)/atollic/truestudio for arm 8.0.0/armtools/bin/../lib/gcc/arm-atollic-eabi/6.3.1/../../../../arm-atollic-eabi/lib/armv6-m\libc_nano.a(lib_a-locale.o)
                              c:/program files (x86)/atollic/truestudio for arm 8.0.0/armtools/bin/../lib/gcc/arm-atollic-eabi/6.3.1/../../../../arm-atollic-eabi/lib/armv6-m\libc_nano.a(lib_a-strtol.o) (__locale_ctype_ptr_l)
c:/program files (x86)/atollic/truestudio for arm 8.0.0/armtools/bin/../lib/gcc/arm-atollic-eabi/6.3.1/../../../../arm-atollic-eabi/lib/armv6-m\libc_nano.a(lib_a-mbtowc_r.o)
                              c:/program files (x86)/atollic/truestudio for arm 8.0.0/armtools/bin/../lib/gcc/arm-atollic-eabi/6.3.1/../../../../arm-atollic-eabi/lib/armv6-m\libc_nano.a(lib_a-locale.o) (__ascii_mbtowc)
c:/program files (x86)/atollic/truestudio for arm 8.0.0/armtools/bin/../lib/gcc/arm-atollic-eabi/6.3.1/../../../../arm-atollic-eabi/lib/armv6-m\libc_nano.a(lib_a-mlock.o)
                              c:/program files (x86)/atollic/truestudio for arm 8.0.0/armtools/bin/../lib/gcc/arm-atollic-eabi/6.3.1/../../../../arm-atollic-eabi/lib/armv6-m\libc_nano.a(lib_a-nano-freer.o) (__malloc_lock)
c:/program files (x86)/atollic/truestudio for arm 8.0.0/armtools/bin/../lib/gcc/arm-atollic-eabi/6.3.1/../../../../arm-atollic-eabi/lib/armv6-m\libc_nano.a(lib_a-nano-svfprintf.o)
                              c:/program files (x86)/atollic/truestudio for arm 8.0.0/armtools/bin/../lib/gcc/arm-atollic-eabi/6.3.1/../../../../arm-atollic-eabi/lib/armv6-m\libc_nano.a(lib_a-sprintf.o) (_svfprintf_r)
[...]
Memory Configuration

Name             Origin             Length             Attributes
RAM              0x20000000         0x00001000         xrw
FLASH            0x08000000         0x00008000         xr
*default*        0x00000000         0xffffffff

Linker script and memory map

LOAD c:/program files (x86)/atollic/truestudio for arm 8.0.0/armtools/bin/../lib/gcc/arm-atollic-eabi/6.3.1/armv6-m/crti.o
LOAD c:/program files (x86)/atollic/truestudio for arm 8.0.0/armtools/bin/../lib/gcc/arm-atollic-eabi/6.3.1/armv6-m/crtbegin.o
LOAD Drivers\STM32F0xx_HAL_Driver\Src\stm32f0xx_hal.o
LOAD Drivers\STM32F0xx_HAL_Driver\Src\stm32f0xx_hal_adc.o
LOAD Drivers\STM32F0xx_HAL_Driver\Src\stm32f0xx_hal_adc_ex.o
LOAD Drivers\STM32F0xx_HAL_Driver\Src\stm32f0xx_hal_cortex.o
LOAD Drivers\STM32F0xx_HAL_Driver\Src\stm32f0xx_hal_dma.o
LOAD Drivers\STM32F0xx_HAL_Driver\Src\stm32f0xx_hal_flash.o
LOAD Drivers\STM32F0xx_HAL_Driver\Src\stm32f0xx_hal_flash_ex.o
LOAD Drivers\STM32F0xx_HAL_Driver\Src\stm32f0xx_hal_gpio.o
LOAD Drivers\STM32F0xx_HAL_Driver\Src\stm32f0xx_hal_i2c.o
LOAD Drivers\STM32F0xx_HAL_Driver\Src\stm32f0xx_hal_i2c_ex.o
LOAD Drivers\STM32F0xx_HAL_Driver\Src\stm32f0xx_hal_pwr.o
LOAD Drivers\STM32F0xx_HAL_Driver\Src\stm32f0xx_hal_pwr_ex.o
LOAD Drivers\STM32F0xx_HAL_Driver\Src\stm32f0xx_hal_rcc.o
LOAD Drivers\STM32F0xx_HAL_Driver\Src\stm32f0xx_hal_rcc_ex.o
LOAD Drivers\STM32F0xx_HAL_Driver\Src\stm32f0xx_hal_tim.o
LOAD Drivers\STM32F0xx_HAL_Driver\Src\stm32f0xx_hal_tim_ex.o
LOAD Drivers\STM32F0xx_HAL_Driver\Src\stm32f0xx_hal_uart.o
LOAD Drivers\STM32F0xx_HAL_Driver\Src\stm32f0xx_hal_uart_ex.o
LOAD Src\dma_comms.o
LOAD Src\functions.o
LOAD Src\initialize.o
LOAD Src\main.o
LOAD Src\stm32f0xx_hal_msp.o
LOAD Src\stm32f0xx_it.o
LOAD Src\system_stm32f0xx.o
LOAD Src\uart_comms.o
LOAD Src\user_main.o
LOAD Src\variables.o
LOAD startup\startup_stm32f030x6.o
                0x00000080                malloc_getpagesize_P = 0x80
START GROUP
LOAD c:/program files (x86)/atollic/truestudio for arm 8.0.0/armtools/bin/../lib/gcc/arm-atollic-eabi/6.3.1/../../../../arm-atollic-eabi/lib/armv6-m\libc_nano.a
LOAD c:/program files (x86)/atollic/truestudio for arm 8.0.0/armtools/bin/../lib/gcc/arm-atollic-eabi/6.3.1/../../../../arm-atollic-eabi/lib/armv6-m\libm.a
END GROUP
START GROUP
LOAD c:/program files (x86)/atollic/truestudio for arm 8.0.0/armtools/bin/../lib/gcc/arm-atollic-eabi/6.3.1/armv6-m\libgcc.a
LOAD c:/program files (x86)/atollic/truestudio for arm 8.0.0/armtools/bin/../lib/gcc/arm-atollic-eabi/6.3.1/../../../../arm-atollic-eabi/lib/armv6-m\libc_nano.a
END GROUP
START GROUP
LOAD c:/program files (x86)/atollic/truestudio for arm 8.0.0/armtools/bin/../lib/gcc/arm-atollic-eabi/6.3.1/armv6-m\libgcc.a
LOAD c:/program files (x86)/atollic/truestudio for arm 8.0.0/armtools/bin/../lib/gcc/arm-atollic-eabi/6.3.1/../../../../arm-atollic-eabi/lib/armv6-m\libc_nano.a
LOAD c:/program files (x86)/atollic/truestudio for arm 8.0.0/armtools/bin/../lib/gcc/arm-atollic-eabi/6.3.1/../../../../arm-atollic-eabi/lib/armv6-m\libnosys.a
END GROUP
START GROUP
LOAD c:/program files (x86)/atollic/truestudio for arm 8.0.0/armtools/bin/../lib/gcc/arm-atollic-eabi/6.3.1/armv6-m\libgcc.a
LOAD c:/program files (x86)/atollic/truestudio for arm 8.0.0/armtools/bin/../lib/gcc/arm-atollic-eabi/6.3.1/../../../../arm-atollic-eabi/lib/armv6-m\libc_nano.a
LOAD c:/program files (x86)/atollic/truestudio for arm 8.0.0/armtools/bin/../lib/gcc/arm-atollic-eabi/6.3.1/../../../../arm-atollic-eabi/lib/armv6-m\libnosys.a
END GROUP
LOAD c:/program files (x86)/atollic/truestudio for arm 8.0.0/armtools/bin/../lib/gcc/arm-atollic-eabi/6.3.1/armv6-m/crtend.o
LOAD c:/program files (x86)/atollic/truestudio for arm 8.0.0/armtools/bin/../lib/gcc/arm-atollic-eabi/6.3.1/armv6-m/crtn.o
                0x20001000                _estack = 0x20001000
                0x00000200                _Min_Heap_Size = 0x200
                0x00000400                _Min_Stack_Size = 0x400

.isr_vector     0x08000000       0xc0
                0x08000000                . = ALIGN (0x4)
 *(.isr_vector)
 .isr_vector    0x08000000       0xc0 startup\startup_stm32f030x6.o
                0x08000000                g_pfnVectors
                0x080000c0                . = ALIGN (0x4)

.text           0x080000c0     0x3ecc
                0x080000c0                . = ALIGN (0x4)
 *(.text)
 .text          0x080000c0       0x48 c:/program files (x86)/atollic/truestudio for arm 8.0.0/armtools/bin/../lib/gcc/arm-atollic-eabi/6.3.1/armv6-m/crtbegin.o
 .text          0x08000108        0xe c:/program files (x86)/atollic/truestudio for arm 8.0.0/armtools/bin/../lib/gcc/arm-atollic-eabi/6.3.1/../../../../arm-atollic-eabi/lib/armv6-m\libc_nano.a(lib_a-strlen.o)
                0x08000108                strlen
 *fill*         0x08000116        0x2 
 .text          0x08000118       0x14 c:/program files (x86)/atollic/truestudio for arm 8.0.0/armtools/bin/../lib/gcc/arm-atollic-eabi/6.3.1/armv6-m\libgcc.a(_thumb1_case_uqi.o)
                0x08000118                __gnu_thumb1_case_uqi
 .text          0x0800012c      0x114 c:/program files (x86)/atollic/truestudio for arm 8.0.0/armtools/bin/../lib/gcc/arm-atollic-eabi/6.3.1/armv6-m\libgcc.a(_udivsi3.o)
                0x0800012c                __aeabi_uidiv
                0x0800012c                __udivsi3
                0x08000238                __aeabi_uidivmod
 .text          0x08000240        0x4 c:/program files (x86)/atollic/truestudio for arm 8.0.0/armtools/bin/../lib/gcc/arm-atollic-eabi/6.3.1/armv6-m\libgcc.a(_dvmd_tls.o)
                0x08000240                __aeabi_idiv0
                0x08000240                __aeabi_ldiv0
 .text          0x08000244      0x240 c:/program files (x86)/atollic/truestudio for arm 8.0.0/armtools/bin/../lib/gcc/arm-atollic-eabi/6.3.1/armv6-m\libgcc.a(mulsf3.o)
                0x08000244                __aeabi_fmul
 .text          0x08000484       0xa0 c:/program files (x86)/atollic/truestudio for arm 8.0.0/armtools/bin/../lib/gcc/arm-atollic-eabi/6.3.1/armv6-m\libgcc.a(floatsisf.o)
                0x08000484                __aeabi_i2f
 .text          0x08000524      0x500 c:/program files (x86)/atollic/truestudio for arm 8.0.0/armtools/bin/../lib/gcc/arm-atollic-eabi/6.3.1/armv6-m\libgcc.a(muldf3.o)
                0x08000524                __aeabi_dmul
 .text          0x08000a24       0x84 c:/program files (x86)/atollic/truestudio for arm 8.0.0/armtools/bin/../lib/gcc/arm-atollic-eabi/6.3.1/armv6-m\libgcc.a(floatsidf.o)
                0x08000a24                __aeabi_i2d
 .text          0x08000aa8       0xa4 c:/program files (x86)/atollic/truestudio for arm 8.0.0/armtools/bin/../lib/gcc/arm-atollic-eabi/6.3.1/armv6-m\libgcc.a(extendsfdf2.o)
                0x08000aa8                __aeabi_f2d
 .text          0x08000b4c       0x3c c:/program files (x86)/atollic/truestudio for arm 8.0.0/armtools/bin/../lib/gcc/arm-atollic-eabi/6.3.1/armv6-m\libgcc.a(_clzsi2.o)
                0x08000b4c                __clzsi2
 *(.text*)
 .text.HAL_InitTick
                0x08000b88       0x24 Drivers\STM32F0xx_HAL_Driver\Src\stm32f0xx_hal.o
                0x08000b88                HAL_InitTick
 .text.HAL_Init
                0x08000bac       0x20 Drivers\STM32F0xx_HAL_Driver\Src\stm32f0xx_hal.o
                0x08000bac                HAL_Init
 .text.HAL_IncTick
                0x08000bcc       0x10 Drivers\STM32F0xx_HAL_Driver\Src\stm32f0xx_hal.o
                0x08000bcc                HAL_IncTick
 .text.HAL_GetTick
                0x08000bdc        0xc Drivers\STM32F0xx_HAL_Driver\Src\stm32f0xx_hal.o
                0x08000bdc                HAL_GetTick
 .text.ADC_Enable
                0x08000be8       0x98 Drivers\STM32F0xx_HAL_Driver\Src\stm32f0xx_hal_adc.o
 .text.HAL_ADC_Init
                0x08000c80      0x14c Drivers\STM32F0xx_HAL_Driver\Src\stm32f0xx_hal_adc.o
                0x08000c80                HAL_ADC_Init
 .text.HAL_ADC_Start_DMA
                0x08000dcc       0x94 Drivers\STM32F0xx_HAL_Driver\Src\stm32f0xx_hal_adc.o
                0x08000dcc                HAL_ADC_Start_DMA
 .text.HAL_ADC_ConvCpltCallback
                0x08000e60        0x2 Drivers\STM32F0xx_HAL_Driver\Src\stm32f0xx_hal_adc.o
                0x08000e60                HAL_ADC_ConvCpltCallback
 *fill*         0x08000e62        0x2 
 .text.ADC_DMAConvCplt
                0x08000e64       0x70 Drivers\STM32F0xx_HAL_Driver\Src\stm32f0xx_hal_adc.o
 .text.HAL_ADC_ConvHalfCpltCallback
                0x08000ed4        0x2 Drivers\STM32F0xx_HAL_Driver\Src\stm32f0xx_hal_adc.o
                0x08000ed4                HAL_ADC_ConvHalfCpltCallback
 .text.ADC_DMAHalfConvCplt
                0x08000ed6        0xa Drivers\STM32F0xx_HAL_Driver\Src\stm32f0xx_hal_adc.o
 .text.HAL_ADC_ErrorCallback
                0x08000ee0        0x2 Drivers\STM32F0xx_HAL_Driver\Src\stm32f0xx_hal_adc.o
                0x08000ee0                HAL_ADC_ErrorCallback
 .text.ADC_DMAError
                0x08000ee2       0x1a Drivers\STM32F0xx_HAL_Driver\Src\stm32f0xx_hal_adc.o
 .text.HAL_ADC_ConfigChannel
                0x08000efc       0xec Drivers\STM32F0xx_HAL_Driver\Src\stm32f0xx_hal_adc.o
                0x08000efc                HAL_ADC_ConfigChannel
 .text.HAL_ADCEx_Calibration_Start
                0x08000fe8       0xa8 Drivers\STM32F0xx_HAL_Driver\Src\stm32f0xx_hal_adc_ex.o
                0x08000fe8                HAL_ADCEx_Calibration_Start
 .text.HAL_NVIC_SetPriority
                0x08001090       0x60 Drivers\STM32F0xx_HAL_Driver\Src\stm32f0xx_hal_cortex.o
                0x08001090                HAL_NVIC_SetPriority
 .text.HAL_NVIC_EnableIRQ
                0x080010f0       0x14 Drivers\STM32F0xx_HAL_Driver\Src\stm32f0xx_hal_cortex.o
                0x080010f0                HAL_NVIC_EnableIRQ
 .text.HAL_SYSTICK_Config
                0x08001104       0x34 Drivers\STM32F0xx_HAL_Driver\Src\stm32f0xx_hal_cortex.o
                0x08001104                HAL_SYSTICK_Config
 .text.HAL_SYSTICK_CLKSourceConfig
                0x08001138       0x1c Drivers\STM32F0xx_HAL_Driver\Src\stm32f0xx_hal_cortex.o
                0x08001138                HAL_SYSTICK_CLKSourceConfig
 .text.HAL_SYSTICK_Callback
                0x08001154        0x2 Drivers\STM32F0xx_HAL_Driver\Src\stm32f0xx_hal_cortex.o
                0x08001154                HAL_SYSTICK_Callback
 .text.HAL_SYSTICK_IRQHandler
                0x08001156        0x8 Drivers\STM32F0xx_HAL_Driver\Src\stm32f0xx_hal_cortex.o
                0x08001156                HAL_SYSTICK_IRQHandler
 *fill*         0x0800115e        0x2 
 .text.HAL_DMA_Init
                0x08001160       0x6c Drivers\STM32F0xx_HAL_Driver\Src\stm32f0xx_hal_dma.o
                0x08001160                HAL_DMA_Init
 .text.HAL_DMA_Start_IT
                0x080011cc       0x76 Drivers\STM32F0xx_HAL_Driver\Src\stm32f0xx_hal_dma.o
                0x080011cc                HAL_DMA_Start_IT
 .text.HAL_DMA_Abort_IT
                0x08001242       0x46 Drivers\STM32F0xx_HAL_Driver\Src\stm32f0xx_hal_dma.o
                0x08001242                HAL_DMA_Abort_IT
 .text.HAL_DMA_IRQHandler
                0x08001288       0x92 Drivers\STM32F0xx_HAL_Driver\Src\stm32f0xx_hal_dma.o
                0x08001288                HAL_DMA_IRQHandler
 *fill*         0x0800131a        0x2 
 .text.HAL_GPIO_Init
                0x0800131c      0x160 Drivers\STM32F0xx_HAL_Driver\Src\stm32f0xx_hal_gpio.o
                0x0800131c                HAL_GPIO_Init
 .text.HAL_GPIO_ReadPin
                0x0800147c        0xc Drivers\STM32F0xx_HAL_Driver\Src\stm32f0xx_hal_gpio.o
                0x0800147c                HAL_GPIO_ReadPin
 .text.HAL_GPIO_WritePin
                0x08001488        0xc Drivers\STM32F0xx_HAL_Driver\Src\stm32f0xx_hal_gpio.o
                0x08001488                HAL_GPIO_WritePin
 .text.HAL_GPIO_EXTI_IRQHandler
                0x08001494       0x18 Drivers\STM32F0xx_HAL_Driver\Src\stm32f0xx_hal_gpio.o
                0x08001494                HAL_GPIO_EXTI_IRQHandler
 .text.HAL_RCC_OscConfig
                0x080014ac      0x3c4 Drivers\STM32F0xx_HAL_Driver\Src\stm32f0xx_hal_rcc.o
                0x080014ac                HAL_RCC_OscConfig
 .text.HAL_RCC_GetSysClockFreq
                0x08001870       0x64 Drivers\STM32F0xx_HAL_Driver\Src\stm32f0xx_hal_rcc.o
                0x08001870                HAL_RCC_GetSysClockFreq
 .text.HAL_RCC_ClockConfig
                0x080018d4      0x12c Drivers\STM32F0xx_HAL_Driver\Src\stm32f0xx_hal_rcc.o
                0x080018d4                HAL_RCC_ClockConfig
 .text.HAL_RCC_GetHCLKFreq
                0x08001a00        0xc Drivers\STM32F0xx_HAL_Driver\Src\stm32f0xx_hal_rcc.o
                0x08001a00                HAL_RCC_GetHCLKFreq
 .text.HAL_RCC_GetPCLK1Freq
                0x08001a0c       0x20 Drivers\STM32F0xx_HAL_Driver\Src\stm32f0xx_hal_rcc.o
                0x08001a0c                HAL_RCC_GetPCLK1Freq
 .text.HAL_RCCEx_PeriphCLKConfig
                0x08001a2c      0x108 Drivers\STM32F0xx_HAL_Driver\Src\stm32f0xx_hal_rcc_ex.o
                0x08001a2c                HAL_RCCEx_PeriphCLKConfig
 .text.TIM_OC1_SetConfig
                0x08001b34       0x78 Drivers\STM32F0xx_HAL_Driver\Src\stm32f0xx_hal_tim.o
 .text.TIM_OC3_SetConfig
                0x08001bac       0x80 Drivers\STM32F0xx_HAL_Driver\Src\stm32f0xx_hal_tim.o
 .text.TIM_OC4_SetConfig
                0x08001c2c       0x68 Drivers\STM32F0xx_HAL_Driver\Src\stm32f0xx_hal_tim.o
 .text.HAL_TIM_Base_Start_IT
                0x08001c94       0x14 Drivers\STM32F0xx_HAL_Driver\Src\stm32f0xx_hal_tim.o
                0x08001c94                HAL_TIM_Base_Start_IT
 .text.HAL_TIM_TriggerCallback
                0x08001ca8        0x2 Drivers\STM32F0xx_HAL_Driver\Src\stm32f0xx_hal_tim.o
                0x08001ca8                HAL_TIM_TriggerCallback
 .text.HAL_TIM_IRQHandler
                0x08001caa      0x148 Drivers\STM32F0xx_HAL_Driver\Src\stm32f0xx_hal_tim.o
                0x08001caa                HAL_TIM_IRQHandler
 *fill*         0x08001df2        0x2 
 .text.TIM_Base_SetConfig
                0x08001df4       0x80 Drivers\STM32F0xx_HAL_Driver\Src\stm32f0xx_hal_tim.o
                0x08001df4                TIM_Base_SetConfig
 .text.HAL_TIM_Base_Init
                0x08001e74       0x36 Drivers\STM32F0xx_HAL_Driver\Src\stm32f0xx_hal_tim.o
                0x08001e74                HAL_TIM_Base_Init
 .text.HAL_TIM_PWM_Init
                0x08001eaa       0x36 Drivers\STM32F0xx_HAL_Driver\Src\stm32f0xx_hal_tim.o
                0x08001eaa                HAL_TIM_PWM_Init
 .text.TIM_OC2_SetConfig
                0x08001ee0       0x78 Drivers\STM32F0xx_HAL_Driver\Src\stm32f0xx_hal_tim.o
                0x08001ee0                TIM_OC2_SetConfig
 .text.HAL_TIM_PWM_ConfigChannel
                0x08001f58       0xd4 Drivers\STM32F0xx_HAL_Driver\Src\stm32f0xx_hal_tim.o
                0x08001f58                HAL_TIM_PWM_ConfigChannel
 .text.TIM_CCxChannelCmd
                0x0800202c       0x16 Drivers\STM32F0xx_HAL_Driver\Src\stm32f0xx_hal_tim.o
                0x0800202c                TIM_CCxChannelCmd
 *fill*         0x08002042        0x2 
 .text.HAL_TIM_PWM_Start_IT
                0x08002044       0x7c Drivers\STM32F0xx_HAL_Driver\Src\stm32f0xx_hal_tim.o
                0x08002044                HAL_TIM_PWM_Start_IT
 .text.HAL_TIMEx_MasterConfigSynchronization
                0x080020c0       0x42 Drivers\STM32F0xx_HAL_Driver\Src\stm32f0xx_hal_tim_ex.o
                0x080020c0                HAL_TIMEx_MasterConfigSynchronization
 .text.HAL_TIMEx_CommutationCallback
                0x08002102        0x2 Drivers\STM32F0xx_HAL_Driver\Src\stm32f0xx_hal_tim_ex.o
                0x08002102                HAL_TIMEx_CommutationCallback
 .text.HAL_TIMEx_BreakCallback
                0x08002104        0x2 Drivers\STM32F0xx_HAL_Driver\Src\stm32f0xx_hal_tim_ex.o
                0x08002104                HAL_TIMEx_BreakCallback
 *fill*         0x08002106        0x2 
 .text.UART_EndRxTransfer
                0x08002108       0x20 Drivers\STM32F0xx_HAL_Driver\Src\stm32f0xx_hal_uart.o
 .text.HAL_UART_Transmit_IT
                0x08002128       0x5c Drivers\STM32F0xx_HAL_Driver\Src\stm32f0xx_hal_uart.o
                0x08002128                HAL_UART_Transmit_IT
 .text.HAL_UART_Receive_IT
                0x08002184       0x94 Drivers\STM32F0xx_HAL_Driver\Src\stm32f0xx_hal_uart.o
                0x08002184                HAL_UART_Receive_IT
 .text.HAL_UART_Transmit_DMA
                0x08002218       0x8c Drivers\STM32F0xx_HAL_Driver\Src\stm32f0xx_hal_uart.o
                0x08002218                HAL_UART_Transmit_DMA
 .text.UART_DMATransmitCplt
                0x080022a4       0x30 Drivers\STM32F0xx_HAL_Driver\Src\stm32f0xx_hal_uart.o
 .text.HAL_UART_TxHalfCpltCallback
                0x080022d4        0x2 Drivers\STM32F0xx_HAL_Driver\Src\stm32f0xx_hal_uart.o
                0x080022d4                HAL_UART_TxHalfCpltCallback
 .text.UART_DMATxHalfCplt
                0x080022d6        0xa Drivers\STM32F0xx_HAL_Driver\Src\stm32f0xx_hal_uart.o
 .text.HAL_UART_ErrorCallback
                0x080022e0        0x2 Drivers\STM32F0xx_HAL_Driver\Src\stm32f0xx_hal_uart.o
                0x080022e0                HAL_UART_ErrorCallback
 .text.UART_DMAError
                0x080022e2       0x5a Drivers\STM32F0xx_HAL_Driver\Src\stm32f0xx_hal_uart.o
 .text.UART_DMAAbortOnError
                0x0800233c       0x16 Drivers\STM32F0xx_HAL_Driver\Src\stm32f0xx_hal_uart.o
 *fill*         0x08002352        0x2 
 .text.UART_SetConfig
                0x08002354      0x108 Drivers\STM32F0xx_HAL_Driver\Src\stm32f0xx_hal_uart.o
                0x08002354                UART_SetConfig
 .text.UART_AdvFeatureConfig
                0x0800245c       0xd0 Drivers\STM32F0xx_HAL_Driver\Src\stm32f0xx_hal_uart.o
                0x0800245c                UART_AdvFeatureConfig
 .text.HAL_UART_Init
                0x0800252c       0x78 Drivers\STM32F0xx_HAL_Driver\Src\stm32f0xx_hal_uart.o
                0x0800252c                HAL_UART_Init
 .text.UART_Transmit_IT
                0x080025a4       0x64 Drivers\STM32F0xx_HAL_Driver\Src\stm32f0xx_hal_uart.o
                0x080025a4                UART_Transmit_IT
 .text.UART_EndTransmit_IT
                0x08002608       0x1c Drivers\STM32F0xx_HAL_Driver\Src\stm32f0xx_hal_uart.o
                0x08002608                UART_EndTransmit_IT
 .text.UART_Receive_IT
                0x08002624       0x7c Drivers\STM32F0xx_HAL_Driver\Src\stm32f0xx_hal_uart.o
                0x08002624                UART_Receive_IT
 .text.HAL_UART_IRQHandler
                0x080026a0      0x118 Drivers\STM32F0xx_HAL_Driver\Src\stm32f0xx_hal_uart.o
                0x080026a0                HAL_UART_IRQHandler
 .text.get_current_potentiometer
                0x080027b8       0x94 Src\dma_comms.o
                0x080027b8                get_current_potentiometer
 .text.HAL_UART_RxCpltCallback
                0x0800284c        0xc Src\functions.o
                0x0800284c                HAL_UART_RxCpltCallback
 .text.HAL_GPIO_EXTI_Callback
                0x08002858        0xc Src\functions.o
                0x08002858                HAL_GPIO_EXTI_Callback
 .text.HAL_TIM_PeriodElapsedCallback
                0x08002864       0x3c Src\functions.o
                0x08002864                HAL_TIM_PeriodElapsedCallback
 .text.HAL_TIM_OC_DelayElapsedCallback
                0x080028a0        0xc Src\functions.o
                0x080028a0                HAL_TIM_OC_DelayElapsedCallback
 .text.HAL_TIM_IC_CaptureCallback
                0x080028ac        0xc Src\functions.o
                0x080028ac                HAL_TIM_IC_CaptureCallback
 .text.HAL_TIM_PWM_PulseFinishedCallback
                0x080028b8        0xc Src\functions.o
                0x080028b8                HAL_TIM_PWM_PulseFinishedCallback
 .text.HAL_UART_TxCpltCallback
                0x080028c4       0x30 Src\functions.o
                0x080028c4                HAL_UART_TxCpltCallback
 .text.read_motor_position
                0x080028f4       0x7c Src\functions.o
                0x080028f4                read_motor_position
 .text.torque_output
                0x08002970        0x4 Src\functions.o
                0x08002970                torque_output
 .text.startPeripherals
                0x08002974       0x68 Src\initialize.o
                0x08002974                startPeripherals
 .text.init_variables
                0x080029dc      0x104 Src\initialize.o
                0x080029dc                init_variables
 .text.SystemClock_Config
                0x08002ae0       0x80 Src\main.o
                0x08002ae0                SystemClock_Config
 .text.startup.main
                0x08002b60      0x218 Src\main.o
                0x08002b60                main
 .text._Error_Handler
                0x08002d78        0x4 Src\main.o
                0x08002d78                _Error_Handler
 .text.HAL_MspInit
                0x08002d7c       0x3c Src\stm32f0xx_hal_msp.o
                0x08002d7c                HAL_MspInit
 .text.HAL_ADC_MspInit
                0x08002db8       0x88 Src\stm32f0xx_hal_msp.o
                0x08002db8                HAL_ADC_MspInit
 .text.HAL_TIM_PWM_MspInit
                0x08002e40       0x38 Src\stm32f0xx_hal_msp.o
                0x08002e40                HAL_TIM_PWM_MspInit
 .text.HAL_TIM_Base_MspInit
                0x08002e78       0x64 Src\stm32f0xx_hal_msp.o
                0x08002e78                HAL_TIM_Base_MspInit
 .text.HAL_TIM_MspPostInit
                0x08002edc       0x30 Src\stm32f0xx_hal_msp.o
                0x08002edc                HAL_TIM_MspPostInit
 .text.HAL_UART_MspInit
                0x08002f0c       0xa0 Src\stm32f0xx_hal_msp.o
                0x08002f0c                HAL_UART_MspInit
 .text.NMI_Handler
                0x08002fac        0x2 Src\stm32f0xx_it.o
                0x08002fac                NMI_Handler
 .text.HardFault_Handler
                0x08002fae        0x2 Src\stm32f0xx_it.o
                0x08002fae                HardFault_Handler
 .text.SVC_Handler
                0x08002fb0        0x2 Src\stm32f0xx_it.o
                0x08002fb0                SVC_Handler
 .text.PendSV_Handler
                0x08002fb2        0x2 Src\stm32f0xx_it.o
                0x08002fb2                PendSV_Handler
 .text.SysTick_Handler
                0x08002fb4        0xc Src\stm32f0xx_it.o
                0x08002fb4                SysTick_Handler
 .text.EXTI4_15_IRQHandler
                0x08002fc0        0xa Src\stm32f0xx_it.o
                0x08002fc0                EXTI4_15_IRQHandler
 *fill*         0x08002fca        0x2 
 .text.DMA1_Channel1_IRQHandler
                0x08002fcc       0x10 Src\stm32f0xx_it.o
                0x08002fcc                DMA1_Channel1_IRQHandler
 .text.DMA1_Channel2_3_IRQHandler
                0x08002fdc       0x10 Src\stm32f0xx_it.o
                0x08002fdc                DMA1_Channel2_3_IRQHandler
 .text.TIM3_IRQHandler
                0x08002fec       0x10 Src\stm32f0xx_it.o
                0x08002fec                TIM3_IRQHandler
 .text.TIM14_IRQHandler
                0x08002ffc       0x10 Src\stm32f0xx_it.o
                0x08002ffc                TIM14_IRQHandler
 .text.TIM16_IRQHandler
                0x0800300c       0x10 Src\stm32f0xx_it.o
                0x0800300c                TIM16_IRQHandler
 .text.USART1_IRQHandler
                0x0800301c       0x10 Src\stm32f0xx_it.o
                0x0800301c                USART1_IRQHandler
 .text.SystemInit
                0x0800302c       0x60 Src\system_stm32f0xx.o
                0x0800302c                SystemInit
 .text.data_aquisition
                0x0800308c      0x190 Src\uart_comms.o
                0x0800308c                data_aquisition
 .text.uart_request
                0x0800321c      0x1e0 Src\uart_comms.o
                0x0800321c                uart_request
 .text.user_main
                0x080033fc       0xdc Src\user_main.o
                0x080033fc                user_main
 .text.Reset_Handler
                0x080034d8       0x50 startup\startup_stm32f030x6.o
                0x080034d8                Reset_Handler
 .text.Default_Handler
                0x08003528        0x2 startup\startup_stm32f030x6.o
                0x08003528                TIM1_CC_IRQHandler
                0x08003528                I2C1_IRQHandler
                0x08003528                SPI1_IRQHandler
                0x08003528                EXTI2_3_IRQHandler
                0x08003528                ADC1_IRQHandler
                0x08003528                TIM17_IRQHandler
                0x08003528                RTC_IRQHandler
                0x08003528                RCC_IRQHandler
                0x08003528                Default_Handler
                0x08003528                DMA1_Channel4_5_IRQHandler
                0x08003528                EXTI0_1_IRQHandler
                0x08003528                WWDG_IRQHandler
                0x08003528                FLASH_IRQHandler
                0x08003528                TIM1_BRK_UP_TRG_COM_IRQHandler
 *fill*         0x0800352a        0x2 
 .text.__libc_init_array
                0x0800352c       0x48 c:/program files (x86)/atollic/truestudio for arm 8.0.0/armtools/bin/../lib/gcc/arm-atollic-eabi/6.3.1/../../../../arm-atollic-eabi/lib/armv6-m\libc_nano.a(lib_a-init.o)
                0x0800352c                __libc_init_array
 .text.malloc   0x08003574       0x14 c:/program files (x86)/atollic/truestudio for arm 8.0.0/armtools/bin/../lib/gcc/arm-atollic-eabi/6.3.1/../../../../arm-atollic-eabi/lib/armv6-m\libc_nano.a(lib_a-malloc.o)
                0x08003574                malloc
 .text.memcpy   0x08003588       0x12 c:/program files (x86)/atollic/truestudio for arm 8.0.0/armtools/bin/../lib/gcc/arm-atollic-eabi/6.3.1/../../../../arm-atollic-eabi/lib/armv6-m\libc_nano.a(lib_a-memcpy-stub.o)
                0x08003588                memcpy
 .text.memset   0x0800359a       0x10 c:/program files (x86)/atollic/truestudio for arm 8.0.0/armtools/bin/../lib/gcc/arm-atollic-eabi/6.3.1/../../../../arm-atollic-eabi/lib/armv6-m\libc_nano.a(lib_a-memset.o)
                0x0800359a                memset
 *fill*         0x080035aa        0x2 
 .text._free_r  0x080035ac       0x94 c:/program files (x86)/atollic/truestudio for arm 8.0.0/armtools/bin/../lib/gcc/arm-atollic-eabi/6.3.1/../../../../arm-atollic-eabi/lib/armv6-m\libc_nano.a(lib_a-nano-freer.o)
                0x080035ac                _free_r
 .text._malloc_r
                0x08003640       0xbc c:/program files (x86)/atollic/truestudio for arm 8.0.0/armtools/bin/../lib/gcc/arm-atollic-eabi/6.3.1/../../../../arm-atollic-eabi/lib/armv6-m\libc_nano.a(lib_a-nano-mallocr.o)
                0x08003640                _malloc_r
 .text._sbrk_r  0x080036fc       0x24 c:/program files (x86)/atollic/truestudio for arm 8.0.0/armtools/bin/../lib/gcc/arm-atollic-eabi/6.3.1/../../../../arm-atollic-eabi/lib/armv6-m\libc_nano.a(lib_a-sbrkr.o)
                0x080036fc                _sbrk_r
 .text.sprintf  0x08003720       0x44 c:/program files (x86)/atollic/truestudio for arm 8.0.0/armtools/bin/../lib/gcc/arm-atollic-eabi/6.3.1/../../../../arm-atollic-eabi/lib/armv6-m\libc_nano.a(lib_a-sprintf.o)
                0x08003720                siprintf
                0x08003720                sprintf
 .text._strtol_l.isra.0
                0x08003764      0x10c c:/program files (x86)/atollic/truestudio for arm 8.0.0/armtools/bin/../lib/gcc/arm-atollic-eabi/6.3.1/../../../../arm-atollic-eabi/lib/armv6-m\libc_nano.a(lib_a-strtol.o)
 .text.strtol   0x08003870       0x28 c:/program files (x86)/atollic/truestudio for arm 8.0.0/armtools/bin/../lib/gcc/arm-atollic-eabi/6.3.1/../../../../arm-atollic-eabi/lib/armv6-m\libc_nano.a(lib_a-strtol.o)
                0x08003870                strtol
 .text.__locale_ctype_ptr_l
                0x08003898        0x6 c:/program files (x86)/atollic/truestudio for arm 8.0.0/armtools/bin/../lib/gcc/arm-atollic-eabi/6.3.1/../../../../arm-atollic-eabi/lib/armv6-m\libc_nano.a(lib_a-locale.o)
                0x08003898                __locale_ctype_ptr_l
 .text.__ascii_mbtowc
                0x0800389e       0x24 c:/program files (x86)/atollic/truestudio for arm 8.0.0/armtools/bin/../lib/gcc/arm-atollic-eabi/6.3.1/../../../../arm-atollic-eabi/lib/armv6-m\libc_nano.a(lib_a-mbtowc_r.o)
                0x0800389e                __ascii_mbtowc
 .text.__malloc_lock
                0x080038c2        0x2 c:/program files (x86)/atollic/truestudio for arm 8.0.0/armtools/bin/../lib/gcc/arm-atollic-eabi/6.3.1/../../../../arm-atollic-eabi/lib/armv6-m\libc_nano.a(lib_a-mlock.o)
                0x080038c2                __malloc_lock
 .text.__malloc_unlock
                0x080038c4        0x2 c:/program files (x86)/atollic/truestudio for arm 8.0.0/armtools/bin/../lib/gcc/arm-atollic-eabi/6.3.1/../../../../arm-atollic-eabi/lib/armv6-m\libc_nano.a(lib_a-mlock.o)
                0x080038c4                __malloc_unlock
 *fill*         0x080038c6        0x2 
 .text.__ssputs_r
                0x080038c8       0xc4 c:/program files (x86)/atollic/truestudio for arm 8.0.0/armtools/bin/../lib/gcc/arm-atollic-eabi/6.3.1/../../../../arm-atollic-eabi/lib/armv6-m\libc_nano.a(lib_a-nano-svfprintf.o)
                0x080038c8                __ssputs_r
 .text._svfprintf_r
                0x0800398c      0x208 c:/program files (x86)/atollic/truestudio for arm 8.0.0/armtools/bin/../lib/gcc/arm-atollic-eabi/6.3.1/../../../../arm-atollic-eabi/lib/armv6-m\libc_nano.a(lib_a-nano-svfprintf.o)
                0x0800398c                _svfiprintf_r
                0x0800398c                _svfprintf_r
 .text._printf_common
                0x08003b94       0xda c:/program files (x86)/atollic/truestudio for arm 8.0.0/armtools/bin/../lib/gcc/arm-atollic-eabi/6.3.1/../../../../arm-atollic-eabi/lib/armv6-m\libc_nano.a(lib_a-nano-vfprintf_i.o)
                0x08003b94                _printf_common
 *fill*         0x08003c6e        0x2 
 .text._printf_i
                0x08003c70      0x234 c:/program files (x86)/atollic/truestudio for arm 8.0.0/armtools/bin/../lib/gcc/arm-atollic-eabi/6.3.1/../../../../arm-atollic-eabi/lib/armv6-m\libc_nano.a(lib_a-nano-vfprintf_i.o)
                0x08003c70                _printf_i
 .text.__ascii_wctomb
                0x08003ea4       0x18 c:/program files (x86)/atollic/truestudio for arm 8.0.0/armtools/bin/../lib/gcc/arm-atollic-eabi/6.3.1/../../../../arm-atollic-eabi/lib/armv6-m\libc_nano.a(lib_a-wctomb_r.o)
                0x08003ea4                __ascii_wctomb
 .text.memchr   0x08003ebc       0x16 c:/program files (x86)/atollic/truestudio for arm 8.0.0/armtools/bin/../lib/gcc/arm-atollic-eabi/6.3.1/../../../../arm-atollic-eabi/lib/armv6-m\libc_nano.a(lib_a-memchr-stub.o)
                0x08003ebc                memchr
 .text.memmove  0x08003ed2       0x24 c:/program files (x86)/atollic/truestudio for arm 8.0.0/armtools/bin/../lib/gcc/arm-atollic-eabi/6.3.1/../../../../arm-atollic-eabi/lib/armv6-m\libc_nano.a(lib_a-memmove.o)
                0x08003ed2                memmove
 .text._realloc_r
                0x08003ef6       0x4c c:/program files (x86)/atollic/truestudio for arm 8.0.0/armtools/bin/../lib/gcc/arm-atollic-eabi/6.3.1/../../../../arm-atollic-eabi/lib/armv6-m\libc_nano.a(lib_a-nano-reallocr.o)
                0x08003ef6                _realloc_r
 .text._malloc_usable_size_r
                0x08003f42       0x10 c:/program files (x86)/atollic/truestudio for arm 8.0.0/armtools/bin/../lib/gcc/arm-atollic-eabi/6.3.1/../../../../arm-atollic-eabi/lib/armv6-m\libc_nano.a(lib_a-nano-msizer.o)
                0x08003f42                _malloc_usable_size_r
 *fill*         0x08003f52        0x2 
 .text._sbrk    0x08003f54       0x20 c:/program files (x86)/atollic/truestudio for arm 8.0.0/armtools/bin/../lib/gcc/arm-atollic-eabi/6.3.1/../../../../arm-atollic-eabi/lib/armv6-m\libnosys.a(sbrk.o)
                0x08003f54                _sbrk
 *(.glue_7)
 .glue_7        0x08003f74        0x0 linker stubs
 *(.glue_7t)
 .glue_7t       0x08003f74        0x0 linker stubs
 *(.eh_frame)
 .eh_frame      0x08003f74        0x0 c:/program files (x86)/atollic/truestudio for arm 8.0.0/armtools/bin/../lib/gcc/arm-atollic-eabi/6.3.1/armv6-m/crtbegin.o
 *(.init)
 .init          0x08003f74        0x4 c:/program files (x86)/atollic/truestudio for arm 8.0.0/armtools/bin/../lib/gcc/arm-atollic-eabi/6.3.1/armv6-m/crti.o
                0x08003f74                _init
 .init          0x08003f78        0x8 c:/program files (x86)/atollic/truestudio for arm 8.0.0/armtools/bin/../lib/gcc/arm-atollic-eabi/6.3.1/armv6-m/crtn.o
 *(.fini)
 .fini          0x08003f80        0x4 c:/program files (x86)/atollic/truestudio for arm 8.0.0/armtools/bin/../lib/gcc/arm-atollic-eabi/6.3.1/armv6-m/crti.o
                0x08003f80                _fini
 .fini          0x08003f84        0x8 c:/program files (x86)/atollic/truestudio for arm 8.0.0/armtools/bin/../lib/gcc/arm-atollic-eabi/6.3.1/armv6-m/crtn.o
                0x08003f8c                . = ALIGN (0x4)
                0x08003f8c                _etext = .

.vfp11_veneer   0x08003f8c        0x0
 .vfp11_veneer  0x08003f8c        0x0 linker stubs

.v4_bx          0x08003f8c        0x0
 .v4_bx         0x08003f8c        0x0 linker stubs

.iplt           0x08003f8c        0x0
 .iplt          0x08003f8c        0x0 c:/program files (x86)/atollic/truestudio for arm 8.0.0/armtools/bin/../lib/gcc/arm-atollic-eabi/6.3.1/armv6-m/crtbegin.o

.rodata         0x08003f8c      0x2b0
                0x08003f8c                . = ALIGN (0x4)
 *(.rodata)
 .rodata        0x08003f8c       0x20 Drivers\STM32F0xx_HAL_Driver\Src\stm32f0xx_hal_rcc.o
 .rodata        0x08003fac       0x40 c:/program files (x86)/atollic/truestudio for arm 8.0.0/armtools/bin/../lib/gcc/arm-atollic-eabi/6.3.1/armv6-m\libgcc.a(mulsf3.o)
 .rodata        0x08003fec       0x40 c:/program files (x86)/atollic/truestudio for arm 8.0.0/armtools/bin/../lib/gcc/arm-atollic-eabi/6.3.1/armv6-m\libgcc.a(muldf3.o)
 *(.rodata*)
 .rodata.CSWTCH.50
                0x0800402c        0x4 Drivers\STM32F0xx_HAL_Driver\Src\stm32f0xx_hal_uart.o
 .rodata.get_current_potentiometer.str1.4
                0x08004030        0x4 Src\dma_comms.o
 .rodata.read_motor_position.str1.4
                0x08004034        0x4 Src\functions.o
                                  0x3 (size before relaxing)
 .rodata.init_variables.str1.1
                0x08004038        0x3 Src\initialize.o
 .rodata.HAL_ADC_MspInit.str1.1
                0x0800403b       0x1b Src\stm32f0xx_hal_msp.o
 .rodata.AHBPrescTable
                0x08004056       0x10 Src\system_stm32f0xx.o
                0x08004056                AHBPrescTable
 .rodata.APBPrescTable
                0x08004066        0x8 Src\system_stm32f0xx.o
                0x08004066                APBPrescTable
 *fill*         0x0800406e        0x2 
 .rodata.uart_request
                0x08004070       0x60 Src\uart_comms.o
 .rodata.user_main.str1.4
                0x080040d0        0x4 Src\user_main.o
 .rodata.str1.1
                0x080040d0       0x2c Src\variables.o
                                 0x2e (size before relaxing)
 .rodata._setlocale_r.str1.1
                0x080040fc        0x8 c:/program files (x86)/atollic/truestudio for arm 8.0.0/armtools/bin/../lib/gcc/arm-atollic-eabi/6.3.1/../../../../arm-atollic-eabi/lib/armv6-m\libc_nano.a(lib_a-locale.o)
                                  0x9 (size before relaxing)
 .rodata.str1.1
                0x08004104        0x2 c:/program files (x86)/atollic/truestudio for arm 8.0.0/armtools/bin/../lib/gcc/arm-atollic-eabi/6.3.1/../../../../arm-atollic-eabi/lib/armv6-m\libc_nano.a(lib_a-locale.o)
 .rodata._svfprintf_r.str1.1
                0x08004106       0x11 c:/program files (x86)/atollic/truestudio for arm 8.0.0/armtools/bin/../lib/gcc/arm-atollic-eabi/6.3.1/../../../../arm-atollic-eabi/lib/armv6-m\libc_nano.a(lib_a-nano-svfprintf.o)
 .rodata._printf_i.str1.1
                0x08004117       0x22 c:/program files (x86)/atollic/truestudio for arm 8.0.0/armtools/bin/../lib/gcc/arm-atollic-eabi/6.3.1/../../../../arm-atollic-eabi/lib/armv6-m\libc_nano.a(lib_a-nano-vfprintf_i.o)
 .rodata._ctype_
                0x08004139      0x101 c:/program files (x86)/atollic/truestudio for arm 8.0.0/armtools/bin/../lib/gcc/arm-atollic-eabi/6.3.1/../../../../arm-atollic-eabi/lib/armv6-m\libc_nano.a(lib_a-ctype_.o)
                0x08004139                _ctype_
                0x0800423c                . = ALIGN (0x4)
 *fill*         0x0800423a        0x2 

.rel.dyn        0x0800423c        0x0
 .rel.iplt      0x0800423c        0x0 c:/program files (x86)/atollic/truestudio for arm 8.0.0/armtools/bin/../lib/gcc/arm-atollic-eabi/6.3.1/armv6-m/crtbegin.o

.ARM.extab
 *(.ARM.extab* .gnu.linkonce.armextab.*)

.ARM            0x0800423c        0x0
                0x0800423c                __exidx_start = .
 *(.ARM.exidx*)
                0x0800423c                __exidx_end = .

.preinit_array  0x0800423c        0x0
                0x0800423c                PROVIDE (__preinit_array_start, .)
 *(.preinit_array*)
                0x0800423c                PROVIDE (__preinit_array_end, .)

.init_array     0x0800423c        0x4
                0x0800423c                PROVIDE (__init_array_start, .)
 *(SORT(.init_array.*))
 *(.init_array*)
 .init_array    0x0800423c        0x4 c:/program files (x86)/atollic/truestudio for arm 8.0.0/armtools/bin/../lib/gcc/arm-atollic-eabi/6.3.1/armv6-m/crtbegin.o
                0x08004240                PROVIDE (__init_array_end, .)

.fini_array     0x08004240        0x4
                [!provide]                PROVIDE (__fini_array_start, .)
 *(SORT(.fini_array.*))
 *(.fini_array*)
 .fini_array    0x08004240        0x4 c:/program files (x86)/atollic/truestudio for arm 8.0.0/armtools/bin/../lib/gcc/arm-atollic-eabi/6.3.1/armv6-m/crtbegin.o
                [!provide]                PROVIDE (__fini_array_end, .)
                0x08004244                _sidata = LOADADDR (.data)

.data           0x20000000      0x1fc load address 0x08004244
                0x20000000                . = ALIGN (0x4)
                0x20000000                _sdata = .
 *(.data)
 *(.data*)
 .data.SystemCoreClock
                0x20000000        0x4 Src\system_stm32f0xx.o
                0x20000000                SystemCoreClock
 .data.acrobat  0x20000004        0x4 Src\variables.o
                0x20000004                acrobat
 .data.comma    0x20000008        0x4 Src\variables.o
                0x20000008                comma
 *fill*         0x2000000c        0x4 
 .data.dir_increment_size
                0x20000010        0x8 Src\variables.o
                0x20000010                dir_increment_size
 .data.dollar   0x20000018        0x4 Src\variables.o
                0x20000018                dollar
 .data.enable_ADC_interrupt
                0x2000001c        0x1 Src\variables.o
                0x2000001c                enable_ADC_interrupt
 .data.enable_encoder_reading
                0x2000001d        0x1 Src\variables.o
                0x2000001d                enable_encoder_reading
 *fill*         0x2000001e        0x2 
 .data.endSymbol
                0x20000020        0x4 Src\variables.o
                0x20000020                endSymbol
 .data.send_data_flag
                0x20000024        0x1 Src\variables.o
                0x20000024                send_data_flag
 *fill*         0x20000025        0x3 
 .data.startval_sampledPotentiometer
                0x20000028        0x4 Src\variables.o
                0x20000028                startval_sampledPotentiometer
 .data._impure_ptr
                0x2000002c        0x4 c:/program files (x86)/atollic/truestudio for arm 8.0.0/armtools/bin/../lib/gcc/arm-atollic-eabi/6.3.1/../../../../arm-atollic-eabi/lib/armv6-m\libc_nano.a(lib_a-impure.o)
                0x2000002c                _impure_ptr
 .data.impure_data
                0x20000030       0x60 c:/program files (x86)/atollic/truestudio for arm 8.0.0/armtools/bin/../lib/gcc/arm-atollic-eabi/6.3.1/../../../../arm-atollic-eabi/lib/armv6-m\libc_nano.a(lib_a-impure.o)
 .data.__global_locale
                0x20000090      0x16c c:/program files (x86)/atollic/truestudio for arm 8.0.0/armtools/bin/../lib/gcc/arm-atollic-eabi/6.3.1/../../../../arm-atollic-eabi/lib/armv6-m\libc_nano.a(lib_a-locale.o)
                0x20000090                __global_locale
                0x200001fc                . = ALIGN (0x4)
                0x200001fc                _edata = .

.igot.plt       0x200001fc        0x0 load address 0x08004440
 .igot.plt      0x200001fc        0x0 c:/program files (x86)/atollic/truestudio for arm 8.0.0/armtools/bin/../lib/gcc/arm-atollic-eabi/6.3.1/armv6-m/crtbegin.o
                0x200001fc                . = ALIGN (0x4)

.bss            0x20000200      0x2d4 load address 0x08004440
                0x20000200                _sbss = .
                0x20000200                __bss_start__ = _sbss
 *(.bss)
 .bss           0x20000200       0x1c c:/program files (x86)/atollic/truestudio for arm 8.0.0/armtools/bin/../lib/gcc/arm-atollic-eabi/6.3.1/armv6-m/crtbegin.o
 *(.bss*)
 .bss.ADC_buffer
                0x2000021c        0x4 Src\variables.o
                0x2000021c                ADC_buffer
 .bss.adc_flag  0x20000220        0x1 Src\variables.o
                0x20000220                adc_flag
 *fill*         0x20000221        0x3 
 .bss.atan_vals
                0x20000224        0x4 Src\variables.o
                0x20000224                atan_vals
 .bss.data_buffer
                0x20000228        0x4 Src\variables.o
                0x20000228                data_buffer
 .bss.data_flag
                0x2000022c        0x1 Src\variables.o
                0x2000022c                data_flag
 .bss.duty_cycle
                0x2000022d        0x1 Src\variables.o
                0x2000022d                duty_cycle
 .bss.enable_data_aquisition
                0x2000022e        0x1 Src\variables.o
                0x2000022e                enable_data_aquisition
 .bss.encoder_flag
                0x2000022f        0x1 Src\variables.o
                0x2000022f                encoder_flag
 .bss.error_step_prev
                0x20000230        0x1 Src\variables.o
                0x20000230                error_step_prev
 .bss.motor_dir
                0x20000231        0x1 Src\variables.o
                0x20000231                motor_dir
 *fill*         0x20000232        0x6 
 .bss.prev_q1   0x20000238        0x8 Src\variables.o
                0x20000238                prev_q1
 .bss.prev_q2   0x20000240        0x8 Src\variables.o
                0x20000240                prev_q2
 .bss.prevprev_q1
                0x20000248        0x8 Src\variables.o
                0x20000248                prevprev_q1
 .bss.prevprev_q2
                0x20000250        0x8 Src\variables.o
                0x20000250                prevprev_q2
 .bss.pwm_flag  0x20000258        0x1 Src\variables.o
                0x20000258                pwm_flag
 *fill*         0x20000259        0x7 
 .bss.q1        0x20000260        0x8 Src\variables.o
                0x20000260                q1
 .bss.q2        0x20000268        0x8 Src\variables.o
                0x20000268                q2
 .bss.q2_steps  0x20000270        0x4 Src\variables.o
                0x20000270                q2_steps
 .bss.rx_buffer
                0x20000274        0x4 Src\variables.o
                0x20000274                rx_buffer
 .bss.rx_buffer_cntr
                0x20000278        0x1 Src\variables.o
                0x20000278                rx_buffer_cntr
 .bss.rx_byte   0x20000279        0x1 Src\variables.o
                0x20000279                rx_byte
 *fill*         0x2000027a        0x2 
 .bss.sampledCurrent
                0x2000027c        0x4 Src\variables.o
                0x2000027c                sampledCurrent
 .bss.sampledPotentiometer
                0x20000280        0x4 Src\variables.o
                0x20000280                sampledPotentiometer
 .bss.scratchpad
                0x20000284        0x4 Src\variables.o
                0x20000284                scratchpad
 .bss.send_q1   0x20000288        0x4 Src\variables.o
                0x20000288                send_q1
 .bss.send_q2   0x2000028c        0x4 Src\variables.o
                0x2000028c                send_q2
 .bss.send_time
                0x20000290        0x4 Src\variables.o
                0x20000290                send_time
 .bss.send_torque
                0x20000294        0x4 Src\variables.o
                0x20000294                send_torque
 .bss.size_data_buffer
                0x20000298        0x4 Src\variables.o
                0x20000298                size_data_buffer
 .bss.size_q1   0x2000029c        0x4 Src\variables.o
                0x2000029c                size_q1
 .bss.size_q2   0x200002a0        0x4 Src\variables.o
                0x200002a0                size_q2
 .bss.size_time
                0x200002a4        0x4 Src\variables.o
                0x200002a4                size_time
 .bss.size_torque
                0x200002a8        0x4 Src\variables.o
                0x200002a8                size_torque
 .bss.start     0x200002ac        0x1 Src\variables.o
                0x200002ac                start
 *fill*         0x200002ad        0x3 
 .bss.time      0x200002b0        0x4 Src\variables.o
                0x200002b0                time
 .bss.torque    0x200002b4        0x1 Src\variables.o
                0x200002b4                torque
 .bss.uart_flag
                0x200002b5        0x1 Src\variables.o
                0x200002b5                uart_flag
 *fill*         0x200002b6        0x2 
 .bss.verification
                0x200002b8        0x4 Src\variables.o
                0x200002b8                verification
 .bss.__malloc_free_list
                0x200002bc        0x4 c:/program files (x86)/atollic/truestudio for arm 8.0.0/armtools/bin/../lib/gcc/arm-atollic-eabi/6.3.1/../../../../arm-atollic-eabi/lib/armv6-m\libc_nano.a(lib_a-nano-mallocr.o)
                0x200002bc                __malloc_free_list
 .bss.__malloc_sbrk_start
                0x200002c0        0x4 c:/program files (x86)/atollic/truestudio for arm 8.0.0/armtools/bin/../lib/gcc/arm-atollic-eabi/6.3.1/../../../../arm-atollic-eabi/lib/armv6-m\libc_nano.a(lib_a-nano-mallocr.o)
                0x200002c0                __malloc_sbrk_start
 .bss.heap_end.4116
                0x200002c4        0x4 c:/program files (x86)/atollic/truestudio for arm 8.0.0/armtools/bin/../lib/gcc/arm-atollic-eabi/6.3.1/../../../../arm-atollic-eabi/lib/armv6-m\libnosys.a(sbrk.o)
 *(COMMON)
 COMMON         0x200002c8        0x4 Drivers\STM32F0xx_HAL_Driver\Src\stm32f0xx_hal.o
                0x200002c8                uwTick
 COMMON         0x200002cc      0x204 Src\main.o
                0x200002cc                htim3
                0x2000030c                hdma_usart1_tx
                0x20000350                huart1
                0x200003c0                htim14
                0x20000400                hdma_adc
                0x20000444                hadc
                0x20000490                htim16
 COMMON         0x200004d0        0x4 c:/program files (x86)/atollic/truestudio for arm 8.0.0/armtools/bin/../lib/gcc/arm-atollic-eabi/6.3.1/../../../../arm-atollic-eabi/lib/armv6-m\libc_nano.a(lib_a-reent.o)
                0x200004d0                errno
                0x200004d4                . = ALIGN (0x4)
                0x200004d4                _ebss = .
                0x200004d4                __bss_end__ = _ebss

._user_heap_stack
                0x200004d4      0x600 load address 0x08004440
                0x200004d4                . = ALIGN (0x4)
                0x200004d4                PROVIDE (end, .)
                [!provide]                PROVIDE (_end, .)
                0x200006d4                . = (. + _Min_Heap_Size)
 *fill*         0x200004d4      0x200 
                0x20000ad4                . = (. + _Min_Stack_Size)
 *fill*         0x200006d4      0x400 
                0x20000ad4                . = ALIGN (0x4)

/DISCARD/
 libc.a(*)
 libm.a(*)
 libgcc.a(*)

.ARM.attributes
                0x00000000       0x28
 *(.ARM.attributes)
 .ARM.attributes
                0x00000000       0x1e c:/program files (x86)/atollic/truestudio for arm 8.0.0/armtools/bin/../lib/gcc/arm-atollic-eabi/6.3.1/armv6-m/crti.o
 .ARM.attributes
                0x0000001e       0x2c c:/program files (x86)/atollic/truestudio for arm 8.0.0/armtools/bin/../lib/gcc/arm-atollic-eabi/6.3.1/armv6-m/crtbegin.o
 .ARM.attributes
                0x0000004a       0x31 Drivers\STM32F0xx_HAL_Driver\Src\stm32f0xx_hal.o
 .ARM.attributes
                0x0000007b       0x31 Drivers\STM32F0xx_HAL_Driver\Src\stm32f0xx_hal_adc.o
 .ARM.attributes
                0x000000ac       0x31 Drivers\STM32F0xx_HAL_Driver\Src\stm32f0xx_hal_adc_ex.o
 .ARM.attributes
                0x000000dd       0x31 Drivers\STM32F0xx_HAL_Driver\Src\stm32f0xx_hal_cortex.o
 .ARM.attributes
                0x0000010e       0x31 Drivers\STM32F0xx_HAL_Driver\Src\stm32f0xx_hal_dma.o
 .ARM.attributes
                0x0000013f       0x31 Drivers\STM32F0xx_HAL_Driver\Src\stm32f0xx_hal_gpio.o
 .ARM.attributes
                0x00000170       0x31 Drivers\STM32F0xx_HAL_Driver\Src\stm32f0xx_hal_rcc.o
 .ARM.attributes
                0x000001a1       0x31 Drivers\STM32F0xx_HAL_Driver\Src\stm32f0xx_hal_rcc_ex.o
 .ARM.attributes
                0x000001d2       0x31 Drivers\STM32F0xx_HAL_Driver\Src\stm32f0xx_hal_tim.o
 .ARM.attributes
                0x00000203       0x31 Drivers\STM32F0xx_HAL_Driver\Src\stm32f0xx_hal_tim_ex.o
 .ARM.attributes
                0x00000234       0x31 Drivers\STM32F0xx_HAL_Driver\Src\stm32f0xx_hal_uart.o
 .ARM.attributes
                0x00000265       0x2d Src\dma_comms.o
 .ARM.attributes
                0x00000292       0x2d Src\functions.o
 .ARM.attributes
                0x000002bf       0x31 Src\initialize.o
 .ARM.attributes
                0x000002f0       0x2d Src\main.o
 .ARM.attributes
                0x0000031d       0x31 Src\stm32f0xx_hal_msp.o
 .ARM.attributes
                0x0000034e       0x31 Src\stm32f0xx_it.o
 .ARM.attributes
                0x0000037f       0x31 Src\system_stm32f0xx.o
 .ARM.attributes
                0x000003b0       0x31 Src\uart_comms.o
 .ARM.attributes
                0x000003e1       0x2d Src\user_main.o
 .ARM.attributes
                0x0000040e       0x31 Src\variables.o
 .ARM.attributes
                0x0000043f       0x21 startup\startup_stm32f030x6.o
 .ARM.attributes
                0x00000460       0x2c c:/program files (x86)/atollic/truestudio for arm 8.0.0/armtools/bin/../lib/gcc/arm-atollic-eabi/6.3.1/../../../../arm-atollic-eabi/lib/armv6-m\libc_nano.a(lib_a-init.o)
 .ARM.attributes
                0x0000048c       0x2c c:/program files (x86)/atollic/truestudio for arm 8.0.0/armtools/bin/../lib/gcc/arm-atollic-eabi/6.3.1/../../../../arm-atollic-eabi/lib/armv6-m\libc_nano.a(lib_a-malloc.o)
 .ARM.attributes
                0x000004b8       0x2c c:/program files (x86)/atollic/truestudio for arm 8.0.0/armtools/bin/../lib/gcc/arm-atollic-eabi/6.3.1/../../../../arm-atollic-eabi/lib/armv6-m\libc_nano.a(lib_a-memcpy-stub.o)
 .ARM.attributes
                0x000004e4       0x2c c:/program files (x86)/atollic/truestudio for arm 8.0.0/armtools/bin/../lib/gcc/arm-atollic-eabi/6.3.1/../../../../arm-atollic-eabi/lib/armv6-m\libc_nano.a(lib_a-memset.o)
 .ARM.attributes
                0x00000510       0x2c c:/program files (x86)/atollic/truestudio for arm 8.0.0/armtools/bin/../lib/gcc/arm-atollic-eabi/6.3.1/../../../../arm-atollic-eabi/lib/armv6-m\libc_nano.a(lib_a-nano-freer.o)
 .ARM.attributes
                0x0000053c       0x2c c:/program files (x86)/atollic/truestudio for arm 8.0.0/armtools/bin/../lib/gcc/arm-atollic-eabi/6.3.1/../../../../arm-atollic-eabi/lib/armv6-m\libc_nano.a(lib_a-nano-mallocr.o)
 .ARM.attributes
                0x00000568       0x2c c:/program files (x86)/atollic/truestudio for arm 8.0.0/armtools/bin/../lib/gcc/arm-atollic-eabi/6.3.1/../../../../arm-atollic-eabi/lib/armv6-m\libc_nano.a(lib_a-sbrkr.o)
 .ARM.attributes
                0x00000594       0x2c c:/program files (x86)/atollic/truestudio for arm 8.0.0/armtools/bin/../lib/gcc/arm-atollic-eabi/6.3.1/../../../../arm-atollic-eabi/lib/armv6-m\libc_nano.a(lib_a-sprintf.o)
 .ARM.attributes
                0x000005c0       0x1c c:/program files (x86)/atollic/truestudio for arm 8.0.0/armtools/bin/../lib/gcc/arm-atollic-eabi/6.3.1/../../../../arm-atollic-eabi/lib/armv6-m\libc_nano.a(lib_a-strlen.o)
 .ARM.attributes
                0x000005dc       0x2c c:/program files (x86)/atollic/truestudio for arm 8.0.0/armtools/bin/../lib/gcc/arm-atollic-eabi/6.3.1/../../../../arm-atollic-eabi/lib/armv6-m\libc_nano.a(lib_a-strtol.o)
 .ARM.attributes
                0x00000608       0x2c c:/program files (x86)/atollic/truestudio for arm 8.0.0/armtools/bin/../lib/gcc/arm-atollic-eabi/6.3.1/../../../../arm-atollic-eabi/lib/armv6-m\libc_nano.a(lib_a-impure.o)
 .ARM.attributes
                0x00000634       0x2c c:/program files (x86)/atollic/truestudio for arm 8.0.0/armtools/bin/../lib/gcc/arm-atollic-eabi/6.3.1/../../../../arm-atollic-eabi/lib/armv6-m\libc_nano.a(lib_a-locale.o)
 .ARM.attributes
                0x00000660       0x2c c:/program files (x86)/atollic/truestudio for arm 8.0.0/armtools/bin/../lib/gcc/arm-atollic-eabi/6.3.1/../../../../arm-atollic-eabi/lib/armv6-m\libc_nano.a(lib_a-mbtowc_r.o)
 .ARM.attributes
                0x0000068c       0x2c c:/program files (x86)/atollic/truestudio for arm 8.0.0/armtools/bin/../lib/gcc/arm-atollic-eabi/6.3.1/../../../../arm-atollic-eabi/lib/armv6-m\libc_nano.a(lib_a-mlock.o)
 .ARM.attributes
                0x000006b8       0x2c c:/program files (x86)/atollic/truestudio for arm 8.0.0/armtools/bin/../lib/gcc/arm-atollic-eabi/6.3.1/../../../../arm-atollic-eabi/lib/armv6-m\libc_nano.a(lib_a-nano-svfprintf.o)
 .ARM.attributes
                0x000006e4       0x2c c:/program files (x86)/atollic/truestudio for arm 8.0.0/armtools/bin/../lib/gcc/arm-atollic-eabi/6.3.1/../../../../arm-atollic-eabi/lib/armv6-m\libc_nano.a(lib_a-nano-vfprintf_i.o)
 .ARM.attributes
                0x00000710       0x2c c:/program files (x86)/atollic/truestudio for arm 8.0.0/armtools/bin/../lib/gcc/arm-atollic-eabi/6.3.1/../../../../arm-atollic-eabi/lib/armv6-m\libc_nano.a(lib_a-reent.o)
 .ARM.attributes
                0x0000073c       0x2c c:/program files (x86)/atollic/truestudio for arm 8.0.0/armtools/bin/../lib/gcc/arm-atollic-eabi/6.3.1/../../../../arm-atollic-eabi/lib/armv6-m\libc_nano.a(lib_a-wctomb_r.o)
 .ARM.attributes
                0x00000768       0x2c c:/program files (x86)/atollic/truestudio for arm 8.0.0/armtools/bin/../lib/gcc/arm-atollic-eabi/6.3.1/../../../../arm-atollic-eabi/lib/armv6-m\libc_nano.a(lib_a-ctype_.o)
 .ARM.attributes
                0x00000794       0x2c c:/program files (x86)/atollic/truestudio for arm 8.0.0/armtools/bin/../lib/gcc/arm-atollic-eabi/6.3.1/../../../../arm-atollic-eabi/lib/armv6-m\libc_nano.a(lib_a-memchr-stub.o)
 .ARM.attributes
                0x000007c0       0x2c c:/program files (x86)/atollic/truestudio for arm 8.0.0/armtools/bin/../lib/gcc/arm-atollic-eabi/6.3.1/../../../../arm-atollic-eabi/lib/armv6-m\libc_nano.a(lib_a-memmove.o)
 .ARM.attributes
                0x000007ec       0x2c c:/program files (x86)/atollic/truestudio for arm 8.0.0/armtools/bin/../lib/gcc/arm-atollic-eabi/6.3.1/../../../../arm-atollic-eabi/lib/armv6-m\libc_nano.a(lib_a-nano-reallocr.o)
 .ARM.attributes
                0x00000818       0x2c c:/program files (x86)/atollic/truestudio for arm 8.0.0/armtools/bin/../lib/gcc/arm-atollic-eabi/6.3.1/../../../../arm-atollic-eabi/lib/armv6-m\libc_nano.a(lib_a-nano-msizer.o)
 .ARM.attributes
                0x00000844       0x1e c:/program files (x86)/atollic/truestudio for arm 8.0.0/armtools/bin/../lib/gcc/arm-atollic-eabi/6.3.1/armv6-m\libgcc.a(_thumb1_case_uqi.o)
 .ARM.attributes
                0x00000862       0x1e c:/program files (x86)/atollic/truestudio for arm 8.0.0/armtools/bin/../lib/gcc/arm-atollic-eabi/6.3.1/armv6-m\libgcc.a(_udivsi3.o)
 .ARM.attributes
                0x00000880       0x1e c:/program files (x86)/atollic/truestudio for arm 8.0.0/armtools/bin/../lib/gcc/arm-atollic-eabi/6.3.1/armv6-m\libgcc.a(_dvmd_tls.o)
 .ARM.attributes
                0x0000089e       0x2c c:/program files (x86)/atollic/truestudio for arm 8.0.0/armtools/bin/../lib/gcc/arm-atollic-eabi/6.3.1/armv6-m\libgcc.a(mulsf3.o)
 .ARM.attributes
                0x000008ca       0x2c c:/program files (x86)/atollic/truestudio for arm 8.0.0/armtools/bin/../lib/gcc/arm-atollic-eabi/6.3.1/armv6-m\libgcc.a(floatsisf.o)
 .ARM.attributes
                0x000008f6       0x2c c:/program files (x86)/atollic/truestudio for arm 8.0.0/armtools/bin/../lib/gcc/arm-atollic-eabi/6.3.1/armv6-m\libgcc.a(muldf3.o)
 .ARM.attributes
                0x00000922       0x2c c:/program files (x86)/atollic/truestudio for arm 8.0.0/armtools/bin/../lib/gcc/arm-atollic-eabi/6.3.1/armv6-m\libgcc.a(floatsidf.o)
 .ARM.attributes
                0x0000094e       0x2c c:/program files (x86)/atollic/truestudio for arm 8.0.0/armtools/bin/../lib/gcc/arm-atollic-eabi/6.3.1/armv6-m\libgcc.a(extendsfdf2.o)
 .ARM.attributes
                0x0000097a       0x1e c:/program files (x86)/atollic/truestudio for arm 8.0.0/armtools/bin/../lib/gcc/arm-atollic-eabi/6.3.1/armv6-m\libgcc.a(_clzsi2.o)
 .ARM.attributes
                0x00000998       0x2c c:/program files (x86)/atollic/truestudio for arm 8.0.0/armtools/bin/../lib/gcc/arm-atollic-eabi/6.3.1/../../../../arm-atollic-eabi/lib/armv6-m\libnosys.a(sbrk.o)
 .ARM.attributes
                0x000009c4       0x1e c:/program files (x86)/atollic/truestudio for arm 8.0.0/armtools/bin/../lib/gcc/arm-atollic-eabi/6.3.1/armv6-m/crtn.o
OUTPUT(acrobat_v4.elf elf32-littlearm)

.debug_info     0x00000000    0x1be7b
 .debug_info    0x00000000      0xe2b Drivers\STM32F0xx_HAL_Driver\Src\stm32f0xx_hal.o
 .debug_info    0x00000e2b     0x1672 Drivers\STM32F0xx_HAL_Driver\Src\stm32f0xx_hal_adc.o
 .debug_info    0x0000249d      0xdad Drivers\STM32F0xx_HAL_Driver\Src\stm32f0xx_hal_adc_ex.o
 .debug_info    0x0000324a      0xfdb Drivers\STM32F0xx_HAL_Driver\Src\stm32f0xx_hal_cortex.o
 .debug_info    0x00004225     0x1018 Drivers\STM32F0xx_HAL_Driver\Src\stm32f0xx_hal_dma.o
 .debug_info    0x0000523d      0xe4c Drivers\STM32F0xx_HAL_Driver\Src\stm32f0xx_hal_gpio.o
 .debug_info    0x00006089     0x1168 Drivers\STM32F0xx_HAL_Driver\Src\stm32f0xx_hal_rcc.o
 .debug_info    0x000071f1      0xbed Drivers\STM32F0xx_HAL_Driver\Src\stm32f0xx_hal_rcc_ex.o
 .debug_info    0x00007dde     0x3bff Drivers\STM32F0xx_HAL_Driver\Src\stm32f0xx_hal_tim.o
 .debug_info    0x0000b9dd     0x1932 Drivers\STM32F0xx_HAL_Driver\Src\stm32f0xx_hal_tim_ex.o
 .debug_info    0x0000d30f     0x2071 Drivers\STM32F0xx_HAL_Driver\Src\stm32f0xx_hal_uart.o
 .debug_info    0x0000f380      0xc62 Src\dma_comms.o
 .debug_info    0x0000ffe2     0x1608 Src\functions.o
 .debug_info    0x000115ea     0x1968 Src\initialize.o
 .debug_info    0x00012f52     0x209d Src\main.o
 .debug_info    0x00014fef     0x199d Src\stm32f0xx_hal_msp.o
 .debug_info    0x0001698c     0x124c Src\stm32f0xx_it.o
 .debug_info    0x00017bd8      0xa67 Src\system_stm32f0xx.o
 .debug_info    0x0001863f     0x16b1 Src\uart_comms.o
 .debug_info    0x00019cf0     0x1205 Src\user_main.o
 .debug_info    0x0001aef5      0xee7 Src\variables.o
 .debug_info    0x0001bddc       0x9f startup\startup_stm32f030x6.o

.debug_abbrev   0x00000000     0x3656
 .debug_abbrev  0x00000000      0x2d1 Drivers\STM32F0xx_HAL_Driver\Src\stm32f0xx_hal.o
 .debug_abbrev  0x000002d1      0x33d Drivers\STM32F0xx_HAL_Driver\Src\stm32f0xx_hal_adc.o
 .debug_abbrev  0x0000060e      0x1d7 Drivers\STM32F0xx_HAL_Driver\Src\stm32f0xx_hal_adc_ex.o
 .debug_abbrev  0x000007e5      0x30a Drivers\STM32F0xx_HAL_Driver\Src\stm32f0xx_hal_cortex.o
 .debug_abbrev  0x00000aef      0x2a3 Drivers\STM32F0xx_HAL_Driver\Src\stm32f0xx_hal_dma.o
 .debug_abbrev  0x00000d92      0x277 Drivers\STM32F0xx_HAL_Driver\Src\stm32f0xx_hal_gpio.o
 .debug_abbrev  0x00001009      0x2ea Drivers\STM32F0xx_HAL_Driver\Src\stm32f0xx_hal_rcc.o
 .debug_abbrev  0x000012f3      0x268 Drivers\STM32F0xx_HAL_Driver\Src\stm32f0xx_hal_rcc_ex.o
 .debug_abbrev  0x0000155b      0x3a5 Drivers\STM32F0xx_HAL_Driver\Src\stm32f0xx_hal_tim.o
 .debug_abbrev  0x00001900      0x30d Drivers\STM32F0xx_HAL_Driver\Src\stm32f0xx_hal_tim_ex.o
 .debug_abbrev  0x00001c0d      0x378 Drivers\STM32F0xx_HAL_Driver\Src\stm32f0xx_hal_uart.o
 .debug_abbrev  0x00001f85      0x1eb Src\dma_comms.o
 .debug_abbrev  0x00002170      0x2d8 Src\functions.o
 .debug_abbrev  0x00002448      0x25e Src\initialize.o
 .debug_abbrev  0x000026a6      0x324 Src\main.o
 .debug_abbrev  0x000029ca      0x267 Src\stm32f0xx_hal_msp.o
 .debug_abbrev  0x00002c31      0x23a Src\stm32f0xx_it.o
 .debug_abbrev  0x00002e6b      0x1ca Src\system_stm32f0xx.o
 .debug_abbrev  0x00003035      0x249 Src\uart_comms.o
 .debug_abbrev  0x0000327e      0x21f Src\user_main.o
 .debug_abbrev  0x0000349d      0x1a7 Src\variables.o
 .debug_abbrev  0x00003644       0x12 startup\startup_stm32f030x6.o

.debug_loc      0x00000000     0x7f3c
 .debug_loc     0x00000000       0x7c Drivers\STM32F0xx_HAL_Driver\Src\stm32f0xx_hal.o
 .debug_loc     0x0000007c      0xaad Drivers\STM32F0xx_HAL_Driver\Src\stm32f0xx_hal_adc.o
 .debug_loc     0x00000b29       0xfb Drivers\STM32F0xx_HAL_Driver\Src\stm32f0xx_hal_adc_ex.o
 .debug_loc     0x00000c24      0x3cc Drivers\STM32F0xx_HAL_Driver\Src\stm32f0xx_hal_cortex.o
 .debug_loc     0x00000ff0      0x7ca Drivers\STM32F0xx_HAL_Driver\Src\stm32f0xx_hal_dma.o
 .debug_loc     0x000017ba      0x307 Drivers\STM32F0xx_HAL_Driver\Src\stm32f0xx_hal_gpio.o
 .debug_loc     0x00001ac1      0x49e Drivers\STM32F0xx_HAL_Driver\Src\stm32f0xx_hal_rcc.o
 .debug_loc     0x00001f5f      0x26f Drivers\STM32F0xx_HAL_Driver\Src\stm32f0xx_hal_rcc_ex.o
 .debug_loc     0x000021ce     0x3b0a Drivers\STM32F0xx_HAL_Driver\Src\stm32f0xx_hal_tim.o
 .debug_loc     0x00005cd8      0xb81 Drivers\STM32F0xx_HAL_Driver\Src\stm32f0xx_hal_tim_ex.o
 .debug_loc     0x00006859     0x1400 Drivers\STM32F0xx_HAL_Driver\Src\stm32f0xx_hal_uart.o
 .debug_loc     0x00007c59       0x21 Src\functions.o
 .debug_loc     0x00007c7a       0x14 Src\initialize.o
 .debug_loc     0x00007c8e      0x187 Src\stm32f0xx_hal_msp.o
 .debug_loc     0x00007e15      0x127 Src\system_stm32f0xx.o

.debug_aranges  0x00000000      0xac8
 .debug_aranges
                0x00000000       0xb0 Drivers\STM32F0xx_HAL_Driver\Src\stm32f0xx_hal.o
 .debug_aranges
                0x000000b0       0xd0 Drivers\STM32F0xx_HAL_Driver\Src\stm32f0xx_hal_adc.o
 .debug_aranges
                0x00000180       0x20 Drivers\STM32F0xx_HAL_Driver\Src\stm32f0xx_hal_adc_ex.o
 .debug_aranges
                0x000001a0       0x78 Drivers\STM32F0xx_HAL_Driver\Src\stm32f0xx_hal_cortex.o
 .debug_aranges
                0x00000218       0x78 Drivers\STM32F0xx_HAL_Driver\Src\stm32f0xx_hal_dma.o
 .debug_aranges
                0x00000290       0x58 Drivers\STM32F0xx_HAL_Driver\Src\stm32f0xx_hal_gpio.o
 .debug_aranges
                0x000002e8       0x80 Drivers\STM32F0xx_HAL_Driver\Src\stm32f0xx_hal_rcc.o
 .debug_aranges
                0x00000368       0x30 Drivers\STM32F0xx_HAL_Driver\Src\stm32f0xx_hal_rcc_ex.o
 .debug_aranges
                0x00000398      0x268 Drivers\STM32F0xx_HAL_Driver\Src\stm32f0xx_hal_tim.o
 .debug_aranges
                0x00000600       0xf0 Drivers\STM32F0xx_HAL_Driver\Src\stm32f0xx_hal_tim_ex.o
 .debug_aranges
                0x000006f0      0x188 Drivers\STM32F0xx_HAL_Driver\Src\stm32f0xx_hal_uart.o
 .debug_aranges
                0x00000878       0x20 Src\dma_comms.o
 .debug_aranges
                0x00000898       0x50 Src\functions.o
 .debug_aranges
                0x000008e8       0x30 Src\initialize.o
 .debug_aranges
                0x00000918       0x30 Src\main.o
 .debug_aranges
                0x00000948       0x68 Src\stm32f0xx_hal_msp.o
 .debug_aranges
                0x000009b0       0x68 Src\stm32f0xx_it.o
 .debug_aranges
                0x00000a18       0x28 Src\system_stm32f0xx.o
 .debug_aranges
                0x00000a40       0x28 Src\uart_comms.o
 .debug_aranges
                0x00000a68       0x20 Src\user_main.o
 .debug_aranges
                0x00000a88       0x18 Src\variables.o
 .debug_aranges
                0x00000aa0       0x28 startup\startup_stm32f030x6.o

.debug_ranges   0x00000000      0xef0
 .debug_ranges  0x00000000       0xa0 Drivers\STM32F0xx_HAL_Driver\Src\stm32f0xx_hal.o
 .debug_ranges  0x000000a0       0xc0 Drivers\STM32F0xx_HAL_Driver\Src\stm32f0xx_hal_adc.o
 .debug_ranges  0x00000160       0x10 Drivers\STM32F0xx_HAL_Driver\Src\stm32f0xx_hal_adc_ex.o
 .debug_ranges  0x00000170      0x120 Drivers\STM32F0xx_HAL_Driver\Src\stm32f0xx_hal_cortex.o
 .debug_ranges  0x00000290       0xe8 Drivers\STM32F0xx_HAL_Driver\Src\stm32f0xx_hal_dma.o
 .debug_ranges  0x00000378       0x70 Drivers\STM32F0xx_HAL_Driver\Src\stm32f0xx_hal_gpio.o
 .debug_ranges  0x000003e8       0xa0 Drivers\STM32F0xx_HAL_Driver\Src\stm32f0xx_hal_rcc.o
 .debug_ranges  0x00000488       0x40 Drivers\STM32F0xx_HAL_Driver\Src\stm32f0xx_hal_rcc_ex.o
 .debug_ranges  0x000004c8      0x470 Drivers\STM32F0xx_HAL_Driver\Src\stm32f0xx_hal_tim.o
 .debug_ranges  0x00000938       0xe0 Drivers\STM32F0xx_HAL_Driver\Src\stm32f0xx_hal_tim_ex.o
 .debug_ranges  0x00000a18      0x1f0 Drivers\STM32F0xx_HAL_Driver\Src\stm32f0xx_hal_uart.o
 .debug_ranges  0x00000c08       0x10 Src\dma_comms.o
 .debug_ranges  0x00000c18       0x40 Src\functions.o
 .debug_ranges  0x00000c58       0x20 Src\initialize.o
 .debug_ranges  0x00000c78       0x98 Src\main.o
 .debug_ranges  0x00000d10      0x128 Src\stm32f0xx_hal_msp.o
 .debug_ranges  0x00000e38       0x58 Src\stm32f0xx_it.o
 .debug_ranges  0x00000e90       0x18 Src\system_stm32f0xx.o
 .debug_ranges  0x00000ea8       0x18 Src\uart_comms.o
 .debug_ranges  0x00000ec0       0x10 Src\user_main.o
 .debug_ranges  0x00000ed0       0x20 startup\startup_stm32f030x6.o

.debug_line     0x00000000     0x7a09
 .debug_line    0x00000000      0x43a Drivers\STM32F0xx_HAL_Driver\Src\stm32f0xx_hal.o
 .debug_line    0x0000043a      0x853 Drivers\STM32F0xx_HAL_Driver\Src\stm32f0xx_hal_adc.o
 .debug_line    0x00000c8d      0x321 Drivers\STM32F0xx_HAL_Driver\Src\stm32f0xx_hal_adc_ex.o
 .debug_line    0x00000fae      0x40d Drivers\STM32F0xx_HAL_Driver\Src\stm32f0xx_hal_cortex.o
 .debug_line    0x000013bb      0x56a Drivers\STM32F0xx_HAL_Driver\Src\stm32f0xx_hal_dma.o
 .debug_line    0x00001925      0x41b Drivers\STM32F0xx_HAL_Driver\Src\stm32f0xx_hal_gpio.o
 .debug_line    0x00001d40      0x61d Drivers\STM32F0xx_HAL_Driver\Src\stm32f0xx_hal_rcc.o
 .debug_line    0x0000235d      0x3ae Drivers\STM32F0xx_HAL_Driver\Src\stm32f0xx_hal_rcc_ex.o
 .debug_line    0x0000270b     0x12f0 Drivers\STM32F0xx_HAL_Driver\Src\stm32f0xx_hal_tim.o
 .debug_line    0x000039fb      0x792 Drivers\STM32F0xx_HAL_Driver\Src\stm32f0xx_hal_tim_ex.o
 .debug_line    0x0000418d      0xd98 Drivers\STM32F0xx_HAL_Driver\Src\stm32f0xx_hal_uart.o
 .debug_line    0x00004f25      0x2a3 Src\dma_comms.o
 .debug_line    0x000051c8      0x7ba Src\functions.o
 .debug_line    0x00005982      0x3e4 Src\initialize.o
 .debug_line    0x00005d66      0x4c8 Src\main.o
 .debug_line    0x0000622e      0x438 Src\stm32f0xx_hal_msp.o
 .debug_line    0x00006666      0x379 Src\stm32f0xx_it.o
 .debug_line    0x000069df      0x257 Src\system_stm32f0xx.o
 .debug_line    0x00006c36      0x795 Src\uart_comms.o
 .debug_line    0x000073cb      0x349 Src\user_main.o
 .debug_line    0x00007714      0x272 Src\variables.o
 .debug_line    0x00007986       0x83 startup\startup_stm32f030x6.o

.debug_str      0x00000000    0x4b666
 .debug_str     0x00000000      0x8ae Drivers\STM32F0xx_HAL_Driver\Src\stm32f0xx_hal.o
                                0xa2f (size before relaxing)
 .debug_str     0x000008ae      0x67b Drivers\STM32F0xx_HAL_Driver\Src\stm32f0xx_hal_adc.o
                                0xd37 (size before relaxing)
 .debug_str     0x00000f29       0x77 Drivers\STM32F0xx_HAL_Driver\Src\stm32f0xx_hal_adc_ex.o
                                0xa1d (size before relaxing)
 .debug_str     0x00000fa0      0x1d0 Drivers\STM32F0xx_HAL_Driver\Src\stm32f0xx_hal_cortex.o
                                0xa37 (size before relaxing)
 .debug_str     0x00001170      0x233 Drivers\STM32F0xx_HAL_Driver\Src\stm32f0xx_hal_dma.o
                                0xaa0 (size before relaxing)
 .debug_str     0x000013a3      0x1b8 Drivers\STM32F0xx_HAL_Driver\Src\stm32f0xx_hal_gpio.o
                                0x891 (size before relaxing)
 .debug_str     0x0000155b      0x2e0 Drivers\STM32F0xx_HAL_Driver\Src\stm32f0xx_hal_rcc.o
                                0xa71 (size before relaxing)
 .debug_str     0x0000183b      0x127 Drivers\STM32F0xx_HAL_Driver\Src\stm32f0xx_hal_rcc_ex.o
                                0x831 (size before relaxing)
 .debug_str     0x00001962      0xf37 Drivers\STM32F0xx_HAL_Driver\Src\stm32f0xx_hal_tim.o
                               0x180c (size before relaxing)
 .debug_str     0x00002899      0x50d Drivers\STM32F0xx_HAL_Driver\Src\stm32f0xx_hal_tim_ex.o
                               0x107e (size before relaxing)
 .debug_str     0x00002da6      0x86d Drivers\STM32F0xx_HAL_Driver\Src\stm32f0xx_hal_uart.o
                               0x11df (size before relaxing)
 .debug_str     0x00003613      0x32b Src\dma_comms.o
                                0x960 (size before relaxing)
 .debug_str     0x0000393e    0x4799b Src\functions.o
                              0x48af6 (size before relaxing)
 .debug_str     0x0004b2d9       0x54 Src\initialize.o
                               0x11f3 (size before relaxing)
 .debug_str     0x0004b32d       0xe2 Src\main.o
                               0x1803 (size before relaxing)
 .debug_str     0x0004b40f       0x2e Src\stm32f0xx_hal_msp.o
                               0x115f (size before relaxing)
 .debug_str     0x0004b43d       0xb7 Src\stm32f0xx_it.o
                                0xde5 (size before relaxing)
 .debug_str     0x0004b4f4       0x5a Src\system_stm32f0xx.o
                                0x6b7 (size before relaxing)
 .debug_str     0x0004b54e       0xf2 Src\uart_comms.o
                              0x48a24 (size before relaxing)
 .debug_str     0x0004b640       0x13 Src\user_main.o
                                0xe39 (size before relaxing)
 .debug_str     0x0004b653       0x13 Src\variables.o
                                0x93b (size before relaxing)

.comment        0x00000000       0x7c
 .comment       0x00000000       0x7c Drivers\STM32F0xx_HAL_Driver\Src\stm32f0xx_hal.o
                                 0x7d (size before relaxing)
 .comment       0x0000007c       0x7d Drivers\STM32F0xx_HAL_Driver\Src\stm32f0xx_hal_adc.o
 .comment       0x0000007c       0x7d Drivers\STM32F0xx_HAL_Driver\Src\stm32f0xx_hal_adc_ex.o
 .comment       0x0000007c       0x7d Drivers\STM32F0xx_HAL_Driver\Src\stm32f0xx_hal_cortex.o
 .comment       0x0000007c       0x7d Drivers\STM32F0xx_HAL_Driver\Src\stm32f0xx_hal_dma.o
 .comment       0x0000007c       0x7d Drivers\STM32F0xx_HAL_Driver\Src\stm32f0xx_hal_gpio.o
 .comment       0x0000007c       0x7d Drivers\STM32F0xx_HAL_Driver\Src\stm32f0xx_hal_rcc.o
 .comment       0x0000007c       0x7d Drivers\STM32F0xx_HAL_Driver\Src\stm32f0xx_hal_rcc_ex.o
 .comment       0x0000007c       0x7d Drivers\STM32F0xx_HAL_Driver\Src\stm32f0xx_hal_tim.o
 .comment       0x0000007c       0x7d Drivers\STM32F0xx_HAL_Driver\Src\stm32f0xx_hal_tim_ex.o
 .comment       0x0000007c       0x7d Drivers\STM32F0xx_HAL_Driver\Src\stm32f0xx_hal_uart.o
 .comment       0x0000007c       0x7d Src\dma_comms.o
 .comment       0x0000007c       0x7d Src\functions.o
 .comment       0x0000007c       0x7d Src\initialize.o
 .comment       0x0000007c       0x7d Src\main.o
 .comment       0x0000007c       0x7d Src\stm32f0xx_hal_msp.o
 .comment       0x0000007c       0x7d Src\stm32f0xx_it.o
 .comment       0x0000007c       0x7d Src\system_stm32f0xx.o
 .comment       0x0000007c       0x7d Src\uart_comms.o
 .comment       0x0000007c       0x7d Src\user_main.o
 .comment       0x0000007c       0x7d Src\variables.o

.debug_frame    0x00000000     0x2598
 .debug_frame   0x00000000      0x178 Drivers\STM32F0xx_HAL_Driver\Src\stm32f0xx_hal.o
 .debug_frame   0x00000178      0x2d0 Drivers\STM32F0xx_HAL_Driver\Src\stm32f0xx_hal_adc.o
 .debug_frame   0x00000448       0x30 Drivers\STM32F0xx_HAL_Driver\Src\stm32f0xx_hal_adc_ex.o
 .debug_frame   0x00000478       0xe4 Drivers\STM32F0xx_HAL_Driver\Src\stm32f0xx_hal_cortex.o
 .debug_frame   0x0000055c      0x154 Drivers\STM32F0xx_HAL_Driver\Src\stm32f0xx_hal_dma.o
 .debug_frame   0x000006b0       0xc0 Drivers\STM32F0xx_HAL_Driver\Src\stm32f0xx_hal_gpio.o
 .debug_frame   0x00000770      0x134 Drivers\STM32F0xx_HAL_Driver\Src\stm32f0xx_hal_rcc.o
 .debug_frame   0x000008a4       0x58 Drivers\STM32F0xx_HAL_Driver\Src\stm32f0xx_hal_rcc_ex.o
 .debug_frame   0x000008fc      0x94c Drivers\STM32F0xx_HAL_Driver\Src\stm32f0xx_hal_tim.o
 .debug_frame   0x00001248      0x388 Drivers\STM32F0xx_HAL_Driver\Src\stm32f0xx_hal_tim_ex.o
 .debug_frame   0x000015d0      0x528 Drivers\STM32F0xx_HAL_Driver\Src\stm32f0xx_hal_uart.o
 .debug_frame   0x00001af8       0x30 Src\dma_comms.o
 .debug_frame   0x00001b28       0xb4 Src\functions.o
 .debug_frame   0x00001bdc       0x54 Src\initialize.o
 .debug_frame   0x00001c30       0x5c Src\main.o
 .debug_frame   0x00001c8c      0x128 Src\stm32f0xx_hal_msp.o
 .debug_frame   0x00001db4      0x110 Src\stm32f0xx_it.o
 .debug_frame   0x00001ec4       0x3c Src\system_stm32f0xx.o
 .debug_frame   0x00001f00       0x58 Src\uart_comms.o
 .debug_frame   0x00001f58       0x2c Src\user_main.o
 .debug_frame   0x00001f84       0x2c c:/program files (x86)/atollic/truestudio for arm 8.0.0/armtools/bin/../lib/gcc/arm-atollic-eabi/6.3.1/../../../../arm-atollic-eabi/lib/armv6-m\libc_nano.a(lib_a-init.o)
 .debug_frame   0x00001fb0       0x40 c:/program files (x86)/atollic/truestudio for arm 8.0.0/armtools/bin/../lib/gcc/arm-atollic-eabi/6.3.1/../../../../arm-atollic-eabi/lib/armv6-m\libc_nano.a(lib_a-malloc.o)
 .debug_frame   0x00001ff0       0x28 c:/program files (x86)/atollic/truestudio for arm 8.0.0/armtools/bin/../lib/gcc/arm-atollic-eabi/6.3.1/../../../../arm-atollic-eabi/lib/armv6-m\libc_nano.a(lib_a-memcpy-stub.o)
 .debug_frame   0x00002018       0x20 c:/program files (x86)/atollic/truestudio for arm 8.0.0/armtools/bin/../lib/gcc/arm-atollic-eabi/6.3.1/../../../../arm-atollic-eabi/lib/armv6-m\libc_nano.a(lib_a-memset.o)
 .debug_frame   0x00002038       0x2c c:/program files (x86)/atollic/truestudio for arm 8.0.0/armtools/bin/../lib/gcc/arm-atollic-eabi/6.3.1/../../../../arm-atollic-eabi/lib/armv6-m\libc_nano.a(lib_a-nano-freer.o)
 .debug_frame   0x00002064       0x2c c:/program files (x86)/atollic/truestudio for arm 8.0.0/armtools/bin/../lib/gcc/arm-atollic-eabi/6.3.1/../../../../arm-atollic-eabi/lib/armv6-m\libc_nano.a(lib_a-nano-mallocr.o)
 .debug_frame   0x00002090       0x2c c:/program files (x86)/atollic/truestudio for arm 8.0.0/armtools/bin/../lib/gcc/arm-atollic-eabi/6.3.1/../../../../arm-atollic-eabi/lib/armv6-m\libc_nano.a(lib_a-sbrkr.o)
 .debug_frame   0x000020bc       0x50 c:/program files (x86)/atollic/truestudio for arm 8.0.0/armtools/bin/../lib/gcc/arm-atollic-eabi/6.3.1/../../../../arm-atollic-eabi/lib/armv6-m\libc_nano.a(lib_a-sprintf.o)
 .debug_frame   0x0000210c       0x88 c:/program files (x86)/atollic/truestudio for arm 8.0.0/armtools/bin/../lib/gcc/arm-atollic-eabi/6.3.1/../../../../arm-atollic-eabi/lib/armv6-m\libc_nano.a(lib_a-strtol.o)
 .debug_frame   0x00002194       0x74 c:/program files (x86)/atollic/truestudio for arm 8.0.0/armtools/bin/../lib/gcc/arm-atollic-eabi/6.3.1/../../../../arm-atollic-eabi/lib/armv6-m\libc_nano.a(lib_a-locale.o)
 .debug_frame   0x00002208       0x44 c:/program files (x86)/atollic/truestudio for arm 8.0.0/armtools/bin/../lib/gcc/arm-atollic-eabi/6.3.1/../../../../arm-atollic-eabi/lib/armv6-m\libc_nano.a(lib_a-mbtowc_r.o)
 .debug_frame   0x0000224c       0x30 c:/program files (x86)/atollic/truestudio for arm 8.0.0/armtools/bin/../lib/gcc/arm-atollic-eabi/6.3.1/../../../../arm-atollic-eabi/lib/armv6-m\libc_nano.a(lib_a-mlock.o)
 .debug_frame   0x0000227c       0x74 c:/program files (x86)/atollic/truestudio for arm 8.0.0/armtools/bin/../lib/gcc/arm-atollic-eabi/6.3.1/../../../../arm-atollic-eabi/lib/armv6-m\libc_nano.a(lib_a-nano-svfprintf.o)
 .debug_frame   0x000022f0       0x54 c:/program files (x86)/atollic/truestudio for arm 8.0.0/armtools/bin/../lib/gcc/arm-atollic-eabi/6.3.1/../../../../arm-atollic-eabi/lib/armv6-m\libc_nano.a(lib_a-nano-vfprintf_i.o)
 .debug_frame   0x00002344       0x48 c:/program files (x86)/atollic/truestudio for arm 8.0.0/armtools/bin/../lib/gcc/arm-atollic-eabi/6.3.1/../../../../arm-atollic-eabi/lib/armv6-m\libc_nano.a(lib_a-reent.o)
 .debug_frame   0x0000238c       0x38 c:/program files (x86)/atollic/truestudio for arm 8.0.0/armtools/bin/../lib/gcc/arm-atollic-eabi/6.3.1/../../../../arm-atollic-eabi/lib/armv6-m\libc_nano.a(lib_a-wctomb_r.o)
 .debug_frame   0x000023c4       0x20 c:/program files (x86)/atollic/truestudio for arm 8.0.0/armtools/bin/../lib/gcc/arm-atollic-eabi/6.3.1/../../../../arm-atollic-eabi/lib/armv6-m\libc_nano.a(lib_a-memchr-stub.o)
 .debug_frame   0x000023e4       0x28 c:/program files (x86)/atollic/truestudio for arm 8.0.0/armtools/bin/../lib/gcc/arm-atollic-eabi/6.3.1/../../../../arm-atollic-eabi/lib/armv6-m\libc_nano.a(lib_a-memmove.o)
 .debug_frame   0x0000240c       0x30 c:/program files (x86)/atollic/truestudio for arm 8.0.0/armtools/bin/../lib/gcc/arm-atollic-eabi/6.3.1/../../../../arm-atollic-eabi/lib/armv6-m\libc_nano.a(lib_a-nano-reallocr.o)
 .debug_frame   0x0000243c       0x20 c:/program files (x86)/atollic/truestudio for arm 8.0.0/armtools/bin/../lib/gcc/arm-atollic-eabi/6.3.1/../../../../arm-atollic-eabi/lib/armv6-m\libc_nano.a(lib_a-nano-msizer.o)
 .debug_frame   0x0000245c       0x20 c:/program files (x86)/atollic/truestudio for arm 8.0.0/armtools/bin/../lib/gcc/arm-atollic-eabi/6.3.1/armv6-m\libgcc.a(_udivsi3.o)
 .debug_frame   0x0000247c       0x3c c:/program files (x86)/atollic/truestudio for arm 8.0.0/armtools/bin/../lib/gcc/arm-atollic-eabi/6.3.1/armv6-m\libgcc.a(mulsf3.o)
 .debug_frame   0x000024b8       0x2c c:/program files (x86)/atollic/truestudio for arm 8.0.0/armtools/bin/../lib/gcc/arm-atollic-eabi/6.3.1/armv6-m\libgcc.a(floatsisf.o)
 .debug_frame   0x000024e4       0x3c c:/program files (x86)/atollic/truestudio for arm 8.0.0/armtools/bin/../lib/gcc/arm-atollic-eabi/6.3.1/armv6-m\libgcc.a(muldf3.o)
 .debug_frame   0x00002520       0x2c c:/program files (x86)/atollic/truestudio for arm 8.0.0/armtools/bin/../lib/gcc/arm-atollic-eabi/6.3.1/armv6-m\libgcc.a(floatsidf.o)
 .debug_frame   0x0000254c       0x2c c:/program files (x86)/atollic/truestudio for arm 8.0.0/armtools/bin/../lib/gcc/arm-atollic-eabi/6.3.1/armv6-m\libgcc.a(extendsfdf2.o)
 .debug_frame   0x00002578       0x20 c:/program files (x86)/atollic/truestudio for arm 8.0.0/armtools/bin/../lib/gcc/arm-atollic-eabi/6.3.1/../../../../arm-atollic-eabi/lib/armv6-m\libnosys.a(sbrk.o)

.debug_macro    0x00000000     0xc562
 .debug_macro   0x00000000      0x38b Src\functions.o
 .debug_macro   0x0000038b      0x8b0 Src\functions.o
 .debug_macro   0x00000c3b       0x22 Src\functions.o
 .debug_macro   0x00000c5d       0x40 Src\functions.o
 .debug_macro   0x00000c9d       0x8d Src\functions.o
 .debug_macro   0x00000d2a       0x3c Src\functions.o
 .debug_macro   0x00000d66       0x9c Src\functions.o
 .debug_macro   0x00000e02      0x174 Src\functions.o
 .debug_macro   0x00000f76       0x57 Src\functions.o
 .debug_macro   0x00000fcd       0x52 Src\functions.o
 .debug_macro   0x0000101f       0x1f Src\functions.o
 .debug_macro   0x0000103e       0x43 Src\functions.o
 .debug_macro   0x00001081       0x20 Src\functions.o
 .debug_macro   0x000010a1      0x1a3 Src\functions.o
 .debug_macro   0x00001244      0x30d Src\functions.o
 .debug_macro   0x00001551       0x10 Src\functions.o
 .debug_macro   0x00001561       0x35 Src\functions.o
 .debug_macro   0x00001596       0x20 Src\functions.o
 .debug_macro   0x000015b6       0x16 Src\functions.o
 .debug_macro   0x000015cc       0x16 Src\functions.o
 .debug_macro   0x000015e2       0x29 Src\functions.o
 .debug_macro   0x0000160b       0x76 Src\functions.o
 .debug_macro   0x00001681       0xb7 Src\functions.o
 .debug_macro   0x00001738       0x2e Src\functions.o
 .debug_macro   0x00001766       0x22 Src\functions.o
 .debug_macro   0x00001788       0xef Src\functions.o
 .debug_macro   0x00001877       0x6a Src\functions.o
 .debug_macro   0x000018e1      0x1df Src\functions.o
 .debug_macro   0x00001ac0       0x34 Src\functions.o
 .debug_macro   0x00001af4       0x26 Src\functions.o
 .debug_macro   0x00001b1a      0x30d Src\functions.o
 .debug_macro   0x00001e27     0x6ed0 Src\functions.o
 .debug_macro   0x00008cf7       0x3c Src\functions.o
 .debug_macro   0x00008d33       0x1c Src\functions.o
 .debug_macro   0x00008d4f       0x10 Src\functions.o
 .debug_macro   0x00008d5f       0x10 Src\functions.o
 .debug_macro   0x00008d6f       0x1c Src\functions.o
 .debug_macro   0x00008d8b       0x52 Src\functions.o
 .debug_macro   0x00008ddd       0x40 Src\functions.o
 .debug_macro   0x00008e1d       0x10 Src\functions.o
 .debug_macro   0x00008e2d       0x40 Src\functions.o
 .debug_macro   0x00008e6d       0xd7 Src\functions.o
 .debug_macro   0x00008f44       0x16 Src\functions.o
 .debug_macro   0x00008f5a      0x161 Src\functions.o
 .debug_macro   0x000090bb       0x49 Src\functions.o
 .debug_macro   0x00009104      0x92f Src\functions.o
 .debug_macro   0x00009a33       0xe5 Src\functions.o
 .debug_macro   0x00009b18      0x13a Src\functions.o
 .debug_macro   0x00009c52       0xb3 Src\functions.o
 .debug_macro   0x00009d05      0x1ed Src\functions.o
 .debug_macro   0x00009ef2       0x34 Src\functions.o
 .debug_macro   0x00009f26       0x43 Src\functions.o
 .debug_macro   0x00009f69       0x28 Src\functions.o
 .debug_macro   0x00009f91      0x33d Src\functions.o
 .debug_macro   0x0000a2ce       0xbc Src\functions.o
 .debug_macro   0x0000a38a       0xb6 Src\functions.o
 .debug_macro   0x0000a440      0x15a Src\functions.o
 .debug_macro   0x0000a59a      0x202 Src\functions.o
 .debug_macro   0x0000a79c       0x61 Src\functions.o
 .debug_macro   0x0000a7fd       0x90 Src\functions.o
 .debug_macro   0x0000a88d       0x4d Src\functions.o
 .debug_macro   0x0000a8da       0x2d Src\functions.o
 .debug_macro   0x0000a907      0x845 Src\functions.o
 .debug_macro   0x0000b14c       0x45 Src\functions.o
 .debug_macro   0x0000b191      0x37c Src\functions.o
 .debug_macro   0x0000b50d      0x156 Src\functions.o
 .debug_macro   0x0000b663       0xea Src\functions.o
 .debug_macro   0x0000b74d      0x1e1 Src\functions.o
 .debug_macro   0x0000b92e      0x390 Src\uart_comms.o
 .debug_macro   0x0000bcbe      0x8a4 Src\uart_comms.o
