functions.c:22:6:HAL_UART_RxCpltCallback	0	static
functions.c:27:6:HAL_GPIO_EXTI_Callback	0	static
functions.c:32:6:HAL_TIM_PeriodElapsedCallback	0	static
functions.c:45:6:HAL_TIM_OC_DelayElapsedCallback	0	static
functions.c:50:6:HAL_TIM_IC_CaptureCallback	0	static
functions.c:54:6:HAL_TIM_PWM_PulseFinishedCallback	0	static
functions.c:58:6:HAL_UART_TxCpltCallback	8	static
functions.c:65:6:read_motor_position	16	static
functions.c:82:6:output_torque	16	static
functions.c:93:6:control_law	64	static
