functions.c:21:6:HAL_UART_RxCpltCallback	0	static
functions.c:26:6:HAL_GPIO_EXTI_Callback	0	static
functions.c:31:6:HAL_TIM_PeriodElapsedCallback	0	static
functions.c:44:6:HAL_TIM_OC_DelayElapsedCallback	0	static
functions.c:49:6:HAL_TIM_IC_CaptureCallback	0	static
functions.c:53:6:HAL_TIM_PWM_PulseFinishedCallback	0	static
functions.c:57:6:HAL_UART_TxCpltCallback	8	static
functions.c:64:6:read_motor_position	16	static
functions.c:84:6:output_torque	16	static
functions.c:95:6:control_law	64	static
