stm32f0xx_it.c:57:6:NMI_Handler	0	static
stm32f0xx_it.c:70:6:HardFault_Handler	0	static
stm32f0xx_it.c:88:6:SVC_Handler	0	static
stm32f0xx_it.c:101:6:PendSV_Handler	0	static
stm32f0xx_it.c:114:6:SysTick_Handler	8	static
stm32f0xx_it.c:136:6:EXTI4_15_IRQHandler	8	static
stm32f0xx_it.c:150:6:DMA1_Channel1_IRQHandler	8	static
stm32f0xx_it.c:164:6:DMA1_Channel2_3_IRQHandler	8	static
stm32f0xx_it.c:178:6:TIM3_IRQHandler	8	static
stm32f0xx_it.c:192:6:TIM14_IRQHandler	8	static
stm32f0xx_it.c:206:6:TIM16_IRQHandler	8	static
stm32f0xx_it.c:220:6:USART1_IRQHandler	8	static
