stm32f0xx_it.c:56:6:NMI_Handler	0	static
stm32f0xx_it.c:69:6:HardFault_Handler	0	static
stm32f0xx_it.c:87:6:SVC_Handler	0	static
stm32f0xx_it.c:100:6:PendSV_Handler	0	static
stm32f0xx_it.c:113:6:SysTick_Handler	8	static
stm32f0xx_it.c:135:6:EXTI4_15_IRQHandler	8	static
stm32f0xx_it.c:149:6:DMA1_Channel1_IRQHandler	8	static
stm32f0xx_it.c:163:6:DMA1_Channel2_3_IRQHandler	8	static
stm32f0xx_it.c:177:6:TIM3_IRQHandler	8	static
stm32f0xx_it.c:191:6:TIM14_IRQHandler	8	static
stm32f0xx_it.c:205:6:USART1_IRQHandler	8	static
