stm32f0xx_hal_msp.c:53:6:HAL_MspInit	16	static
stm32f0xx_hal_msp.c:74:6:HAL_ADC_MspInit	48	static
stm32f0xx_hal_msp.c:119:6:HAL_ADC_MspDeInit	8	static
stm32f0xx_hal_msp.c:145:6:HAL_TIM_PWM_MspInit	16	static
stm32f0xx_hal_msp.c:165:6:HAL_TIM_Base_MspInit	16	static
stm32f0xx_hal_msp.c:199:6:HAL_TIM_MspPostInit	32	static
stm32f0xx_hal_msp.c:226:6:HAL_TIM_PWM_MspDeInit	8	static
stm32f0xx_hal_msp.c:246:6:HAL_TIM_Base_MspDeInit	8	static
stm32f0xx_hal_msp.c:280:6:HAL_UART_MspInit	40	static
stm32f0xx_hal_msp.c:330:6:HAL_UART_MspDeInit	8	static
